-- The C compiler identification is GNU 11.4.0
-- The CXX compiler identification is GNU 11.4.0
-- Detecting C compiler ABI info
-- Detecting C compiler ABI info - done
-- Check for working C compiler: /usr/bin/cc - skipped
-- Detecting C compile features
-- Detecting C compile features - done
-- Detecting CXX compiler ABI info
-- Detecting CXX compiler ABI info - done
-- Check for working CXX compiler: /usr/bin/c++ - skipped
-- Detecting CXX compile features
-- Detecting CXX compile features - done
-- Found ament_cmake: 1.3.14 (/opt/ros/humble/share/ament_cmake/cmake)
-- Found Python3: /usr/bin/python3 (found version "3.10.12") found components: Interpreter 
-- Override CMake install command with custom implementation using symlinks instead of copying resources
-- Found rclcpp: 16.0.19 (/opt/ros/humble/share/rclcpp/cmake)
-- Found rosidl_generator_c: 3.1.9 (/opt/ros/humble/share/rosidl_generator_c/cmake)
-- Found rosidl_adapter: 3.1.9 (/opt/ros/humble/share/rosidl_adapter/cmake)
-- Found rosidl_generator_cpp: 3.1.9 (/opt/ros/humble/share/rosidl_generator_cpp/cmake)
-- Using all available rosidl_typesupport_c: rosidl_typesupport_fastrtps_c;rosidl_typesupport_introspection_c
-- Using all available rosidl_typesupport_cpp: rosidl_typesupport_fastrtps_cpp;rosidl_typesupport_introspection_cpp
-- Found rmw_implementation_cmake: 6.1.3 (/opt/ros/humble/share/rmw_implementation_cmake/cmake)
-- Found rmw_fastrtps_cpp: 6.2.10 (/opt/ros/humble/share/rmw_fastrtps_cpp/cmake)
-- Found OpenSSL: /usr/lib/x86_64-linux-gnu/libcrypto.so (found version "3.0.2")  
-- Found FastRTPS: /opt/ros/humble/include  
-- Using RMW implementation 'rmw_fastrtps_cpp' as default
-- Looking for pthread.h
-- Looking for pthread.h - found
-- Performing Test CMAKE_HAVE_LIBC_PTHREAD
-- Performing Test CMAKE_HAVE_LIBC_PTHREAD - Success
-- Found Threads: TRUE  
-- Found sensor_msgs: 4.9.2 (/opt/ros/humble/share/sensor_msgs/cmake)
-- Found lbot_arm_interfaces: 0.0.0 (/home/fanshihao/Desktop/ICRA2027_TELEOP/arm_teleop/install/lbot_arm_interfaces/share/lbot_arm_interfaces/cmake)
-- Found ament_lint_auto: 0.12.15 (/opt/ros/humble/share/ament_lint_auto/cmake)
-- Added test 'cppcheck' to perform static code analysis on C / C++ code
-- Configured cppcheck include dirs: 
-- Configured cppcheck exclude dirs and/or files: 
-- Added test 'flake8' to check Python code syntax and style conventions
-- Added test 'lint_cmake' to check CMake code style
-- Added test 'pep257' to check Python code against some of the docstring style conventions in PEP 257
-- Added test 'uncrustify' to check C / C++ code style
-- Configured uncrustify additional arguments: 
-- Added test 'xmllint' to check XML markup files
-- Configuring done
-- Generating done
-- Build files have been written to: /home/fanshihao/Desktop/ICRA2027_TELEOP/arm_teleop/build/lbot_teleop
[ 50%] Building CXX object CMakeFiles/teleop_bridge_node.dir/src/teleop_bridge_node.cpp.o
[100%] Linking CXX executable teleop_bridge_node
[100%] Built target teleop_bridge_node
-- Install configuration: ""
-- Execute custom install script
-- Symlinking: /home/fanshihao/Desktop/ICRA2027_TELEOP/arm_teleop/install/lbot_teleop/lib/lbot_teleop/teleop_bridge_node
-- Symlinking: /home/fanshihao/Desktop/ICRA2027_TELEOP/arm_teleop/install/lbot_teleop/share/lbot_teleop/launch/teleop.launch.py
-- Symlinking: /home/fanshihao/Desktop/ICRA2027_TELEOP/arm_teleop/install/lbot_teleop/share/lbot_teleop/config/teleop_config.yaml
-- Symlinking: /home/fanshihao/Desktop/ICRA2027_TELEOP/arm_teleop/install/lbot_teleop/share/ament_index/resource_index/package_run_dependencies/lbot_teleop
-- Symlinking: /home/fanshihao/Desktop/ICRA2027_TELEOP/arm_teleop/install/lbot_teleop/share/ament_index/resource_index/parent_prefix_path/lbot_teleop
-- Symlinking: /home/fanshihao/Desktop/ICRA2027_TELEOP/arm_teleop/install/lbot_teleop/share/lbot_teleop/environment/ament_prefix_path.sh
-- Symlinking: /home/fanshihao/Desktop/ICRA2027_TELEOP/arm_teleop/install/lbot_teleop/share/lbot_teleop/environment/ament_prefix_path.dsv
-- Symlinking: /home/fanshihao/Desktop/ICRA2027_TELEOP/arm_teleop/install/lbot_teleop/share/lbot_teleop/environment/path.sh
-- Symlinking: /home/fanshihao/Desktop/ICRA2027_TELEOP/arm_teleop/install/lbot_teleop/share/lbot_teleop/environment/path.dsv
-- Symlinking: /home/fanshihao/Desktop/ICRA2027_TELEOP/arm_teleop/install/lbot_teleop/share/lbot_teleop/local_setup.bash
-- Symlinking: /home/fanshihao/Desktop/ICRA2027_TELEOP/arm_teleop/install/lbot_teleop/share/lbot_teleop/local_setup.sh
-- Symlinking: /home/fanshihao/Desktop/ICRA2027_TELEOP/arm_teleop/install/lbot_teleop/share/lbot_teleop/local_setup.zsh
-- Symlinking: /home/fanshihao/Desktop/ICRA2027_TELEOP/arm_teleop/install/lbot_teleop/share/lbot_teleop/local_setup.dsv
-- Symlinking: /home/fanshihao/Desktop/ICRA2027_TELEOP/arm_teleop/install/lbot_teleop/share/lbot_teleop/package.dsv
-- Symlinking: /home/fanshihao/Desktop/ICRA2027_TELEOP/arm_teleop/install/lbot_teleop/share/ament_index/resource_index/packages/lbot_teleop
-- Symlinking: /home/fanshihao/Desktop/ICRA2027_TELEOP/arm_teleop/install/lbot_teleop/share/lbot_teleop/cmake/lbot_teleopConfig.cmake
-- Symlinking: /home/fanshihao/Desktop/ICRA2027_TELEOP/arm_teleop/install/lbot_teleop/share/lbot_teleop/cmake/lbot_teleopConfig-version.cmake
-- Symlinking: /home/fanshihao/Desktop/ICRA2027_TELEOP/arm_teleop/install/lbot_teleop/share/lbot_teleop/package.xml
