[0.005s] Invoking command in '/home/fanshihao/Desktop/ICRA2027_TELEOP/arm_teleop/build/linkerta': CMAKE_PREFIX_PATH=/opt/ros/humble CONDA_PROMPT_MODIFIER=(base) /usr/bin/cmake /home/fanshihao/Desktop/ICRA2027_TELEOP/arm_teleop/src/linkerta -DAMENT_CMAKE_SYMLINK_INSTALL=1 -DCMAKE_INSTALL_PREFIX=/home/fanshihao/Desktop/ICRA2027_TELEOP/arm_teleop/install/linkerta
[0.057s] -- The C compiler identification is GNU 11.4.0
[0.111s] -- The CXX compiler identification is GNU 11.4.0
[0.119s] -- Detecting C compiler ABI info
[0.186s] -- Detecting C compiler ABI info - done
[0.196s] -- Check for working C compiler: /usr/bin/cc - skipped
[0.196s] -- Detecting C compile features
[0.197s] -- Detecting C compile features - done
[0.199s] -- Detecting CXX compiler ABI info
[0.278s] -- Detecting CXX compiler ABI info - done
[0.283s] -- Check for working CXX compiler: /usr/bin/c++ - skipped
[0.284s] -- Detecting CXX compile features
[0.284s] -- Detecting CXX compile features - done
[0.285s] -- Found ament_cmake: 1.3.14 (/opt/ros/humble/share/ament_cmake/cmake)
[0.411s] -- Found Python3: /usr/bin/python3 (found version "3.10.12") found components: Interpreter 
[0.466s] -- Override CMake install command with custom implementation using symlinks instead of copying resources
[0.485s] -- Looking for pthread.h
[0.563s] -- Looking for pthread.h - found
[0.563s] -- Performing Test CMAKE_HAVE_LIBC_PTHREAD
[0.639s] -- Performing Test CMAKE_HAVE_LIBC_PTHREAD - Success
[0.640s] -- Found Threads: TRUE  
[0.640s] -- Found rclcpp: 16.0.19 (/opt/ros/humble/share/rclcpp/cmake)
[0.664s] -- Found rosidl_generator_c: 3.1.9 (/opt/ros/humble/share/rosidl_generator_c/cmake)
[0.666s] -- Found rosidl_adapter: 3.1.9 (/opt/ros/humble/share/rosidl_adapter/cmake)
[0.670s] -- Found rosidl_generator_cpp: 3.1.9 (/opt/ros/humble/share/rosidl_generator_cpp/cmake)
[0.686s] -- Using all available rosidl_typesupport_c: rosidl_typesupport_fastrtps_c;rosidl_typesupport_introspection_c
[0.695s] -- Using all available rosidl_typesupport_cpp: rosidl_typesupport_fastrtps_cpp;rosidl_typesupport_introspection_cpp
[0.720s] -- Found rmw_implementation_cmake: 6.1.3 (/opt/ros/humble/share/rmw_implementation_cmake/cmake)
[0.721s] -- Found rmw_fastrtps_cpp: 6.2.10 (/opt/ros/humble/share/rmw_fastrtps_cpp/cmake)
[0.792s] -- Found OpenSSL: /usr/lib/x86_64-linux-gnu/libcrypto.so (found version "3.0.2")  
[0.811s] -- Found FastRTPS: /opt/ros/humble/include  
[0.842s] -- Using RMW implementation 'rmw_fastrtps_cpp' as default
[0.889s] -- Found sensor_msgs: 4.9.2 (/opt/ros/humble/share/sensor_msgs/cmake)
[0.972s] -- Configuring done
[0.979s] -- Generating done
[0.981s] -- Build files have been written to: /home/fanshihao/Desktop/ICRA2027_TELEOP/arm_teleop/build/linkerta
[0.993s] Invoked command in '/home/fanshihao/Desktop/ICRA2027_TELEOP/arm_teleop/build/linkerta' returned '0': CMAKE_PREFIX_PATH=/opt/ros/humble CONDA_PROMPT_MODIFIER=(base) /usr/bin/cmake /home/fanshihao/Desktop/ICRA2027_TELEOP/arm_teleop/src/linkerta -DAMENT_CMAKE_SYMLINK_INSTALL=1 -DCMAKE_INSTALL_PREFIX=/home/fanshihao/Desktop/ICRA2027_TELEOP/arm_teleop/install/linkerta
[0.995s] Invoking command in '/home/fanshihao/Desktop/ICRA2027_TELEOP/arm_teleop/build/linkerta': CMAKE_PREFIX_PATH=/opt/ros/humble CONDA_PROMPT_MODIFIER=(base) /usr/bin/cmake --build /home/fanshihao/Desktop/ICRA2027_TELEOP/arm_teleop/build/linkerta -- -j24 -l24
[1.049s] [ 25%] Building CXX object CMakeFiles/linkerta_node.dir/src/CanBus.cpp.o
[1.050s] [ 50%] Building CXX object CMakeFiles/linkerta_node.dir/src/LinkerArm.cpp.o
[1.051s] [ 75%] Building CXX object CMakeFiles/linkerta_node.dir/src/main_ros2.cpp.o
[5.763s] [100%] Linking CXX executable linkerta_node
[6.017s] [100%] Built target linkerta_node
[6.028s] Invoked command in '/home/fanshihao/Desktop/ICRA2027_TELEOP/arm_teleop/build/linkerta' returned '0': CMAKE_PREFIX_PATH=/opt/ros/humble CONDA_PROMPT_MODIFIER=(base) /usr/bin/cmake --build /home/fanshihao/Desktop/ICRA2027_TELEOP/arm_teleop/build/linkerta -- -j24 -l24
[6.034s] Invoking command in '/home/fanshihao/Desktop/ICRA2027_TELEOP/arm_teleop/build/linkerta': CMAKE_PREFIX_PATH=/opt/ros/humble CONDA_PROMPT_MODIFIER=(base) /usr/bin/cmake --install /home/fanshihao/Desktop/ICRA2027_TELEOP/arm_teleop/build/linkerta
[6.039s] -- Install configuration: ""
[6.039s] -- Execute custom install script
[6.040s] -- Symlinking: /home/fanshihao/Desktop/ICRA2027_TELEOP/arm_teleop/install/linkerta/lib/linkerta/linkerta_node
[6.052s] -- Symlinking: /home/fanshihao/Desktop/ICRA2027_TELEOP/arm_teleop/install/linkerta/share/linkerta/launch/run.launch.py
[6.058s] -- Symlinking: /home/fanshihao/Desktop/ICRA2027_TELEOP/arm_teleop/install/linkerta/share/linkerta/config/lta.yaml
[6.066s] -- Symlinking: /home/fanshihao/Desktop/ICRA2027_TELEOP/arm_teleop/install/linkerta/share/ament_index/resource_index/package_run_dependencies/linkerta
[6.076s] -- Symlinking: /home/fanshihao/Desktop/ICRA2027_TELEOP/arm_teleop/install/linkerta/share/ament_index/resource_index/parent_prefix_path/linkerta
[6.082s] -- Symlinking: /home/fanshihao/Desktop/ICRA2027_TELEOP/arm_teleop/install/linkerta/share/linkerta/environment/ament_prefix_path.sh
[6.088s] -- Symlinking: /home/fanshihao/Desktop/ICRA2027_TELEOP/arm_teleop/install/linkerta/share/linkerta/environment/ament_prefix_path.dsv
[6.101s] -- Symlinking: /home/fanshihao/Desktop/ICRA2027_TELEOP/arm_teleop/install/linkerta/share/linkerta/environment/path.sh
[6.107s] -- Symlinking: /home/fanshihao/Desktop/ICRA2027_TELEOP/arm_teleop/install/linkerta/share/linkerta/environment/path.dsv
[6.117s] -- Symlinking: /home/fanshihao/Desktop/ICRA2027_TELEOP/arm_teleop/install/linkerta/share/linkerta/local_setup.bash
[6.129s] -- Symlinking: /home/fanshihao/Desktop/ICRA2027_TELEOP/arm_teleop/install/linkerta/share/linkerta/local_setup.sh
[6.136s] -- Symlinking: /home/fanshihao/Desktop/ICRA2027_TELEOP/arm_teleop/install/linkerta/share/linkerta/local_setup.zsh
[6.149s] -- Symlinking: /home/fanshihao/Desktop/ICRA2027_TELEOP/arm_teleop/install/linkerta/share/linkerta/local_setup.dsv
[6.156s] -- Symlinking: /home/fanshihao/Desktop/ICRA2027_TELEOP/arm_teleop/install/linkerta/share/linkerta/package.dsv
[6.168s] -- Symlinking: /home/fanshihao/Desktop/ICRA2027_TELEOP/arm_teleop/install/linkerta/share/ament_index/resource_index/packages/linkerta
[6.176s] -- Symlinking: /home/fanshihao/Desktop/ICRA2027_TELEOP/arm_teleop/install/linkerta/share/linkerta/cmake/linkertaConfig.cmake
[6.184s] -- Symlinking: /home/fanshihao/Desktop/ICRA2027_TELEOP/arm_teleop/install/linkerta/share/linkerta/cmake/linkertaConfig-version.cmake
[6.197s] -- Symlinking: /home/fanshihao/Desktop/ICRA2027_TELEOP/arm_teleop/install/linkerta/share/linkerta/package.xml
[6.205s] Invoked command in '/home/fanshihao/Desktop/ICRA2027_TELEOP/arm_teleop/build/linkerta' returned '0': CMAKE_PREFIX_PATH=/opt/ros/humble CONDA_PROMPT_MODIFIER=(base) /usr/bin/cmake --install /home/fanshihao/Desktop/ICRA2027_TELEOP/arm_teleop/build/linkerta
