-- The C compiler identification is GNU 11.4.0
-- The CXX compiler identification is GNU 11.4.0
-- Detecting C compiler ABI info
-- Detecting C compiler ABI info - done
-- Check for working C compiler: /usr/bin/cc - skipped
-- Detecting C compile features
-- Detecting C compile features - done
-- Detecting CXX compiler ABI info
-- Detecting CXX compiler ABI info - done
-- Check for working CXX compiler: /usr/bin/c++ - skipped
-- Detecting CXX compile features
-- Detecting CXX compile features - done
-- Found ament_cmake: 1.3.14 (/opt/ros/humble/share/ament_cmake/cmake)
-- Found Python3: /usr/bin/python3 (found version "3.10.12") found components: Interpreter 
-- Override CMake install command with custom implementation using symlinks instead of copying resources
-- Found rclcpp: 16.0.19 (/opt/ros/humble/share/rclcpp/cmake)
-- Found rosidl_generator_c: 3.1.9 (/opt/ros/humble/share/rosidl_generator_c/cmake)
-- Found rosidl_adapter: 3.1.9 (/opt/ros/humble/share/rosidl_adapter/cmake)
-- Found rosidl_generator_cpp: 3.1.9 (/opt/ros/humble/share/rosidl_generator_cpp/cmake)
-- Using all available rosidl_typesupport_c: rosidl_typesupport_fastrtps_c;rosidl_typesupport_introspection_c
-- Using all available rosidl_typesupport_cpp: rosidl_typesupport_fastrtps_cpp;rosidl_typesupport_introspection_cpp
-- Found rmw_implementation_cmake: 6.1.3 (/opt/ros/humble/share/rmw_implementation_cmake/cmake)
-- Found rmw_fastrtps_cpp: 6.2.10 (/opt/ros/humble/share/rmw_fastrtps_cpp/cmake)
-- Found OpenSSL: /usr/lib/x86_64-linux-gnu/libcrypto.so (found version "3.0.2")  
-- Found FastRTPS: /opt/ros/humble/include  
-- Using RMW implementation 'rmw_fastrtps_cpp' as default
-- Looking for pthread.h
-- Looking for pthread.h - found
-- Performing Test CMAKE_HAVE_LIBC_PTHREAD
-- Performing Test CMAKE_HAVE_LIBC_PTHREAD - Success
-- Found Threads: TRUE  
-- Found std_srvs: 4.9.2 (/opt/ros/humble/share/std_srvs/cmake)
-- Found sensor_msgs: 4.9.2 (/opt/ros/humble/share/sensor_msgs/cmake)
-- Found tf2: 0.25.22 (/opt/ros/humble/share/tf2/cmake)
-- Found tf2_geometry_msgs: 0.25.22 (/opt/ros/humble/share/tf2_geometry_msgs/cmake)
-- Found eigen3_cmake_module: 0.1.1 (/opt/ros/humble/share/eigen3_cmake_module/cmake)
-- Found Eigen3: TRUE (found version "3.4.0") 
-- Ensuring Eigen3 include directory is part of orocos-kdl CMake target
-- Found lbot_arm_interfaces: 0.0.0 (/home/fanshihao/Desktop/ICRA2027_TELEOP/arm_teleop/install/lbot_arm_interfaces/share/lbot_arm_interfaces/cmake)
-- Found ament_lint_auto: 0.12.15 (/opt/ros/humble/share/ament_lint_auto/cmake)
-- Added test 'cppcheck' to perform static code analysis on C / C++ code
-- Configured cppcheck include dirs: /home/fanshihao/Desktop/ICRA2027_TELEOP/arm_teleop/src/lbot_demo/include;/home/fanshihao/Desktop/ICRA2027_TELEOP/arm_teleop/src/lbot_demo/include/lbot_demo
-- Configured cppcheck exclude dirs and/or files: 
-- Added test 'flake8' to check Python code syntax and style conventions
-- Added test 'lint_cmake' to check CMake code style
-- Added test 'pep257' to check Python code against some of the docstring style conventions in PEP 257
-- Added test 'uncrustify' to check C / C++ code style
-- Configured uncrustify additional arguments: 
-- Added test 'xmllint' to check XML markup files
-- Configuring done
-- Generating done
-- Build files have been written to: /home/fanshihao/Desktop/ICRA2027_TELEOP/arm_teleop/build/lbot_demo
[  3%] Building CXX object CMakeFiles/demo_lkls_movel.dir/src/demo_lkls_movel.cpp.o
[  7%] Building CXX object CMakeFiles/demo_lkrs_movejp.dir/src/demo_lkrs_movejp.cpp.o
[ 11%] Building CXX object CMakeFiles/demo_lkrs_movej.dir/src/demo_lkrs_movej.cpp.o
[ 15%] Building CXX object CMakeFiles/demo_lkrs_movel.dir/src/demo_lkrs_movel.cpp.o
[ 23%] Building CXX object CMakeFiles/demo_emergency_enable.dir/src/demo_emergency_enable.cpp.o
[ 23%] Building CXX object CMakeFiles/demo_tool_frame.dir/src/demo_tool_frame.cpp.o
[ 26%] Building CXX object CMakeFiles/demo_joint_bridge.dir/src/demo_joint_bridge.cpp.o
[ 30%] Building CXX object CMakeFiles/demo_ik.dir/src/demo_ik.cpp.o
[ 38%] Building CXX object CMakeFiles/demo_lkls_movej.dir/src/demo_lkls_movej.cpp.o
[ 38%] Building CXX object CMakeFiles/demo_fk.dir/src/demo_fk.cpp.o
[ 42%] Building CXX object CMakeFiles/demo_hand_l10_control.dir/src/demo_hand_l10_control.cpp.o
[ 50%] Building CXX object CMakeFiles/demo_lkls_movejp.dir/src/demo_lkls_movejp.cpp.o
[ 50%] Building CXX object CMakeFiles/demo_hand_l6_control.dir/src/demo_hand_l6_control.cpp.o
[ 53%] Linking CXX executable demo_lkrs_movejp
[ 57%] Linking CXX executable demo_ik
[ 57%] Built target demo_ik
[ 57%] Built target demo_lkrs_movejp
[ 61%] Linking CXX executable demo_fk
[ 65%] Linking CXX executable demo_lkrs_movel
[ 65%] Built target demo_fk
[ 65%] Built target demo_lkrs_movel
[ 69%] Linking CXX executable demo_hand_l6_control
[ 69%] Built target demo_hand_l6_control
[ 73%] Linking CXX executable demo_emergency_enable
[ 73%] Built target demo_emergency_enable
[ 76%] Linking CXX executable demo_lkls_movej
[ 80%] Linking CXX executable demo_lkls_movejp
[ 84%] Linking CXX executable demo_lkrs_movej
[ 84%] Built target demo_lkls_movej
[ 84%] Built target demo_lkls_movejp
[ 84%] Built target demo_lkrs_movej
[ 88%] Linking CXX executable demo_lkls_movel
[ 88%] Built target demo_lkls_movel
[ 92%] Linking CXX executable demo_hand_l10_control
[ 92%] Built target demo_hand_l10_control
[ 96%] Linking CXX executable demo_tool_frame
[ 96%] Built target demo_tool_frame
[100%] Linking CXX executable demo_joint_bridge
[100%] Built target demo_joint_bridge
-- Install configuration: ""
-- Execute custom install script
-- Symlinking: /home/fanshihao/Desktop/ICRA2027_TELEOP/arm_teleop/install/lbot_demo/lib/lbot_demo/demo_lkrs_movel
-- Symlinking: /home/fanshihao/Desktop/ICRA2027_TELEOP/arm_teleop/install/lbot_demo/lib/lbot_demo/demo_lkrs_movej
-- Symlinking: /home/fanshihao/Desktop/ICRA2027_TELEOP/arm_teleop/install/lbot_demo/lib/lbot_demo/demo_lkrs_movejp
-- Symlinking: /home/fanshihao/Desktop/ICRA2027_TELEOP/arm_teleop/install/lbot_demo/lib/lbot_demo/demo_lkls_movel
-- Symlinking: /home/fanshihao/Desktop/ICRA2027_TELEOP/arm_teleop/install/lbot_demo/lib/lbot_demo/demo_lkls_movej
-- Symlinking: /home/fanshihao/Desktop/ICRA2027_TELEOP/arm_teleop/install/lbot_demo/lib/lbot_demo/demo_lkls_movejp
-- Symlinking: /home/fanshihao/Desktop/ICRA2027_TELEOP/arm_teleop/install/lbot_demo/lib/lbot_demo/demo_fk
-- Symlinking: /home/fanshihao/Desktop/ICRA2027_TELEOP/arm_teleop/install/lbot_demo/lib/lbot_demo/demo_ik
-- Symlinking: /home/fanshihao/Desktop/ICRA2027_TELEOP/arm_teleop/install/lbot_demo/lib/lbot_demo/demo_tool_frame
-- Symlinking: /home/fanshihao/Desktop/ICRA2027_TELEOP/arm_teleop/install/lbot_demo/lib/lbot_demo/demo_emergency_enable
-- Symlinking: /home/fanshihao/Desktop/ICRA2027_TELEOP/arm_teleop/install/lbot_demo/lib/lbot_demo/demo_hand_l6_control
-- Symlinking: /home/fanshihao/Desktop/ICRA2027_TELEOP/arm_teleop/install/lbot_demo/lib/lbot_demo/demo_hand_l10_control
-- Symlinking: /home/fanshihao/Desktop/ICRA2027_TELEOP/arm_teleop/install/lbot_demo/lib/lbot_demo/demo_joint_bridge
-- Symlinking: /home/fanshihao/Desktop/ICRA2027_TELEOP/arm_teleop/install/lbot_demo/share/lbot_demo/launch/demo_teleop.launch.py
-- Symlinking: /home/fanshihao/Desktop/ICRA2027_TELEOP/arm_teleop/install/lbot_demo/share/lbot_demo/launch/lbot_start_demo.launch.py
-- Symlinking: /home/fanshihao/Desktop/ICRA2027_TELEOP/arm_teleop/install/lbot_demo/share/ament_index/resource_index/package_run_dependencies/lbot_demo
-- Symlinking: /home/fanshihao/Desktop/ICRA2027_TELEOP/arm_teleop/install/lbot_demo/share/ament_index/resource_index/parent_prefix_path/lbot_demo
-- Symlinking: /home/fanshihao/Desktop/ICRA2027_TELEOP/arm_teleop/install/lbot_demo/share/lbot_demo/environment/ament_prefix_path.sh
-- Symlinking: /home/fanshihao/Desktop/ICRA2027_TELEOP/arm_teleop/install/lbot_demo/share/lbot_demo/environment/ament_prefix_path.dsv
-- Symlinking: /home/fanshihao/Desktop/ICRA2027_TELEOP/arm_teleop/install/lbot_demo/share/lbot_demo/environment/path.sh
-- Symlinking: /home/fanshihao/Desktop/ICRA2027_TELEOP/arm_teleop/install/lbot_demo/share/lbot_demo/environment/path.dsv
-- Symlinking: /home/fanshihao/Desktop/ICRA2027_TELEOP/arm_teleop/install/lbot_demo/share/lbot_demo/local_setup.bash
-- Symlinking: /home/fanshihao/Desktop/ICRA2027_TELEOP/arm_teleop/install/lbot_demo/share/lbot_demo/local_setup.sh
-- Symlinking: /home/fanshihao/Desktop/ICRA2027_TELEOP/arm_teleop/install/lbot_demo/share/lbot_demo/local_setup.zsh
-- Symlinking: /home/fanshihao/Desktop/ICRA2027_TELEOP/arm_teleop/install/lbot_demo/share/lbot_demo/local_setup.dsv
-- Symlinking: /home/fanshihao/Desktop/ICRA2027_TELEOP/arm_teleop/install/lbot_demo/share/lbot_demo/package.dsv
-- Symlinking: /home/fanshihao/Desktop/ICRA2027_TELEOP/arm_teleop/install/lbot_demo/share/ament_index/resource_index/packages/lbot_demo
-- Symlinking: /home/fanshihao/Desktop/ICRA2027_TELEOP/arm_teleop/install/lbot_demo/share/lbot_demo/cmake/lbot_demoConfig.cmake
-- Symlinking: /home/fanshihao/Desktop/ICRA2027_TELEOP/arm_teleop/install/lbot_demo/share/lbot_demo/cmake/lbot_demoConfig-version.cmake
-- Symlinking: /home/fanshihao/Desktop/ICRA2027_TELEOP/arm_teleop/install/lbot_demo/share/lbot_demo/package.xml
