[0.006s] Invoking command in '/home/fanshihao/Desktop/ICRA2027_TELEOP/arm_teleop/build/lbot_demo': AMENT_PREFIX_PATH=/home/fanshihao/Desktop/ICRA2027_TELEOP/arm_teleop/install/lbot_arm_interfaces:${AMENT_PREFIX_PATH} CMAKE_PREFIX_PATH=/home/fanshihao/Desktop/ICRA2027_TELEOP/arm_teleop/install/lbot_arm_interfaces:/opt/ros/humble CONDA_PROMPT_MODIFIER=(base) LD_LIBRARY_PATH=/home/fanshihao/Desktop/ICRA2027_TELEOP/arm_teleop/install/lbot_arm_interfaces/lib:/opt/ros/humble/lib/x86_64-linux-gnu:/opt/ros/humble/lib:/usr/local/cuda/lib64 PYTHONPATH=/home/fanshihao/Desktop/ICRA2027_TELEOP/arm_teleop/install/lbot_arm_interfaces/local/lib/python3.10/dist-packages:${PYTHONPATH} /usr/bin/cmake /home/fanshihao/Desktop/ICRA2027_TELEOP/arm_teleop/src/lbot_demo -DAMENT_CMAKE_SYMLINK_INSTALL=1 -DCMAKE_INSTALL_PREFIX=/home/fanshihao/Desktop/ICRA2027_TELEOP/arm_teleop/install/lbot_demo
[0.063s] -- The C compiler identification is GNU 11.4.0
[0.117s] -- The CXX compiler identification is GNU 11.4.0
[0.122s] -- Detecting C compiler ABI info
[0.195s] -- Detecting C compiler ABI info - done
[0.199s] -- Check for working C compiler: /usr/bin/cc - skipped
[0.200s] -- Detecting C compile features
[0.200s] -- Detecting C compile features - done
[0.202s] -- Detecting CXX compiler ABI info
[0.282s] -- Detecting CXX compiler ABI info - done
[0.287s] -- Check for working CXX compiler: /usr/bin/c++ - skipped
[0.288s] -- Detecting CXX compile features
[0.288s] -- Detecting CXX compile features - done
[0.289s] -- Found ament_cmake: 1.3.14 (/opt/ros/humble/share/ament_cmake/cmake)
[0.416s] -- Found Python3: /usr/bin/python3 (found version "3.10.12") found components: Interpreter 
[0.471s] -- Override CMake install command with custom implementation using symlinks instead of copying resources
[0.486s] -- Found rclcpp: 16.0.19 (/opt/ros/humble/share/rclcpp/cmake)
[0.508s] -- Found rosidl_generator_c: 3.1.9 (/opt/ros/humble/share/rosidl_generator_c/cmake)
[0.511s] -- Found rosidl_adapter: 3.1.9 (/opt/ros/humble/share/rosidl_adapter/cmake)
[0.518s] -- Found rosidl_generator_cpp: 3.1.9 (/opt/ros/humble/share/rosidl_generator_cpp/cmake)
[0.525s] -- Using all available rosidl_typesupport_c: rosidl_typesupport_fastrtps_c;rosidl_typesupport_introspection_c
[0.535s] -- Using all available rosidl_typesupport_cpp: rosidl_typesupport_fastrtps_cpp;rosidl_typesupport_introspection_cpp
[0.564s] -- Found rmw_implementation_cmake: 6.1.3 (/opt/ros/humble/share/rmw_implementation_cmake/cmake)
[0.565s] -- Found rmw_fastrtps_cpp: 6.2.10 (/opt/ros/humble/share/rmw_fastrtps_cpp/cmake)
[0.637s] -- Found OpenSSL: /usr/lib/x86_64-linux-gnu/libcrypto.so (found version "3.0.2")  
[0.653s] -- Found FastRTPS: /opt/ros/humble/include  
[0.686s] -- Using RMW implementation 'rmw_fastrtps_cpp' as default
[0.691s] -- Looking for pthread.h
[0.767s] -- Looking for pthread.h - found
[0.768s] -- Performing Test CMAKE_HAVE_LIBC_PTHREAD
[0.846s] -- Performing Test CMAKE_HAVE_LIBC_PTHREAD - Success
[0.848s] -- Found Threads: TRUE  
[0.888s] -- Found std_srvs: 4.9.2 (/opt/ros/humble/share/std_srvs/cmake)
[0.902s] -- Found sensor_msgs: 4.9.2 (/opt/ros/humble/share/sensor_msgs/cmake)
[0.925s] -- Found tf2: 0.25.22 (/opt/ros/humble/share/tf2/cmake)
[0.931s] -- Found tf2_geometry_msgs: 0.25.22 (/opt/ros/humble/share/tf2_geometry_msgs/cmake)
[0.943s] -- Found eigen3_cmake_module: 0.1.1 (/opt/ros/humble/share/eigen3_cmake_module/cmake)
[0.944s] -- Found Eigen3: TRUE (found version "3.4.0") 
[0.944s] -- Ensuring Eigen3 include directory is part of orocos-kdl CMake target
[1.029s] -- Found lbot_arm_interfaces: 0.0.0 (/home/fanshihao/Desktop/ICRA2027_TELEOP/arm_teleop/install/lbot_arm_interfaces/share/lbot_arm_interfaces/cmake)
[1.044s] -- Found ament_lint_auto: 0.12.15 (/opt/ros/humble/share/ament_lint_auto/cmake)
[1.114s] -- Added test 'cppcheck' to perform static code analysis on C / C++ code
[1.115s] -- Configured cppcheck include dirs: /home/fanshihao/Desktop/ICRA2027_TELEOP/arm_teleop/src/lbot_demo/include;/home/fanshihao/Desktop/ICRA2027_TELEOP/arm_teleop/src/lbot_demo/include/lbot_demo
[1.115s] -- Configured cppcheck exclude dirs and/or files: 
[1.115s] -- Added test 'flake8' to check Python code syntax and style conventions
[1.116s] -- Added test 'lint_cmake' to check CMake code style
[1.116s] -- Added test 'pep257' to check Python code against some of the docstring style conventions in PEP 257
[1.117s] -- Added test 'uncrustify' to check C / C++ code style
[1.117s] -- Configured uncrustify additional arguments: 
[1.117s] -- Added test 'xmllint' to check XML markup files
[1.118s] -- Configuring done
[1.154s] -- Generating done
[1.171s] -- Build files have been written to: /home/fanshihao/Desktop/ICRA2027_TELEOP/arm_teleop/build/lbot_demo
[1.177s] Invoked command in '/home/fanshihao/Desktop/ICRA2027_TELEOP/arm_teleop/build/lbot_demo' returned '0': AMENT_PREFIX_PATH=/home/fanshihao/Desktop/ICRA2027_TELEOP/arm_teleop/install/lbot_arm_interfaces:${AMENT_PREFIX_PATH} CMAKE_PREFIX_PATH=/home/fanshihao/Desktop/ICRA2027_TELEOP/arm_teleop/install/lbot_arm_interfaces:/opt/ros/humble CONDA_PROMPT_MODIFIER=(base) LD_LIBRARY_PATH=/home/fanshihao/Desktop/ICRA2027_TELEOP/arm_teleop/install/lbot_arm_interfaces/lib:/opt/ros/humble/lib/x86_64-linux-gnu:/opt/ros/humble/lib:/usr/local/cuda/lib64 PYTHONPATH=/home/fanshihao/Desktop/ICRA2027_TELEOP/arm_teleop/install/lbot_arm_interfaces/local/lib/python3.10/dist-packages:${PYTHONPATH} /usr/bin/cmake /home/fanshihao/Desktop/ICRA2027_TELEOP/arm_teleop/src/lbot_demo -DAMENT_CMAKE_SYMLINK_INSTALL=1 -DCMAKE_INSTALL_PREFIX=/home/fanshihao/Desktop/ICRA2027_TELEOP/arm_teleop/install/lbot_demo
[1.178s] Invoking command in '/home/fanshihao/Desktop/ICRA2027_TELEOP/arm_teleop/build/lbot_demo': AMENT_PREFIX_PATH=/home/fanshihao/Desktop/ICRA2027_TELEOP/arm_teleop/install/lbot_arm_interfaces:${AMENT_PREFIX_PATH} CMAKE_PREFIX_PATH=/home/fanshihao/Desktop/ICRA2027_TELEOP/arm_teleop/install/lbot_arm_interfaces:/opt/ros/humble CONDA_PROMPT_MODIFIER=(base) LD_LIBRARY_PATH=/home/fanshihao/Desktop/ICRA2027_TELEOP/arm_teleop/install/lbot_arm_interfaces/lib:/opt/ros/humble/lib/x86_64-linux-gnu:/opt/ros/humble/lib:/usr/local/cuda/lib64 PYTHONPATH=/home/fanshihao/Desktop/ICRA2027_TELEOP/arm_teleop/install/lbot_arm_interfaces/local/lib/python3.10/dist-packages:${PYTHONPATH} /usr/bin/cmake --build /home/fanshihao/Desktop/ICRA2027_TELEOP/arm_teleop/build/lbot_demo -- -j24 -l24
[1.234s] [  3%] Building CXX object CMakeFiles/demo_lkls_movel.dir/src/demo_lkls_movel.cpp.o
[1.234s] [  7%] Building CXX object CMakeFiles/demo_lkrs_movejp.dir/src/demo_lkrs_movejp.cpp.o
[1.234s] [ 11%] Building CXX object CMakeFiles/demo_lkrs_movej.dir/src/demo_lkrs_movej.cpp.o
[1.234s] [ 15%] Building CXX object CMakeFiles/demo_lkrs_movel.dir/src/demo_lkrs_movel.cpp.o
[1.235s] [ 23%] Building CXX object CMakeFiles/demo_emergency_enable.dir/src/demo_emergency_enable.cpp.o
[1.235s] [ 23%] Building CXX object CMakeFiles/demo_tool_frame.dir/src/demo_tool_frame.cpp.o
[1.236s] [ 26%] Building CXX object CMakeFiles/demo_joint_bridge.dir/src/demo_joint_bridge.cpp.o
[1.238s] [ 30%] Building CXX object CMakeFiles/demo_ik.dir/src/demo_ik.cpp.o
[1.239s] [ 38%] Building CXX object CMakeFiles/demo_lkls_movej.dir/src/demo_lkls_movej.cpp.o
[1.239s] [ 38%] Building CXX object CMakeFiles/demo_fk.dir/src/demo_fk.cpp.o
[1.240s] [ 42%] Building CXX object CMakeFiles/demo_hand_l10_control.dir/src/demo_hand_l10_control.cpp.o
[1.242s] [ 50%] Building CXX object CMakeFiles/demo_lkls_movejp.dir/src/demo_lkls_movejp.cpp.o
[1.242s] [ 50%] Building CXX object CMakeFiles/demo_hand_l6_control.dir/src/demo_hand_l6_control.cpp.o
[4.765s] [ 53%] Linking CXX executable demo_lkrs_movejp
[4.831s] [ 57%] Linking CXX executable demo_ik
[4.990s] [ 57%] Built target demo_ik
[5.006s] [ 57%] Built target demo_lkrs_movejp
[5.055s] [ 61%] Linking CXX executable demo_fk
[5.204s] [ 65%] Linking CXX executable demo_lkrs_movel
[5.215s] [ 65%] Built target demo_fk
[5.390s] [ 65%] Built target demo_lkrs_movel
[5.398s] [ 69%] Linking CXX executable demo_hand_l6_control
[5.611s] [ 69%] Built target demo_hand_l6_control
[5.700s] [ 73%] Linking CXX executable demo_emergency_enable
[5.901s] [ 73%] Built target demo_emergency_enable
[6.020s] [ 76%] Linking CXX executable demo_lkls_movej
[6.099s] [ 80%] Linking CXX executable demo_lkls_movejp
[6.155s] [ 84%] Linking CXX executable demo_lkrs_movej
[6.188s] [ 84%] Built target demo_lkls_movej
[6.269s] [ 84%] Built target demo_lkls_movejp
[6.324s] [ 84%] Built target demo_lkrs_movej
[6.634s] [ 88%] Linking CXX executable demo_lkls_movel
[6.822s] [ 88%] Built target demo_lkls_movel
[6.831s] [ 92%] Linking CXX executable demo_hand_l10_control
[7.016s] [ 92%] Built target demo_hand_l10_control
[8.537s] [ 96%] Linking CXX executable demo_tool_frame
[8.822s] [ 96%] Built target demo_tool_frame
[10.236s] [100%] Linking CXX executable demo_joint_bridge
[10.623s] [100%] Built target demo_joint_bridge
[10.632s] Invoked command in '/home/fanshihao/Desktop/ICRA2027_TELEOP/arm_teleop/build/lbot_demo' returned '0': AMENT_PREFIX_PATH=/home/fanshihao/Desktop/ICRA2027_TELEOP/arm_teleop/install/lbot_arm_interfaces:${AMENT_PREFIX_PATH} CMAKE_PREFIX_PATH=/home/fanshihao/Desktop/ICRA2027_TELEOP/arm_teleop/install/lbot_arm_interfaces:/opt/ros/humble CONDA_PROMPT_MODIFIER=(base) LD_LIBRARY_PATH=/home/fanshihao/Desktop/ICRA2027_TELEOP/arm_teleop/install/lbot_arm_interfaces/lib:/opt/ros/humble/lib/x86_64-linux-gnu:/opt/ros/humble/lib:/usr/local/cuda/lib64 PYTHONPATH=/home/fanshihao/Desktop/ICRA2027_TELEOP/arm_teleop/install/lbot_arm_interfaces/local/lib/python3.10/dist-packages:${PYTHONPATH} /usr/bin/cmake --build /home/fanshihao/Desktop/ICRA2027_TELEOP/arm_teleop/build/lbot_demo -- -j24 -l24
[10.637s] Invoking command in '/home/fanshihao/Desktop/ICRA2027_TELEOP/arm_teleop/build/lbot_demo': AMENT_PREFIX_PATH=/home/fanshihao/Desktop/ICRA2027_TELEOP/arm_teleop/install/lbot_arm_interfaces:${AMENT_PREFIX_PATH} CMAKE_PREFIX_PATH=/home/fanshihao/Desktop/ICRA2027_TELEOP/arm_teleop/install/lbot_arm_interfaces:/opt/ros/humble CONDA_PROMPT_MODIFIER=(base) LD_LIBRARY_PATH=/home/fanshihao/Desktop/ICRA2027_TELEOP/arm_teleop/install/lbot_arm_interfaces/lib:/opt/ros/humble/lib/x86_64-linux-gnu:/opt/ros/humble/lib:/usr/local/cuda/lib64 PYTHONPATH=/home/fanshihao/Desktop/ICRA2027_TELEOP/arm_teleop/install/lbot_arm_interfaces/local/lib/python3.10/dist-packages:${PYTHONPATH} /usr/bin/cmake --install /home/fanshihao/Desktop/ICRA2027_TELEOP/arm_teleop/build/lbot_demo
[10.647s] -- Install configuration: ""
[10.648s] -- Execute custom install script
[10.648s] -- Symlinking: /home/fanshihao/Desktop/ICRA2027_TELEOP/arm_teleop/install/lbot_demo/lib/lbot_demo/demo_lkrs_movel
[10.661s] -- Symlinking: /home/fanshihao/Desktop/ICRA2027_TELEOP/arm_teleop/install/lbot_demo/lib/lbot_demo/demo_lkrs_movej
[10.667s] -- Symlinking: /home/fanshihao/Desktop/ICRA2027_TELEOP/arm_teleop/install/lbot_demo/lib/lbot_demo/demo_lkrs_movejp
[10.675s] -- Symlinking: /home/fanshihao/Desktop/ICRA2027_TELEOP/arm_teleop/install/lbot_demo/lib/lbot_demo/demo_lkls_movel
[10.687s] -- Symlinking: /home/fanshihao/Desktop/ICRA2027_TELEOP/arm_teleop/install/lbot_demo/lib/lbot_demo/demo_lkls_movej
[10.694s] -- Symlinking: /home/fanshihao/Desktop/ICRA2027_TELEOP/arm_teleop/install/lbot_demo/lib/lbot_demo/demo_lkls_movejp
[10.707s] -- Symlinking: /home/fanshihao/Desktop/ICRA2027_TELEOP/arm_teleop/install/lbot_demo/lib/lbot_demo/demo_fk
[10.714s] -- Symlinking: /home/fanshihao/Desktop/ICRA2027_TELEOP/arm_teleop/install/lbot_demo/lib/lbot_demo/demo_ik
[10.723s] -- Symlinking: /home/fanshihao/Desktop/ICRA2027_TELEOP/arm_teleop/install/lbot_demo/lib/lbot_demo/demo_tool_frame
[10.734s] -- Symlinking: /home/fanshihao/Desktop/ICRA2027_TELEOP/arm_teleop/install/lbot_demo/lib/lbot_demo/demo_emergency_enable
[10.740s] -- Symlinking: /home/fanshihao/Desktop/ICRA2027_TELEOP/arm_teleop/install/lbot_demo/lib/lbot_demo/demo_hand_l6_control
[10.747s] -- Symlinking: /home/fanshihao/Desktop/ICRA2027_TELEOP/arm_teleop/install/lbot_demo/lib/lbot_demo/demo_hand_l10_control
[10.759s] -- Symlinking: /home/fanshihao/Desktop/ICRA2027_TELEOP/arm_teleop/install/lbot_demo/lib/lbot_demo/demo_joint_bridge
[10.765s] -- Symlinking: /home/fanshihao/Desktop/ICRA2027_TELEOP/arm_teleop/install/lbot_demo/share/lbot_demo/launch/demo_teleop.launch.py
[10.775s] -- Symlinking: /home/fanshihao/Desktop/ICRA2027_TELEOP/arm_teleop/install/lbot_demo/share/lbot_demo/launch/lbot_start_demo.launch.py
[10.784s] -- Symlinking: /home/fanshihao/Desktop/ICRA2027_TELEOP/arm_teleop/install/lbot_demo/share/ament_index/resource_index/package_run_dependencies/lbot_demo
[10.792s] -- Symlinking: /home/fanshihao/Desktop/ICRA2027_TELEOP/arm_teleop/install/lbot_demo/share/ament_index/resource_index/parent_prefix_path/lbot_demo
[10.805s] -- Symlinking: /home/fanshihao/Desktop/ICRA2027_TELEOP/arm_teleop/install/lbot_demo/share/lbot_demo/environment/ament_prefix_path.sh
[10.812s] -- Symlinking: /home/fanshihao/Desktop/ICRA2027_TELEOP/arm_teleop/install/lbot_demo/share/lbot_demo/environment/ament_prefix_path.dsv
[10.820s] -- Symlinking: /home/fanshihao/Desktop/ICRA2027_TELEOP/arm_teleop/install/lbot_demo/share/lbot_demo/environment/path.sh
[10.832s] -- Symlinking: /home/fanshihao/Desktop/ICRA2027_TELEOP/arm_teleop/install/lbot_demo/share/lbot_demo/environment/path.dsv
[10.838s] -- Symlinking: /home/fanshihao/Desktop/ICRA2027_TELEOP/arm_teleop/install/lbot_demo/share/lbot_demo/local_setup.bash
[10.844s] -- Symlinking: /home/fanshihao/Desktop/ICRA2027_TELEOP/arm_teleop/install/lbot_demo/share/lbot_demo/local_setup.sh
[10.856s] -- Symlinking: /home/fanshihao/Desktop/ICRA2027_TELEOP/arm_teleop/install/lbot_demo/share/lbot_demo/local_setup.zsh
[10.867s] -- Symlinking: /home/fanshihao/Desktop/ICRA2027_TELEOP/arm_teleop/install/lbot_demo/share/lbot_demo/local_setup.dsv
[10.872s] -- Symlinking: /home/fanshihao/Desktop/ICRA2027_TELEOP/arm_teleop/install/lbot_demo/share/lbot_demo/package.dsv
[10.878s] -- Symlinking: /home/fanshihao/Desktop/ICRA2027_TELEOP/arm_teleop/install/lbot_demo/share/ament_index/resource_index/packages/lbot_demo
[10.887s] -- Symlinking: /home/fanshihao/Desktop/ICRA2027_TELEOP/arm_teleop/install/lbot_demo/share/lbot_demo/cmake/lbot_demoConfig.cmake
[10.899s] -- Symlinking: /home/fanshihao/Desktop/ICRA2027_TELEOP/arm_teleop/install/lbot_demo/share/lbot_demo/cmake/lbot_demoConfig-version.cmake
[10.908s] -- Symlinking: /home/fanshihao/Desktop/ICRA2027_TELEOP/arm_teleop/install/lbot_demo/share/lbot_demo/package.xml
[10.920s] Invoked command in '/home/fanshihao/Desktop/ICRA2027_TELEOP/arm_teleop/build/lbot_demo' returned '0': AMENT_PREFIX_PATH=/home/fanshihao/Desktop/ICRA2027_TELEOP/arm_teleop/install/lbot_arm_interfaces:${AMENT_PREFIX_PATH} CMAKE_PREFIX_PATH=/home/fanshihao/Desktop/ICRA2027_TELEOP/arm_teleop/install/lbot_arm_interfaces:/opt/ros/humble CONDA_PROMPT_MODIFIER=(base) LD_LIBRARY_PATH=/home/fanshihao/Desktop/ICRA2027_TELEOP/arm_teleop/install/lbot_arm_interfaces/lib:/opt/ros/humble/lib/x86_64-linux-gnu:/opt/ros/humble/lib:/usr/local/cuda/lib64 PYTHONPATH=/home/fanshihao/Desktop/ICRA2027_TELEOP/arm_teleop/install/lbot_arm_interfaces/local/lib/python3.10/dist-packages:${PYTHONPATH} /usr/bin/cmake --install /home/fanshihao/Desktop/ICRA2027_TELEOP/arm_teleop/build/lbot_demo
