[0.006s] Invoking command in '/home/fanshihao/Desktop/ICRA2027_TELEOP/arm_teleop/build/lbot_driver': AMENT_PREFIX_PATH=/home/fanshihao/Desktop/ICRA2027_TELEOP/arm_teleop/install/lbot_arm_interfaces:${AMENT_PREFIX_PATH} CMAKE_PREFIX_PATH=/home/fanshihao/Desktop/ICRA2027_TELEOP/arm_teleop/install/lbot_arm_interfaces:/opt/ros/humble CONDA_PROMPT_MODIFIER=(base) LD_LIBRARY_PATH=/home/fanshihao/Desktop/ICRA2027_TELEOP/arm_teleop/install/lbot_arm_interfaces/lib:/opt/ros/humble/lib/x86_64-linux-gnu:/opt/ros/humble/lib:/usr/local/cuda/lib64 PYTHONPATH=/home/fanshihao/Desktop/ICRA2027_TELEOP/arm_teleop/install/lbot_arm_interfaces/local/lib/python3.10/dist-packages:${PYTHONPATH} /usr/bin/cmake /home/fanshihao/Desktop/ICRA2027_TELEOP/arm_teleop/src/lbot_driver -DAMENT_CMAKE_SYMLINK_INSTALL=1 -DCMAKE_INSTALL_PREFIX=/home/fanshihao/Desktop/ICRA2027_TELEOP/arm_teleop/install/lbot_driver
[0.060s] -- The C compiler identification is GNU 11.4.0
[0.116s] -- The CXX compiler identification is GNU 11.4.0
[0.121s] -- Detecting C compiler ABI info
[0.193s] -- Detecting C compiler ABI info - done
[0.200s] -- Check for working C compiler: /usr/bin/cc - skipped
[0.200s] -- Detecting C compile features
[0.201s] -- Detecting C compile features - done
[0.210s] -- Detecting CXX compiler ABI info
[0.290s] -- Detecting CXX compiler ABI info - done
[0.299s] -- Check for working CXX compiler: /usr/bin/c++ - skipped
[0.299s] -- Detecting CXX compile features
[0.299s] -- Detecting CXX compile features - done
[0.301s] -- Found ament_cmake: 1.3.14 (/opt/ros/humble/share/ament_cmake/cmake)
[0.424s] -- Found Python3: /usr/bin/python3 (found version "3.10.12") found components: Interpreter 
[0.479s] -- Override CMake install command with custom implementation using symlinks instead of copying resources
[0.494s] -- Found rclcpp: 16.0.19 (/opt/ros/humble/share/rclcpp/cmake)
[0.519s] -- Found rosidl_generator_c: 3.1.9 (/opt/ros/humble/share/rosidl_generator_c/cmake)
[0.522s] -- Found rosidl_adapter: 3.1.9 (/opt/ros/humble/share/rosidl_adapter/cmake)
[0.527s] -- Found rosidl_generator_cpp: 3.1.9 (/opt/ros/humble/share/rosidl_generator_cpp/cmake)
[0.535s] -- Using all available rosidl_typesupport_c: rosidl_typesupport_fastrtps_c;rosidl_typesupport_introspection_c
[0.545s] -- Using all available rosidl_typesupport_cpp: rosidl_typesupport_fastrtps_cpp;rosidl_typesupport_introspection_cpp
[0.572s] -- Found rmw_implementation_cmake: 6.1.3 (/opt/ros/humble/share/rmw_implementation_cmake/cmake)
[0.573s] -- Found rmw_fastrtps_cpp: 6.2.10 (/opt/ros/humble/share/rmw_fastrtps_cpp/cmake)
[0.644s] -- Found OpenSSL: /usr/lib/x86_64-linux-gnu/libcrypto.so (found version "3.0.2")  
[0.660s] -- Found FastRTPS: /opt/ros/humble/include  
[0.690s] -- Using RMW implementation 'rmw_fastrtps_cpp' as default
[0.694s] -- Looking for pthread.h
[0.767s] -- Looking for pthread.h - found
[0.767s] -- Performing Test CMAKE_HAVE_LIBC_PTHREAD
[0.844s] -- Performing Test CMAKE_HAVE_LIBC_PTHREAD - Success
[0.845s] -- Found Threads: TRUE  
[0.886s] -- Found std_srvs: 4.9.2 (/opt/ros/humble/share/std_srvs/cmake)
[0.901s] -- Found sensor_msgs: 4.9.2 (/opt/ros/humble/share/sensor_msgs/cmake)
[0.923s] -- Found tf2: 0.25.22 (/opt/ros/humble/share/tf2/cmake)
[0.930s] -- Found tf2_geometry_msgs: 0.25.22 (/opt/ros/humble/share/tf2_geometry_msgs/cmake)
[0.942s] -- Found eigen3_cmake_module: 0.1.1 (/opt/ros/humble/share/eigen3_cmake_module/cmake)
[0.943s] -- Found Eigen3: TRUE (found version "3.4.0") 
[0.943s] -- Ensuring Eigen3 include directory is part of orocos-kdl CMake target
[1.031s] -- Found lbot_arm_interfaces: 0.0.0 (/home/fanshihao/Desktop/ICRA2027_TELEOP/arm_teleop/install/lbot_arm_interfaces/share/lbot_arm_interfaces/cmake)
[1.098s] -- Configuring done
[1.111s] -- Generating done
[1.114s] -- Build files have been written to: /home/fanshihao/Desktop/ICRA2027_TELEOP/arm_teleop/build/lbot_driver
[1.121s] Invoked command in '/home/fanshihao/Desktop/ICRA2027_TELEOP/arm_teleop/build/lbot_driver' returned '0': AMENT_PREFIX_PATH=/home/fanshihao/Desktop/ICRA2027_TELEOP/arm_teleop/install/lbot_arm_interfaces:${AMENT_PREFIX_PATH} CMAKE_PREFIX_PATH=/home/fanshihao/Desktop/ICRA2027_TELEOP/arm_teleop/install/lbot_arm_interfaces:/opt/ros/humble CONDA_PROMPT_MODIFIER=(base) LD_LIBRARY_PATH=/home/fanshihao/Desktop/ICRA2027_TELEOP/arm_teleop/install/lbot_arm_interfaces/lib:/opt/ros/humble/lib/x86_64-linux-gnu:/opt/ros/humble/lib:/usr/local/cuda/lib64 PYTHONPATH=/home/fanshihao/Desktop/ICRA2027_TELEOP/arm_teleop/install/lbot_arm_interfaces/local/lib/python3.10/dist-packages:${PYTHONPATH} /usr/bin/cmake /home/fanshihao/Desktop/ICRA2027_TELEOP/arm_teleop/src/lbot_driver -DAMENT_CMAKE_SYMLINK_INSTALL=1 -DCMAKE_INSTALL_PREFIX=/home/fanshihao/Desktop/ICRA2027_TELEOP/arm_teleop/install/lbot_driver
[1.121s] Invoking command in '/home/fanshihao/Desktop/ICRA2027_TELEOP/arm_teleop/build/lbot_driver': AMENT_PREFIX_PATH=/home/fanshihao/Desktop/ICRA2027_TELEOP/arm_teleop/install/lbot_arm_interfaces:${AMENT_PREFIX_PATH} CMAKE_PREFIX_PATH=/home/fanshihao/Desktop/ICRA2027_TELEOP/arm_teleop/install/lbot_arm_interfaces:/opt/ros/humble CONDA_PROMPT_MODIFIER=(base) LD_LIBRARY_PATH=/home/fanshihao/Desktop/ICRA2027_TELEOP/arm_teleop/install/lbot_arm_interfaces/lib:/opt/ros/humble/lib/x86_64-linux-gnu:/opt/ros/humble/lib:/usr/local/cuda/lib64 PYTHONPATH=/home/fanshihao/Desktop/ICRA2027_TELEOP/arm_teleop/install/lbot_arm_interfaces/local/lib/python3.10/dist-packages:${PYTHONPATH} /usr/bin/cmake --build /home/fanshihao/Desktop/ICRA2027_TELEOP/arm_teleop/build/lbot_driver -- -j24 -l24
[1.176s] [ 50%] Building CXX object CMakeFiles/lbot_driver.dir/src/lbot_driver.cpp.o
[21.993s] [100%] Linking CXX executable lbot_driver
[23.237s] [100%] Built target lbot_driver
[23.252s] Invoked command in '/home/fanshihao/Desktop/ICRA2027_TELEOP/arm_teleop/build/lbot_driver' returned '0': AMENT_PREFIX_PATH=/home/fanshihao/Desktop/ICRA2027_TELEOP/arm_teleop/install/lbot_arm_interfaces:${AMENT_PREFIX_PATH} CMAKE_PREFIX_PATH=/home/fanshihao/Desktop/ICRA2027_TELEOP/arm_teleop/install/lbot_arm_interfaces:/opt/ros/humble CONDA_PROMPT_MODIFIER=(base) LD_LIBRARY_PATH=/home/fanshihao/Desktop/ICRA2027_TELEOP/arm_teleop/install/lbot_arm_interfaces/lib:/opt/ros/humble/lib/x86_64-linux-gnu:/opt/ros/humble/lib:/usr/local/cuda/lib64 PYTHONPATH=/home/fanshihao/Desktop/ICRA2027_TELEOP/arm_teleop/install/lbot_arm_interfaces/local/lib/python3.10/dist-packages:${PYTHONPATH} /usr/bin/cmake --build /home/fanshihao/Desktop/ICRA2027_TELEOP/arm_teleop/build/lbot_driver -- -j24 -l24
[23.253s] Invoking command in '/home/fanshihao/Desktop/ICRA2027_TELEOP/arm_teleop/build/lbot_driver': AMENT_PREFIX_PATH=/home/fanshihao/Desktop/ICRA2027_TELEOP/arm_teleop/install/lbot_arm_interfaces:${AMENT_PREFIX_PATH} CMAKE_PREFIX_PATH=/home/fanshihao/Desktop/ICRA2027_TELEOP/arm_teleop/install/lbot_arm_interfaces:/opt/ros/humble CONDA_PROMPT_MODIFIER=(base) LD_LIBRARY_PATH=/home/fanshihao/Desktop/ICRA2027_TELEOP/arm_teleop/install/lbot_arm_interfaces/lib:/opt/ros/humble/lib/x86_64-linux-gnu:/opt/ros/humble/lib:/usr/local/cuda/lib64 PYTHONPATH=/home/fanshihao/Desktop/ICRA2027_TELEOP/arm_teleop/install/lbot_arm_interfaces/local/lib/python3.10/dist-packages:${PYTHONPATH} /usr/bin/cmake --install /home/fanshihao/Desktop/ICRA2027_TELEOP/arm_teleop/build/lbot_driver
[23.258s] -- Install configuration: ""
[23.259s] -- Execute custom install script
[23.259s] -- Symlinking: /home/fanshihao/Desktop/ICRA2027_TELEOP/arm_teleop/install/lbot_driver/lib/lbot_driver/lbot_driver
[23.271s] -- Symlinking: /home/fanshihao/Desktop/ICRA2027_TELEOP/arm_teleop/install/lbot_driver/share/lbot_driver/launch/lbot_start_driver.launch.py
[23.280s] -- Symlinking: /home/fanshihao/Desktop/ICRA2027_TELEOP/arm_teleop/install/lbot_driver/share/lbot_driver/config/lbot_config.yaml
[23.288s] -- Symlinking: /home/fanshihao/Desktop/ICRA2027_TELEOP/arm_teleop/install/lbot_driver/lib/lib_install.sh
[23.299s] -- Symlinking: /home/fanshihao/Desktop/ICRA2027_TELEOP/arm_teleop/install/lbot_driver/lib/liblbot_api.so
[23.307s] -- Symlinking: /home/fanshihao/Desktop/ICRA2027_TELEOP/arm_teleop/install/lbot_driver/lib/liblbot_api.so.1
[23.319s] -- Symlinking: /home/fanshihao/Desktop/ICRA2027_TELEOP/arm_teleop/install/lbot_driver/lib/liblbot_api.so.1.0.3
[23.325s] -- Symlinking: /home/fanshihao/Desktop/ICRA2027_TELEOP/arm_teleop/install/lbot_driver/lib/liblbot_api_cpp.so
[23.339s] -- Symlinking: /home/fanshihao/Desktop/ICRA2027_TELEOP/arm_teleop/install/lbot_driver/lib/liblbot_api_cpp.so.1
[23.344s] -- Symlinking: /home/fanshihao/Desktop/ICRA2027_TELEOP/arm_teleop/install/lbot_driver/lib/liblbot_api_cpp.so.1.0.3
[23.350s] -- Symlinking: /home/fanshihao/Desktop/ICRA2027_TELEOP/arm_teleop/install/lbot_driver/lib/linux_arm64/liblbot_api.so
[23.362s] -- Symlinking: /home/fanshihao/Desktop/ICRA2027_TELEOP/arm_teleop/install/lbot_driver/lib/linux_arm64/liblbot_api.so.1
[23.369s] -- Symlinking: /home/fanshihao/Desktop/ICRA2027_TELEOP/arm_teleop/install/lbot_driver/lib/linux_arm64/liblbot_api.so.1.0.3
[23.378s] -- Symlinking: /home/fanshihao/Desktop/ICRA2027_TELEOP/arm_teleop/install/lbot_driver/lib/linux_arm64/liblbot_api_cpp.so
[23.390s] -- Symlinking: /home/fanshihao/Desktop/ICRA2027_TELEOP/arm_teleop/install/lbot_driver/lib/linux_arm64/liblbot_api_cpp.so.1
[23.399s] -- Symlinking: /home/fanshihao/Desktop/ICRA2027_TELEOP/arm_teleop/install/lbot_driver/lib/linux_arm64/liblbot_api_cpp.so.1.0.3
[23.410s] -- Symlinking: /home/fanshihao/Desktop/ICRA2027_TELEOP/arm_teleop/install/lbot_driver/lib/linux_x64/liblbot_api.so
[23.416s] -- Symlinking: /home/fanshihao/Desktop/ICRA2027_TELEOP/arm_teleop/install/lbot_driver/lib/linux_x64/liblbot_api.so.1
[23.427s] -- Symlinking: /home/fanshihao/Desktop/ICRA2027_TELEOP/arm_teleop/install/lbot_driver/lib/linux_x64/liblbot_api.so.1.0.3
[23.433s] -- Symlinking: /home/fanshihao/Desktop/ICRA2027_TELEOP/arm_teleop/install/lbot_driver/lib/linux_x64/liblbot_api_cpp.so
[23.440s] -- Symlinking: /home/fanshihao/Desktop/ICRA2027_TELEOP/arm_teleop/install/lbot_driver/lib/linux_x64/liblbot_api_cpp.so.1
[23.451s] -- Symlinking: /home/fanshihao/Desktop/ICRA2027_TELEOP/arm_teleop/install/lbot_driver/lib/linux_x64/liblbot_api_cpp.so.1.0.3
[23.460s] -- Symlinking: /home/fanshihao/Desktop/ICRA2027_TELEOP/arm_teleop/install/lbot_driver/share/ament_index/resource_index/package_run_dependencies/lbot_driver
[23.466s] -- Symlinking: /home/fanshihao/Desktop/ICRA2027_TELEOP/arm_teleop/install/lbot_driver/share/ament_index/resource_index/parent_prefix_path/lbot_driver
[23.479s] -- Symlinking: /home/fanshihao/Desktop/ICRA2027_TELEOP/arm_teleop/install/lbot_driver/share/lbot_driver/environment/ament_prefix_path.sh
[23.487s] -- Symlinking: /home/fanshihao/Desktop/ICRA2027_TELEOP/arm_teleop/install/lbot_driver/share/lbot_driver/environment/ament_prefix_path.dsv
[23.498s] -- Symlinking: /home/fanshihao/Desktop/ICRA2027_TELEOP/arm_teleop/install/lbot_driver/share/lbot_driver/environment/path.sh
[23.504s] -- Symlinking: /home/fanshihao/Desktop/ICRA2027_TELEOP/arm_teleop/install/lbot_driver/share/lbot_driver/environment/path.dsv
[23.514s] -- Symlinking: /home/fanshihao/Desktop/ICRA2027_TELEOP/arm_teleop/install/lbot_driver/share/lbot_driver/local_setup.bash
[23.524s] -- Symlinking: /home/fanshihao/Desktop/ICRA2027_TELEOP/arm_teleop/install/lbot_driver/share/lbot_driver/local_setup.sh
[23.531s] -- Symlinking: /home/fanshihao/Desktop/ICRA2027_TELEOP/arm_teleop/install/lbot_driver/share/lbot_driver/local_setup.zsh
[23.545s] -- Symlinking: /home/fanshihao/Desktop/ICRA2027_TELEOP/arm_teleop/install/lbot_driver/share/lbot_driver/local_setup.dsv
[23.551s] -- Symlinking: /home/fanshihao/Desktop/ICRA2027_TELEOP/arm_teleop/install/lbot_driver/share/lbot_driver/package.dsv
[23.557s] -- Symlinking: /home/fanshihao/Desktop/ICRA2027_TELEOP/arm_teleop/install/lbot_driver/share/ament_index/resource_index/packages/lbot_driver
[23.568s] -- Symlinking: /home/fanshihao/Desktop/ICRA2027_TELEOP/arm_teleop/install/lbot_driver/share/lbot_driver/cmake/lbot_driverConfig.cmake
[23.577s] -- Symlinking: /home/fanshihao/Desktop/ICRA2027_TELEOP/arm_teleop/install/lbot_driver/share/lbot_driver/cmake/lbot_driverConfig-version.cmake
[23.582s] -- Symlinking: /home/fanshihao/Desktop/ICRA2027_TELEOP/arm_teleop/install/lbot_driver/share/lbot_driver/package.xml
[23.596s] Invoked command in '/home/fanshihao/Desktop/ICRA2027_TELEOP/arm_teleop/build/lbot_driver' returned '0': AMENT_PREFIX_PATH=/home/fanshihao/Desktop/ICRA2027_TELEOP/arm_teleop/install/lbot_arm_interfaces:${AMENT_PREFIX_PATH} CMAKE_PREFIX_PATH=/home/fanshihao/Desktop/ICRA2027_TELEOP/arm_teleop/install/lbot_arm_interfaces:/opt/ros/humble CONDA_PROMPT_MODIFIER=(base) LD_LIBRARY_PATH=/home/fanshihao/Desktop/ICRA2027_TELEOP/arm_teleop/install/lbot_arm_interfaces/lib:/opt/ros/humble/lib/x86_64-linux-gnu:/opt/ros/humble/lib:/usr/local/cuda/lib64 PYTHONPATH=/home/fanshihao/Desktop/ICRA2027_TELEOP/arm_teleop/install/lbot_arm_interfaces/local/lib/python3.10/dist-packages:${PYTHONPATH} /usr/bin/cmake --install /home/fanshihao/Desktop/ICRA2027_TELEOP/arm_teleop/build/lbot_driver
