[0.081s] DEBUG:colcon:Command line arguments: ['/usr/bin/colcon', 'build', '--symlink-install', '--packages-select', 'lbot_arm_interfaces', 'linkerta', 'lbot_demo', 'lbot_driver', 'lbot_teleop']
[0.081s] DEBUG:colcon:Parsed command line arguments: Namespace(log_base=None, log_level=None, verb_name='build', build_base='build', install_base='install', merge_install=False, symlink_install=True, test_result_base=None, continue_on_error=False, executor='parallel', parallel_workers=24, event_handlers=None, ignore_user_meta=False, metas=['./colcon.meta'], base_paths=['.'], packages_ignore=None, packages_ignore_regex=None, paths=None, packages_up_to=None, packages_up_to_regex=None, packages_above=None, packages_above_and_dependencies=None, packages_above_depth=None, packages_select_by_dep=None, packages_skip_by_dep=None, packages_skip_up_to=None, packages_select_build_failed=False, packages_skip_build_finished=False, packages_select_test_failures=False, packages_skip_test_passed=False, packages_select=['lbot_arm_interfaces', 'linkerta', 'lbot_demo', 'lbot_driver', 'lbot_teleop'], packages_skip=None, packages_select_regex=None, packages_skip_regex=None, packages_start=None, packages_end=None, allow_overriding=[], cmake_args=None, cmake_target=None, cmake_target_skip_unavailable=False, cmake_clean_cache=False, cmake_clean_first=False, cmake_force_configure=False, ament_cmake_args=None, catkin_cmake_args=None, catkin_skip_building_tests=False, verb_parser=<colcon_defaults.argument_parser.defaults.DefaultArgumentsDecorator object at 0x7461dc426590>, verb_extension=<colcon_core.verb.build.BuildVerb object at 0x7461dc425fc0>, main=<bound method BuildVerb.main of <colcon_core.verb.build.BuildVerb object at 0x7461dc425fc0>>)
[0.169s] Level 1:colcon.colcon_core.package_discovery:discover_packages(colcon_meta) check parameters
[0.169s] Level 1:colcon.colcon_core.package_discovery:discover_packages(recursive) check parameters
[0.169s] Level 1:colcon.colcon_core.package_discovery:discover_packages(ignore) check parameters
[0.169s] Level 1:colcon.colcon_core.package_discovery:discover_packages(path) check parameters
[0.169s] Level 1:colcon.colcon_core.package_discovery:discover_packages(colcon_meta) discover
[0.169s] Level 1:colcon.colcon_core.package_discovery:discover_packages(recursive) discover
[0.169s] INFO:colcon.colcon_core.package_discovery:Crawling recursively for packages in '/home/fanshihao/Desktop/ICRA2027_TELEOP/arm_teleop'
[0.169s] Level 1:colcon.colcon_core.package_identification:_identify(.) by extensions ['ignore', 'ignore_ament_install']
[0.169s] Level 1:colcon.colcon_core.package_identification:_identify(.) by extension 'ignore'
[0.169s] Level 1:colcon.colcon_core.package_identification:_identify(.) by extension 'ignore_ament_install'
[0.169s] Level 1:colcon.colcon_core.package_identification:_identify(.) by extensions ['colcon_pkg']
[0.169s] Level 1:colcon.colcon_core.package_identification:_identify(.) by extension 'colcon_pkg'
[0.169s] Level 1:colcon.colcon_core.package_identification:_identify(.) by extensions ['colcon_meta']
[0.169s] Level 1:colcon.colcon_core.package_identification:_identify(.) by extension 'colcon_meta'
[0.169s] Level 1:colcon.colcon_core.package_identification:_identify(.) by extensions ['ros']
[0.169s] Level 1:colcon.colcon_core.package_identification:_identify(.) by extension 'ros'
[0.177s] Level 1:colcon.colcon_core.package_identification:_identify(.) by extensions ['cmake', 'python']
[0.177s] Level 1:colcon.colcon_core.package_identification:_identify(.) by extension 'cmake'
[0.177s] Level 1:colcon.colcon_core.package_identification:_identify(.) by extension 'python'
[0.177s] Level 1:colcon.colcon_core.package_identification:_identify(.) by extensions ['python_setup_py']
[0.177s] Level 1:colcon.colcon_core.package_identification:_identify(.) by extension 'python_setup_py'
[0.177s] Level 1:colcon.colcon_core.package_identification:_identify(build) by extensions ['ignore', 'ignore_ament_install']
[0.177s] Level 1:colcon.colcon_core.package_identification:_identify(build) by extension 'ignore'
[0.177s] Level 1:colcon.colcon_core.package_identification:_identify(build) ignored
[0.177s] Level 1:colcon.colcon_core.package_identification:_identify(install) by extensions ['ignore', 'ignore_ament_install']
[0.177s] Level 1:colcon.colcon_core.package_identification:_identify(install) by extension 'ignore'
[0.177s] Level 1:colcon.colcon_core.package_identification:_identify(install) ignored
[0.177s] Level 1:colcon.colcon_core.package_identification:_identify(log) by extensions ['ignore', 'ignore_ament_install']
[0.177s] Level 1:colcon.colcon_core.package_identification:_identify(log) by extension 'ignore'
[0.177s] Level 1:colcon.colcon_core.package_identification:_identify(log) ignored
[0.177s] Level 1:colcon.colcon_core.package_identification:_identify(src) by extensions ['ignore', 'ignore_ament_install']
[0.177s] Level 1:colcon.colcon_core.package_identification:_identify(src) by extension 'ignore'
[0.177s] Level 1:colcon.colcon_core.package_identification:_identify(src) by extension 'ignore_ament_install'
[0.178s] Level 1:colcon.colcon_core.package_identification:_identify(src) by extensions ['colcon_pkg']
[0.178s] Level 1:colcon.colcon_core.package_identification:_identify(src) by extension 'colcon_pkg'
[0.178s] Level 1:colcon.colcon_core.package_identification:_identify(src) by extensions ['colcon_meta']
[0.178s] Level 1:colcon.colcon_core.package_identification:_identify(src) by extension 'colcon_meta'
[0.178s] Level 1:colcon.colcon_core.package_identification:_identify(src) by extensions ['ros']
[0.178s] Level 1:colcon.colcon_core.package_identification:_identify(src) by extension 'ros'
[0.178s] Level 1:colcon.colcon_core.package_identification:_identify(src) by extensions ['cmake', 'python']
[0.178s] Level 1:colcon.colcon_core.package_identification:_identify(src) by extension 'cmake'
[0.178s] Level 1:colcon.colcon_core.package_identification:_identify(src) by extension 'python'
[0.178s] Level 1:colcon.colcon_core.package_identification:_identify(src) by extensions ['python_setup_py']
[0.178s] Level 1:colcon.colcon_core.package_identification:_identify(src) by extension 'python_setup_py'
[0.178s] Level 1:colcon.colcon_core.package_identification:_identify(src/lbot_arm_interfaces) by extensions ['ignore', 'ignore_ament_install']
[0.178s] Level 1:colcon.colcon_core.package_identification:_identify(src/lbot_arm_interfaces) by extension 'ignore'
[0.178s] Level 1:colcon.colcon_core.package_identification:_identify(src/lbot_arm_interfaces) by extension 'ignore_ament_install'
[0.178s] Level 1:colcon.colcon_core.package_identification:_identify(src/lbot_arm_interfaces) by extensions ['colcon_pkg']
[0.178s] Level 1:colcon.colcon_core.package_identification:_identify(src/lbot_arm_interfaces) by extension 'colcon_pkg'
[0.178s] Level 1:colcon.colcon_core.package_identification:_identify(src/lbot_arm_interfaces) by extensions ['colcon_meta']
[0.178s] Level 1:colcon.colcon_core.package_identification:_identify(src/lbot_arm_interfaces) by extension 'colcon_meta'
[0.178s] Level 1:colcon.colcon_core.package_identification:_identify(src/lbot_arm_interfaces) by extensions ['ros']
[0.178s] Level 1:colcon.colcon_core.package_identification:_identify(src/lbot_arm_interfaces) by extension 'ros'
[0.180s] DEBUG:colcon.colcon_core.package_identification:Package 'src/lbot_arm_interfaces' with type 'ros.ament_cmake' and name 'lbot_arm_interfaces'
[0.180s] Level 1:colcon.colcon_core.package_identification:_identify(src/lbot_demo) by extensions ['ignore', 'ignore_ament_install']
[0.180s] Level 1:colcon.colcon_core.package_identification:_identify(src/lbot_demo) by extension 'ignore'
[0.180s] Level 1:colcon.colcon_core.package_identification:_identify(src/lbot_demo) by extension 'ignore_ament_install'
[0.180s] Level 1:colcon.colcon_core.package_identification:_identify(src/lbot_demo) by extensions ['colcon_pkg']
[0.180s] Level 1:colcon.colcon_core.package_identification:_identify(src/lbot_demo) by extension 'colcon_pkg'
[0.180s] Level 1:colcon.colcon_core.package_identification:_identify(src/lbot_demo) by extensions ['colcon_meta']
[0.180s] Level 1:colcon.colcon_core.package_identification:_identify(src/lbot_demo) by extension 'colcon_meta'
[0.180s] Level 1:colcon.colcon_core.package_identification:_identify(src/lbot_demo) by extensions ['ros']
[0.180s] Level 1:colcon.colcon_core.package_identification:_identify(src/lbot_demo) by extension 'ros'
[0.181s] DEBUG:colcon.colcon_core.package_identification:Package 'src/lbot_demo' with type 'ros.ament_cmake' and name 'lbot_demo'
[0.181s] Level 1:colcon.colcon_core.package_identification:_identify(src/lbot_driver) by extensions ['ignore', 'ignore_ament_install']
[0.181s] Level 1:colcon.colcon_core.package_identification:_identify(src/lbot_driver) by extension 'ignore'
[0.181s] Level 1:colcon.colcon_core.package_identification:_identify(src/lbot_driver) by extension 'ignore_ament_install'
[0.181s] Level 1:colcon.colcon_core.package_identification:_identify(src/lbot_driver) by extensions ['colcon_pkg']
[0.181s] Level 1:colcon.colcon_core.package_identification:_identify(src/lbot_driver) by extension 'colcon_pkg'
[0.181s] Level 1:colcon.colcon_core.package_identification:_identify(src/lbot_driver) by extensions ['colcon_meta']
[0.181s] Level 1:colcon.colcon_core.package_identification:_identify(src/lbot_driver) by extension 'colcon_meta'
[0.181s] Level 1:colcon.colcon_core.package_identification:_identify(src/lbot_driver) by extensions ['ros']
[0.181s] Level 1:colcon.colcon_core.package_identification:_identify(src/lbot_driver) by extension 'ros'
[0.183s] DEBUG:colcon.colcon_core.package_identification:Package 'src/lbot_driver' with type 'ros.ament_cmake' and name 'lbot_driver'
[0.183s] Level 1:colcon.colcon_core.package_identification:_identify(src/lbot_teleop) by extensions ['ignore', 'ignore_ament_install']
[0.183s] Level 1:colcon.colcon_core.package_identification:_identify(src/lbot_teleop) by extension 'ignore'
[0.183s] Level 1:colcon.colcon_core.package_identification:_identify(src/lbot_teleop) by extension 'ignore_ament_install'
[0.183s] Level 1:colcon.colcon_core.package_identification:_identify(src/lbot_teleop) by extensions ['colcon_pkg']
[0.183s] Level 1:colcon.colcon_core.package_identification:_identify(src/lbot_teleop) by extension 'colcon_pkg'
[0.183s] Level 1:colcon.colcon_core.package_identification:_identify(src/lbot_teleop) by extensions ['colcon_meta']
[0.183s] Level 1:colcon.colcon_core.package_identification:_identify(src/lbot_teleop) by extension 'colcon_meta'
[0.183s] Level 1:colcon.colcon_core.package_identification:_identify(src/lbot_teleop) by extensions ['ros']
[0.183s] Level 1:colcon.colcon_core.package_identification:_identify(src/lbot_teleop) by extension 'ros'
[0.184s] DEBUG:colcon.colcon_core.package_identification:Package 'src/lbot_teleop' with type 'ros.ament_cmake' and name 'lbot_teleop'
[0.184s] Level 1:colcon.colcon_core.package_identification:_identify(src/linkerta) by extensions ['ignore', 'ignore_ament_install']
[0.184s] Level 1:colcon.colcon_core.package_identification:_identify(src/linkerta) by extension 'ignore'
[0.184s] Level 1:colcon.colcon_core.package_identification:_identify(src/linkerta) by extension 'ignore_ament_install'
[0.184s] Level 1:colcon.colcon_core.package_identification:_identify(src/linkerta) by extensions ['colcon_pkg']
[0.184s] Level 1:colcon.colcon_core.package_identification:_identify(src/linkerta) by extension 'colcon_pkg'
[0.184s] Level 1:colcon.colcon_core.package_identification:_identify(src/linkerta) by extensions ['colcon_meta']
[0.184s] Level 1:colcon.colcon_core.package_identification:_identify(src/linkerta) by extension 'colcon_meta'
[0.184s] Level 1:colcon.colcon_core.package_identification:_identify(src/linkerta) by extensions ['ros']
[0.184s] Level 1:colcon.colcon_core.package_identification:_identify(src/linkerta) by extension 'ros'
[0.184s] DEBUG:colcon.colcon_core.package_identification:Package 'src/linkerta' with type 'ros.ament_cmake' and name 'linkerta'
[0.184s] Level 1:colcon.colcon_core.package_discovery:discover_packages(recursive) using defaults
[0.184s] Level 1:colcon.colcon_core.package_discovery:discover_packages(ignore) discover
[0.184s] Level 1:colcon.colcon_core.package_discovery:discover_packages(ignore) using defaults
[0.184s] Level 1:colcon.colcon_core.package_discovery:discover_packages(path) discover
[0.184s] Level 1:colcon.colcon_core.package_discovery:discover_packages(path) using defaults
[0.204s] Level 1:colcon.colcon_core.package_discovery:discover_packages(prefix_path) check parameters
[0.204s] Level 1:colcon.colcon_core.package_discovery:discover_packages(prefix_path) discover
[0.205s] DEBUG:colcon.colcon_installed_package_information.package_discovery:Found 184 installed packages in /opt/ros/humble
[0.206s] Level 1:colcon.colcon_core.package_discovery:discover_packages(prefix_path) using defaults
[0.234s] Level 5:colcon.colcon_core.verb:set package 'lbot_arm_interfaces' build argument 'cmake_args' from command line to 'None'
[0.234s] Level 5:colcon.colcon_core.verb:set package 'lbot_arm_interfaces' build argument 'cmake_target' from command line to 'None'
[0.234s] Level 5:colcon.colcon_core.verb:set package 'lbot_arm_interfaces' build argument 'cmake_target_skip_unavailable' from command line to 'False'
[0.234s] Level 5:colcon.colcon_core.verb:set package 'lbot_arm_interfaces' build argument 'cmake_clean_cache' from command line to 'False'
[0.234s] Level 5:colcon.colcon_core.verb:set package 'lbot_arm_interfaces' build argument 'cmake_clean_first' from command line to 'False'
[0.234s] Level 5:colcon.colcon_core.verb:set package 'lbot_arm_interfaces' build argument 'cmake_force_configure' from command line to 'False'
[0.234s] Level 5:colcon.colcon_core.verb:set package 'lbot_arm_interfaces' build argument 'ament_cmake_args' from command line to 'None'
[0.234s] Level 5:colcon.colcon_core.verb:set package 'lbot_arm_interfaces' build argument 'catkin_cmake_args' from command line to 'None'
[0.234s] Level 5:colcon.colcon_core.verb:set package 'lbot_arm_interfaces' build argument 'catkin_skip_building_tests' from command line to 'False'
[0.234s] DEBUG:colcon.colcon_core.verb:Building package 'lbot_arm_interfaces' with the following arguments: {'ament_cmake_args': None, 'build_base': '/home/fanshihao/Desktop/ICRA2027_TELEOP/arm_teleop/build/lbot_arm_interfaces', 'catkin_cmake_args': None, 'catkin_skip_building_tests': False, 'cmake_args': None, 'cmake_clean_cache': False, 'cmake_clean_first': False, 'cmake_force_configure': False, 'cmake_target': None, 'cmake_target_skip_unavailable': False, 'install_base': '/home/fanshihao/Desktop/ICRA2027_TELEOP/arm_teleop/install/lbot_arm_interfaces', 'merge_install': False, 'path': '/home/fanshihao/Desktop/ICRA2027_TELEOP/arm_teleop/src/lbot_arm_interfaces', 'symlink_install': True, 'test_result_base': None}
[0.234s] Level 5:colcon.colcon_core.verb:set package 'linkerta' build argument 'cmake_args' from command line to 'None'
[0.234s] Level 5:colcon.colcon_core.verb:set package 'linkerta' build argument 'cmake_target' from command line to 'None'
[0.234s] Level 5:colcon.colcon_core.verb:set package 'linkerta' build argument 'cmake_target_skip_unavailable' from command line to 'False'
[0.234s] Level 5:colcon.colcon_core.verb:set package 'linkerta' build argument 'cmake_clean_cache' from command line to 'False'
[0.234s] Level 5:colcon.colcon_core.verb:set package 'linkerta' build argument 'cmake_clean_first' from command line to 'False'
[0.234s] Level 5:colcon.colcon_core.verb:set package 'linkerta' build argument 'cmake_force_configure' from command line to 'False'
[0.234s] Level 5:colcon.colcon_core.verb:set package 'linkerta' build argument 'ament_cmake_args' from command line to 'None'
[0.234s] Level 5:colcon.colcon_core.verb:set package 'linkerta' build argument 'catkin_cmake_args' from command line to 'None'
[0.234s] Level 5:colcon.colcon_core.verb:set package 'linkerta' build argument 'catkin_skip_building_tests' from command line to 'False'
[0.234s] DEBUG:colcon.colcon_core.verb:Building package 'linkerta' with the following arguments: {'ament_cmake_args': None, 'build_base': '/home/fanshihao/Desktop/ICRA2027_TELEOP/arm_teleop/build/linkerta', 'catkin_cmake_args': None, 'catkin_skip_building_tests': False, 'cmake_args': None, 'cmake_clean_cache': False, 'cmake_clean_first': False, 'cmake_force_configure': False, 'cmake_target': None, 'cmake_target_skip_unavailable': False, 'install_base': '/home/fanshihao/Desktop/ICRA2027_TELEOP/arm_teleop/install/linkerta', 'merge_install': False, 'path': '/home/fanshihao/Desktop/ICRA2027_TELEOP/arm_teleop/src/linkerta', 'symlink_install': True, 'test_result_base': None}
[0.234s] Level 5:colcon.colcon_core.verb:set package 'lbot_demo' build argument 'cmake_args' from command line to 'None'
[0.234s] Level 5:colcon.colcon_core.verb:set package 'lbot_demo' build argument 'cmake_target' from command line to 'None'
[0.234s] Level 5:colcon.colcon_core.verb:set package 'lbot_demo' build argument 'cmake_target_skip_unavailable' from command line to 'False'
[0.235s] Level 5:colcon.colcon_core.verb:set package 'lbot_demo' build argument 'cmake_clean_cache' from command line to 'False'
[0.235s] Level 5:colcon.colcon_core.verb:set package 'lbot_demo' build argument 'cmake_clean_first' from command line to 'False'
[0.235s] Level 5:colcon.colcon_core.verb:set package 'lbot_demo' build argument 'cmake_force_configure' from command line to 'False'
[0.235s] Level 5:colcon.colcon_core.verb:set package 'lbot_demo' build argument 'ament_cmake_args' from command line to 'None'
[0.235s] Level 5:colcon.colcon_core.verb:set package 'lbot_demo' build argument 'catkin_cmake_args' from command line to 'None'
[0.235s] Level 5:colcon.colcon_core.verb:set package 'lbot_demo' build argument 'catkin_skip_building_tests' from command line to 'False'
[0.235s] DEBUG:colcon.colcon_core.verb:Building package 'lbot_demo' with the following arguments: {'ament_cmake_args': None, 'build_base': '/home/fanshihao/Desktop/ICRA2027_TELEOP/arm_teleop/build/lbot_demo', 'catkin_cmake_args': None, 'catkin_skip_building_tests': False, 'cmake_args': None, 'cmake_clean_cache': False, 'cmake_clean_first': False, 'cmake_force_configure': False, 'cmake_target': None, 'cmake_target_skip_unavailable': False, 'install_base': '/home/fanshihao/Desktop/ICRA2027_TELEOP/arm_teleop/install/lbot_demo', 'merge_install': False, 'path': '/home/fanshihao/Desktop/ICRA2027_TELEOP/arm_teleop/src/lbot_demo', 'symlink_install': True, 'test_result_base': None}
[0.235s] Level 5:colcon.colcon_core.verb:set package 'lbot_driver' build argument 'cmake_args' from command line to 'None'
[0.235s] Level 5:colcon.colcon_core.verb:set package 'lbot_driver' build argument 'cmake_target' from command line to 'None'
[0.235s] Level 5:colcon.colcon_core.verb:set package 'lbot_driver' build argument 'cmake_target_skip_unavailable' from command line to 'False'
[0.235s] Level 5:colcon.colcon_core.verb:set package 'lbot_driver' build argument 'cmake_clean_cache' from command line to 'False'
[0.235s] Level 5:colcon.colcon_core.verb:set package 'lbot_driver' build argument 'cmake_clean_first' from command line to 'False'
[0.235s] Level 5:colcon.colcon_core.verb:set package 'lbot_driver' build argument 'cmake_force_configure' from command line to 'False'
[0.235s] Level 5:colcon.colcon_core.verb:set package 'lbot_driver' build argument 'ament_cmake_args' from command line to 'None'
[0.235s] Level 5:colcon.colcon_core.verb:set package 'lbot_driver' build argument 'catkin_cmake_args' from command line to 'None'
[0.235s] Level 5:colcon.colcon_core.verb:set package 'lbot_driver' build argument 'catkin_skip_building_tests' from command line to 'False'
[0.235s] DEBUG:colcon.colcon_core.verb:Building package 'lbot_driver' with the following arguments: {'ament_cmake_args': None, 'build_base': '/home/fanshihao/Desktop/ICRA2027_TELEOP/arm_teleop/build/lbot_driver', 'catkin_cmake_args': None, 'catkin_skip_building_tests': False, 'cmake_args': None, 'cmake_clean_cache': False, 'cmake_clean_first': False, 'cmake_force_configure': False, 'cmake_target': None, 'cmake_target_skip_unavailable': False, 'install_base': '/home/fanshihao/Desktop/ICRA2027_TELEOP/arm_teleop/install/lbot_driver', 'merge_install': False, 'path': '/home/fanshihao/Desktop/ICRA2027_TELEOP/arm_teleop/src/lbot_driver', 'symlink_install': True, 'test_result_base': None}
[0.235s] Level 5:colcon.colcon_core.verb:set package 'lbot_teleop' build argument 'cmake_args' from command line to 'None'
[0.235s] Level 5:colcon.colcon_core.verb:set package 'lbot_teleop' build argument 'cmake_target' from command line to 'None'
[0.235s] Level 5:colcon.colcon_core.verb:set package 'lbot_teleop' build argument 'cmake_target_skip_unavailable' from command line to 'False'
[0.235s] Level 5:colcon.colcon_core.verb:set package 'lbot_teleop' build argument 'cmake_clean_cache' from command line to 'False'
[0.235s] Level 5:colcon.colcon_core.verb:set package 'lbot_teleop' build argument 'cmake_clean_first' from command line to 'False'
[0.235s] Level 5:colcon.colcon_core.verb:set package 'lbot_teleop' build argument 'cmake_force_configure' from command line to 'False'
[0.235s] Level 5:colcon.colcon_core.verb:set package 'lbot_teleop' build argument 'ament_cmake_args' from command line to 'None'
[0.235s] Level 5:colcon.colcon_core.verb:set package 'lbot_teleop' build argument 'catkin_cmake_args' from command line to 'None'
[0.235s] Level 5:colcon.colcon_core.verb:set package 'lbot_teleop' build argument 'catkin_skip_building_tests' from command line to 'False'
[0.235s] DEBUG:colcon.colcon_core.verb:Building package 'lbot_teleop' with the following arguments: {'ament_cmake_args': None, 'build_base': '/home/fanshihao/Desktop/ICRA2027_TELEOP/arm_teleop/build/lbot_teleop', 'catkin_cmake_args': None, 'catkin_skip_building_tests': False, 'cmake_args': None, 'cmake_clean_cache': False, 'cmake_clean_first': False, 'cmake_force_configure': False, 'cmake_target': None, 'cmake_target_skip_unavailable': False, 'install_base': '/home/fanshihao/Desktop/ICRA2027_TELEOP/arm_teleop/install/lbot_teleop', 'merge_install': False, 'path': '/home/fanshihao/Desktop/ICRA2027_TELEOP/arm_teleop/src/lbot_teleop', 'symlink_install': True, 'test_result_base': None}
[0.235s] INFO:colcon.colcon_core.executor:Executing jobs using 'parallel' executor
[0.237s] DEBUG:colcon.colcon_parallel_executor.executor.parallel:run_until_complete
[0.238s] INFO:colcon.colcon_ros.task.ament_cmake.build:Building ROS package in '/home/fanshihao/Desktop/ICRA2027_TELEOP/arm_teleop/src/lbot_arm_interfaces' with build type 'ament_cmake'
[0.238s] INFO:colcon.colcon_cmake.task.cmake.build:Building CMake package in '/home/fanshihao/Desktop/ICRA2027_TELEOP/arm_teleop/src/lbot_arm_interfaces'
[0.241s] INFO:colcon.colcon_core.plugin_system:Skipping extension 'colcon_core.shell.bat': Not used on non-Windows systems
[0.241s] INFO:colcon.colcon_core.shell:Skip shell extension 'powershell' for command environment: Not usable outside of PowerShell
[0.241s] DEBUG:colcon.colcon_core.shell:Skip shell extension 'dsv' for command environment
[0.246s] INFO:colcon.colcon_ros.task.ament_cmake.build:Building ROS package in '/home/fanshihao/Desktop/ICRA2027_TELEOP/arm_teleop/src/linkerta' with build type 'ament_cmake'
[0.246s] INFO:colcon.colcon_cmake.task.cmake.build:Building CMake package in '/home/fanshihao/Desktop/ICRA2027_TELEOP/arm_teleop/src/linkerta'
[0.246s] INFO:colcon.colcon_core.shell:Skip shell extension 'powershell' for command environment: Not usable outside of PowerShell
[0.246s] DEBUG:colcon.colcon_core.shell:Skip shell extension 'dsv' for command environment
[0.250s] DEBUG:colcon.colcon_core.event_handler.log_command:Invoking command in '/home/fanshihao/Desktop/ICRA2027_TELEOP/arm_teleop/build/lbot_arm_interfaces': CMAKE_PREFIX_PATH=/opt/ros/humble CONDA_PROMPT_MODIFIER=(base) /usr/bin/cmake /home/fanshihao/Desktop/ICRA2027_TELEOP/arm_teleop/src/lbot_arm_interfaces -DAMENT_CMAKE_SYMLINK_INSTALL=1 -DCMAKE_INSTALL_PREFIX=/home/fanshihao/Desktop/ICRA2027_TELEOP/arm_teleop/install/lbot_arm_interfaces
[0.251s] DEBUG:colcon.colcon_core.event_handler.log_command:Invoking command in '/home/fanshihao/Desktop/ICRA2027_TELEOP/arm_teleop/build/linkerta': CMAKE_PREFIX_PATH=/opt/ros/humble CONDA_PROMPT_MODIFIER=(base) /usr/bin/cmake /home/fanshihao/Desktop/ICRA2027_TELEOP/arm_teleop/src/linkerta -DAMENT_CMAKE_SYMLINK_INSTALL=1 -DCMAKE_INSTALL_PREFIX=/home/fanshihao/Desktop/ICRA2027_TELEOP/arm_teleop/install/linkerta
[1.240s] DEBUG:colcon.colcon_core.event_handler.log_command:Invoked command in '/home/fanshihao/Desktop/ICRA2027_TELEOP/arm_teleop/build/linkerta' returned '0': CMAKE_PREFIX_PATH=/opt/ros/humble CONDA_PROMPT_MODIFIER=(base) /usr/bin/cmake /home/fanshihao/Desktop/ICRA2027_TELEOP/arm_teleop/src/linkerta -DAMENT_CMAKE_SYMLINK_INSTALL=1 -DCMAKE_INSTALL_PREFIX=/home/fanshihao/Desktop/ICRA2027_TELEOP/arm_teleop/install/linkerta
[1.241s] DEBUG:colcon.colcon_core.event_handler.log_command:Invoking command in '/home/fanshihao/Desktop/ICRA2027_TELEOP/arm_teleop/build/linkerta': CMAKE_PREFIX_PATH=/opt/ros/humble CONDA_PROMPT_MODIFIER=(base) /usr/bin/cmake --build /home/fanshihao/Desktop/ICRA2027_TELEOP/arm_teleop/build/linkerta -- -j24 -l24
[1.964s] DEBUG:colcon.colcon_core.event_handler.log_command:Invoked command in '/home/fanshihao/Desktop/ICRA2027_TELEOP/arm_teleop/build/lbot_arm_interfaces' returned '0': CMAKE_PREFIX_PATH=/opt/ros/humble CONDA_PROMPT_MODIFIER=(base) /usr/bin/cmake /home/fanshihao/Desktop/ICRA2027_TELEOP/arm_teleop/src/lbot_arm_interfaces -DAMENT_CMAKE_SYMLINK_INSTALL=1 -DCMAKE_INSTALL_PREFIX=/home/fanshihao/Desktop/ICRA2027_TELEOP/arm_teleop/install/lbot_arm_interfaces
[1.966s] DEBUG:colcon.colcon_core.event_handler.log_command:Invoking command in '/home/fanshihao/Desktop/ICRA2027_TELEOP/arm_teleop/build/lbot_arm_interfaces': CMAKE_PREFIX_PATH=/opt/ros/humble CONDA_PROMPT_MODIFIER=(base) /usr/bin/cmake --build /home/fanshihao/Desktop/ICRA2027_TELEOP/arm_teleop/build/lbot_arm_interfaces -- -j24 -l24
[6.274s] DEBUG:colcon.colcon_core.event_handler.log_command:Invoked command in '/home/fanshihao/Desktop/ICRA2027_TELEOP/arm_teleop/build/linkerta' returned '0': CMAKE_PREFIX_PATH=/opt/ros/humble CONDA_PROMPT_MODIFIER=(base) /usr/bin/cmake --build /home/fanshihao/Desktop/ICRA2027_TELEOP/arm_teleop/build/linkerta -- -j24 -l24
[6.280s] DEBUG:colcon.colcon_core.event_handler.log_command:Invoking command in '/home/fanshihao/Desktop/ICRA2027_TELEOP/arm_teleop/build/linkerta': CMAKE_PREFIX_PATH=/opt/ros/humble CONDA_PROMPT_MODIFIER=(base) /usr/bin/cmake --install /home/fanshihao/Desktop/ICRA2027_TELEOP/arm_teleop/build/linkerta
[6.451s] Level 1:colcon.colcon_core.environment:create_environment_scripts_only(linkerta)
[6.451s] DEBUG:colcon.colcon_core.event_handler.log_command:Invoked command in '/home/fanshihao/Desktop/ICRA2027_TELEOP/arm_teleop/build/linkerta' returned '0': CMAKE_PREFIX_PATH=/opt/ros/humble CONDA_PROMPT_MODIFIER=(base) /usr/bin/cmake --install /home/fanshihao/Desktop/ICRA2027_TELEOP/arm_teleop/build/linkerta
[6.453s] Level 1:colcon.colcon_core.environment:checking '/home/fanshihao/Desktop/ICRA2027_TELEOP/arm_teleop/install/linkerta' for CMake module files
[6.454s] Level 1:colcon.colcon_core.environment:checking '/home/fanshihao/Desktop/ICRA2027_TELEOP/arm_teleop/install/linkerta' for CMake config files
[6.454s] Level 1:colcon.colcon_core.shell:create_environment_hook('linkerta', 'cmake_prefix_path')
[6.455s] INFO:colcon.colcon_core.shell:Creating environment hook '/home/fanshihao/Desktop/ICRA2027_TELEOP/arm_teleop/install/linkerta/share/linkerta/hook/cmake_prefix_path.ps1'
[6.462s] INFO:colcon.colcon_core.shell:Creating environment descriptor '/home/fanshihao/Desktop/ICRA2027_TELEOP/arm_teleop/install/linkerta/share/linkerta/hook/cmake_prefix_path.dsv'
[6.464s] INFO:colcon.colcon_core.shell:Creating environment hook '/home/fanshihao/Desktop/ICRA2027_TELEOP/arm_teleop/install/linkerta/share/linkerta/hook/cmake_prefix_path.sh'
[6.465s] Level 1:colcon.colcon_core.environment:checking '/home/fanshihao/Desktop/ICRA2027_TELEOP/arm_teleop/install/linkerta/lib'
[6.465s] Level 1:colcon.colcon_core.environment:checking '/home/fanshihao/Desktop/ICRA2027_TELEOP/arm_teleop/install/linkerta/bin'
[6.465s] Level 1:colcon.colcon_core.environment:checking '/home/fanshihao/Desktop/ICRA2027_TELEOP/arm_teleop/install/linkerta/lib/pkgconfig/linkerta.pc'
[6.465s] Level 1:colcon.colcon_core.environment:checking '/home/fanshihao/Desktop/ICRA2027_TELEOP/arm_teleop/install/linkerta/lib/python3.10/site-packages'
[6.465s] Level 1:colcon.colcon_core.environment:checking '/home/fanshihao/Desktop/ICRA2027_TELEOP/arm_teleop/install/linkerta/bin'
[6.466s] INFO:colcon.colcon_core.shell:Creating package script '/home/fanshihao/Desktop/ICRA2027_TELEOP/arm_teleop/install/linkerta/share/linkerta/package.ps1'
[6.466s] INFO:colcon.colcon_core.shell:Creating package descriptor '/home/fanshihao/Desktop/ICRA2027_TELEOP/arm_teleop/install/linkerta/share/linkerta/package.dsv'
[6.467s] INFO:colcon.colcon_core.shell:Creating package script '/home/fanshihao/Desktop/ICRA2027_TELEOP/arm_teleop/install/linkerta/share/linkerta/package.sh'
[6.467s] INFO:colcon.colcon_core.shell:Creating package script '/home/fanshihao/Desktop/ICRA2027_TELEOP/arm_teleop/install/linkerta/share/linkerta/package.bash'
[6.467s] INFO:colcon.colcon_core.shell:Creating package script '/home/fanshihao/Desktop/ICRA2027_TELEOP/arm_teleop/install/linkerta/share/linkerta/package.zsh'
[6.468s] Level 1:colcon.colcon_core.environment:create_file_with_runtime_dependencies(/home/fanshihao/Desktop/ICRA2027_TELEOP/arm_teleop/install/linkerta/share/colcon-core/packages/linkerta)
[6.468s] Level 1:colcon.colcon_core.environment:create_environment_scripts_only(linkerta)
[6.468s] Level 1:colcon.colcon_core.environment:checking '/home/fanshihao/Desktop/ICRA2027_TELEOP/arm_teleop/install/linkerta' for CMake module files
[6.469s] Level 1:colcon.colcon_core.environment:checking '/home/fanshihao/Desktop/ICRA2027_TELEOP/arm_teleop/install/linkerta' for CMake config files
[6.469s] Level 1:colcon.colcon_core.shell:create_environment_hook('linkerta', 'cmake_prefix_path')
[6.469s] INFO:colcon.colcon_core.shell:Creating environment hook '/home/fanshihao/Desktop/ICRA2027_TELEOP/arm_teleop/install/linkerta/share/linkerta/hook/cmake_prefix_path.ps1'
[6.469s] INFO:colcon.colcon_core.shell:Creating environment descriptor '/home/fanshihao/Desktop/ICRA2027_TELEOP/arm_teleop/install/linkerta/share/linkerta/hook/cmake_prefix_path.dsv'
[6.469s] INFO:colcon.colcon_core.shell:Creating environment hook '/home/fanshihao/Desktop/ICRA2027_TELEOP/arm_teleop/install/linkerta/share/linkerta/hook/cmake_prefix_path.sh'
[6.470s] Level 1:colcon.colcon_core.environment:checking '/home/fanshihao/Desktop/ICRA2027_TELEOP/arm_teleop/install/linkerta/lib'
[6.470s] Level 1:colcon.colcon_core.environment:checking '/home/fanshihao/Desktop/ICRA2027_TELEOP/arm_teleop/install/linkerta/bin'
[6.470s] Level 1:colcon.colcon_core.environment:checking '/home/fanshihao/Desktop/ICRA2027_TELEOP/arm_teleop/install/linkerta/lib/pkgconfig/linkerta.pc'
[6.470s] Level 1:colcon.colcon_core.environment:checking '/home/fanshihao/Desktop/ICRA2027_TELEOP/arm_teleop/install/linkerta/lib/python3.10/site-packages'
[6.470s] Level 1:colcon.colcon_core.environment:checking '/home/fanshihao/Desktop/ICRA2027_TELEOP/arm_teleop/install/linkerta/bin'
[6.470s] INFO:colcon.colcon_core.shell:Creating package script '/home/fanshihao/Desktop/ICRA2027_TELEOP/arm_teleop/install/linkerta/share/linkerta/package.ps1'
[6.470s] INFO:colcon.colcon_core.shell:Creating package descriptor '/home/fanshihao/Desktop/ICRA2027_TELEOP/arm_teleop/install/linkerta/share/linkerta/package.dsv'
[6.471s] INFO:colcon.colcon_core.shell:Creating package script '/home/fanshihao/Desktop/ICRA2027_TELEOP/arm_teleop/install/linkerta/share/linkerta/package.sh'
[6.471s] INFO:colcon.colcon_core.shell:Creating package script '/home/fanshihao/Desktop/ICRA2027_TELEOP/arm_teleop/install/linkerta/share/linkerta/package.bash'
[6.471s] INFO:colcon.colcon_core.shell:Creating package script '/home/fanshihao/Desktop/ICRA2027_TELEOP/arm_teleop/install/linkerta/share/linkerta/package.zsh'
[6.471s] Level 1:colcon.colcon_core.environment:create_file_with_runtime_dependencies(/home/fanshihao/Desktop/ICRA2027_TELEOP/arm_teleop/install/linkerta/share/colcon-core/packages/linkerta)
[8.114s] DEBUG:colcon.colcon_core.event_handler.log_command:Invoked command in '/home/fanshihao/Desktop/ICRA2027_TELEOP/arm_teleop/build/lbot_arm_interfaces' returned '0': CMAKE_PREFIX_PATH=/opt/ros/humble CONDA_PROMPT_MODIFIER=(base) /usr/bin/cmake --build /home/fanshihao/Desktop/ICRA2027_TELEOP/arm_teleop/build/lbot_arm_interfaces -- -j24 -l24
[8.116s] DEBUG:colcon.colcon_core.event_handler.log_command:Invoking command in '/home/fanshihao/Desktop/ICRA2027_TELEOP/arm_teleop/build/lbot_arm_interfaces': CMAKE_PREFIX_PATH=/opt/ros/humble CONDA_PROMPT_MODIFIER=(base) /usr/bin/cmake --install /home/fanshihao/Desktop/ICRA2027_TELEOP/arm_teleop/build/lbot_arm_interfaces
[12.078s] Level 1:colcon.colcon_core.environment:create_environment_scripts_only(lbot_arm_interfaces)
[12.078s] Level 1:colcon.colcon_core.environment:checking '/home/fanshihao/Desktop/ICRA2027_TELEOP/arm_teleop/install/lbot_arm_interfaces' for CMake module files
[12.079s] DEBUG:colcon.colcon_core.event_handler.log_command:Invoked command in '/home/fanshihao/Desktop/ICRA2027_TELEOP/arm_teleop/build/lbot_arm_interfaces' returned '0': CMAKE_PREFIX_PATH=/opt/ros/humble CONDA_PROMPT_MODIFIER=(base) /usr/bin/cmake --install /home/fanshihao/Desktop/ICRA2027_TELEOP/arm_teleop/build/lbot_arm_interfaces
[12.079s] Level 1:colcon.colcon_core.environment:checking '/home/fanshihao/Desktop/ICRA2027_TELEOP/arm_teleop/install/lbot_arm_interfaces' for CMake config files
[12.081s] Level 1:colcon.colcon_core.shell:create_environment_hook('lbot_arm_interfaces', 'cmake_prefix_path')
[12.081s] INFO:colcon.colcon_core.shell:Creating environment hook '/home/fanshihao/Desktop/ICRA2027_TELEOP/arm_teleop/install/lbot_arm_interfaces/share/lbot_arm_interfaces/hook/cmake_prefix_path.ps1'
[12.081s] INFO:colcon.colcon_core.shell:Creating environment descriptor '/home/fanshihao/Desktop/ICRA2027_TELEOP/arm_teleop/install/lbot_arm_interfaces/share/lbot_arm_interfaces/hook/cmake_prefix_path.dsv'
[12.081s] INFO:colcon.colcon_core.shell:Creating environment hook '/home/fanshihao/Desktop/ICRA2027_TELEOP/arm_teleop/install/lbot_arm_interfaces/share/lbot_arm_interfaces/hook/cmake_prefix_path.sh'
[12.082s] Level 1:colcon.colcon_core.environment:checking '/home/fanshihao/Desktop/ICRA2027_TELEOP/arm_teleop/install/lbot_arm_interfaces/lib'
[12.082s] Level 1:colcon.colcon_core.shell:create_environment_hook('lbot_arm_interfaces', 'ld_library_path_lib')
[12.082s] INFO:colcon.colcon_core.shell:Creating environment hook '/home/fanshihao/Desktop/ICRA2027_TELEOP/arm_teleop/install/lbot_arm_interfaces/share/lbot_arm_interfaces/hook/ld_library_path_lib.ps1'
[12.082s] INFO:colcon.colcon_core.shell:Creating environment descriptor '/home/fanshihao/Desktop/ICRA2027_TELEOP/arm_teleop/install/lbot_arm_interfaces/share/lbot_arm_interfaces/hook/ld_library_path_lib.dsv'
[12.082s] INFO:colcon.colcon_core.shell:Creating environment hook '/home/fanshihao/Desktop/ICRA2027_TELEOP/arm_teleop/install/lbot_arm_interfaces/share/lbot_arm_interfaces/hook/ld_library_path_lib.sh'
[12.082s] Level 1:colcon.colcon_core.environment:checking '/home/fanshihao/Desktop/ICRA2027_TELEOP/arm_teleop/install/lbot_arm_interfaces/bin'
[12.082s] Level 1:colcon.colcon_core.environment:checking '/home/fanshihao/Desktop/ICRA2027_TELEOP/arm_teleop/install/lbot_arm_interfaces/lib/pkgconfig/lbot_arm_interfaces.pc'
[12.082s] Level 1:colcon.colcon_core.environment:checking '/home/fanshihao/Desktop/ICRA2027_TELEOP/arm_teleop/install/lbot_arm_interfaces/lib/python3.10/site-packages'
[12.083s] Level 1:colcon.colcon_core.environment:checking '/home/fanshihao/Desktop/ICRA2027_TELEOP/arm_teleop/install/lbot_arm_interfaces/bin'
[12.083s] INFO:colcon.colcon_core.shell:Creating package script '/home/fanshihao/Desktop/ICRA2027_TELEOP/arm_teleop/install/lbot_arm_interfaces/share/lbot_arm_interfaces/package.ps1'
[12.083s] INFO:colcon.colcon_core.shell:Creating package descriptor '/home/fanshihao/Desktop/ICRA2027_TELEOP/arm_teleop/install/lbot_arm_interfaces/share/lbot_arm_interfaces/package.dsv'
[12.084s] INFO:colcon.colcon_core.shell:Creating package script '/home/fanshihao/Desktop/ICRA2027_TELEOP/arm_teleop/install/lbot_arm_interfaces/share/lbot_arm_interfaces/package.sh'
[12.084s] INFO:colcon.colcon_core.shell:Creating package script '/home/fanshihao/Desktop/ICRA2027_TELEOP/arm_teleop/install/lbot_arm_interfaces/share/lbot_arm_interfaces/package.bash'
[12.085s] INFO:colcon.colcon_core.shell:Creating package script '/home/fanshihao/Desktop/ICRA2027_TELEOP/arm_teleop/install/lbot_arm_interfaces/share/lbot_arm_interfaces/package.zsh'
[12.085s] Level 1:colcon.colcon_core.environment:create_file_with_runtime_dependencies(/home/fanshihao/Desktop/ICRA2027_TELEOP/arm_teleop/install/lbot_arm_interfaces/share/colcon-core/packages/lbot_arm_interfaces)
[12.086s] Level 1:colcon.colcon_core.environment:create_environment_scripts_only(lbot_arm_interfaces)
[12.086s] Level 1:colcon.colcon_core.environment:checking '/home/fanshihao/Desktop/ICRA2027_TELEOP/arm_teleop/install/lbot_arm_interfaces' for CMake module files
[12.086s] Level 1:colcon.colcon_core.environment:checking '/home/fanshihao/Desktop/ICRA2027_TELEOP/arm_teleop/install/lbot_arm_interfaces' for CMake config files
[12.090s] Level 1:colcon.colcon_core.shell:create_environment_hook('lbot_arm_interfaces', 'cmake_prefix_path')
[12.090s] INFO:colcon.colcon_core.shell:Creating environment hook '/home/fanshihao/Desktop/ICRA2027_TELEOP/arm_teleop/install/lbot_arm_interfaces/share/lbot_arm_interfaces/hook/cmake_prefix_path.ps1'
[12.091s] INFO:colcon.colcon_core.shell:Creating environment descriptor '/home/fanshihao/Desktop/ICRA2027_TELEOP/arm_teleop/install/lbot_arm_interfaces/share/lbot_arm_interfaces/hook/cmake_prefix_path.dsv'
[12.092s] INFO:colcon.colcon_core.shell:Creating environment hook '/home/fanshihao/Desktop/ICRA2027_TELEOP/arm_teleop/install/lbot_arm_interfaces/share/lbot_arm_interfaces/hook/cmake_prefix_path.sh'
[12.092s] Level 1:colcon.colcon_core.environment:checking '/home/fanshihao/Desktop/ICRA2027_TELEOP/arm_teleop/install/lbot_arm_interfaces/lib'
[12.092s] Level 1:colcon.colcon_core.shell:create_environment_hook('lbot_arm_interfaces', 'ld_library_path_lib')
[12.093s] INFO:colcon.colcon_core.shell:Creating environment hook '/home/fanshihao/Desktop/ICRA2027_TELEOP/arm_teleop/install/lbot_arm_interfaces/share/lbot_arm_interfaces/hook/ld_library_path_lib.ps1'
[12.093s] INFO:colcon.colcon_core.shell:Creating environment descriptor '/home/fanshihao/Desktop/ICRA2027_TELEOP/arm_teleop/install/lbot_arm_interfaces/share/lbot_arm_interfaces/hook/ld_library_path_lib.dsv'
[12.094s] INFO:colcon.colcon_core.shell:Creating environment hook '/home/fanshihao/Desktop/ICRA2027_TELEOP/arm_teleop/install/lbot_arm_interfaces/share/lbot_arm_interfaces/hook/ld_library_path_lib.sh'
[12.094s] Level 1:colcon.colcon_core.environment:checking '/home/fanshihao/Desktop/ICRA2027_TELEOP/arm_teleop/install/lbot_arm_interfaces/bin'
[12.094s] Level 1:colcon.colcon_core.environment:checking '/home/fanshihao/Desktop/ICRA2027_TELEOP/arm_teleop/install/lbot_arm_interfaces/lib/pkgconfig/lbot_arm_interfaces.pc'
[12.094s] Level 1:colcon.colcon_core.environment:checking '/home/fanshihao/Desktop/ICRA2027_TELEOP/arm_teleop/install/lbot_arm_interfaces/lib/python3.10/site-packages'
[12.094s] Level 1:colcon.colcon_core.environment:checking '/home/fanshihao/Desktop/ICRA2027_TELEOP/arm_teleop/install/lbot_arm_interfaces/bin'
[12.094s] INFO:colcon.colcon_core.shell:Creating package script '/home/fanshihao/Desktop/ICRA2027_TELEOP/arm_teleop/install/lbot_arm_interfaces/share/lbot_arm_interfaces/package.ps1'
[12.095s] INFO:colcon.colcon_core.shell:Creating package descriptor '/home/fanshihao/Desktop/ICRA2027_TELEOP/arm_teleop/install/lbot_arm_interfaces/share/lbot_arm_interfaces/package.dsv'
[12.095s] INFO:colcon.colcon_core.shell:Creating package script '/home/fanshihao/Desktop/ICRA2027_TELEOP/arm_teleop/install/lbot_arm_interfaces/share/lbot_arm_interfaces/package.sh'
[12.095s] INFO:colcon.colcon_core.shell:Creating package script '/home/fanshihao/Desktop/ICRA2027_TELEOP/arm_teleop/install/lbot_arm_interfaces/share/lbot_arm_interfaces/package.bash'
[12.095s] INFO:colcon.colcon_core.shell:Creating package script '/home/fanshihao/Desktop/ICRA2027_TELEOP/arm_teleop/install/lbot_arm_interfaces/share/lbot_arm_interfaces/package.zsh'
[12.096s] Level 1:colcon.colcon_core.environment:create_file_with_runtime_dependencies(/home/fanshihao/Desktop/ICRA2027_TELEOP/arm_teleop/install/lbot_arm_interfaces/share/colcon-core/packages/lbot_arm_interfaces)
[12.096s] INFO:colcon.colcon_ros.task.ament_cmake.build:Building ROS package in '/home/fanshihao/Desktop/ICRA2027_TELEOP/arm_teleop/src/lbot_demo' with build type 'ament_cmake'
[12.096s] INFO:colcon.colcon_cmake.task.cmake.build:Building CMake package in '/home/fanshihao/Desktop/ICRA2027_TELEOP/arm_teleop/src/lbot_demo'
[12.096s] INFO:colcon.colcon_core.shell:Skip shell extension 'powershell' for command environment: Not usable outside of PowerShell
[12.096s] DEBUG:colcon.colcon_core.shell:Skip shell extension 'dsv' for command environment
[12.098s] INFO:colcon.colcon_ros.task.ament_cmake.build:Building ROS package in '/home/fanshihao/Desktop/ICRA2027_TELEOP/arm_teleop/src/lbot_driver' with build type 'ament_cmake'
[12.098s] INFO:colcon.colcon_cmake.task.cmake.build:Building CMake package in '/home/fanshihao/Desktop/ICRA2027_TELEOP/arm_teleop/src/lbot_driver'
[12.098s] INFO:colcon.colcon_core.shell:Skip shell extension 'powershell' for command environment: Not usable outside of PowerShell
[12.098s] DEBUG:colcon.colcon_core.shell:Skip shell extension 'dsv' for command environment
[12.100s] INFO:colcon.colcon_ros.task.ament_cmake.build:Building ROS package in '/home/fanshihao/Desktop/ICRA2027_TELEOP/arm_teleop/src/lbot_teleop' with build type 'ament_cmake'
[12.100s] INFO:colcon.colcon_cmake.task.cmake.build:Building CMake package in '/home/fanshihao/Desktop/ICRA2027_TELEOP/arm_teleop/src/lbot_teleop'
[12.100s] INFO:colcon.colcon_core.shell:Skip shell extension 'powershell' for command environment: Not usable outside of PowerShell
[12.100s] DEBUG:colcon.colcon_core.shell:Skip shell extension 'dsv' for command environment
[12.103s] DEBUG:colcon.colcon_core.event_handler.log_command:Invoking command in '/home/fanshihao/Desktop/ICRA2027_TELEOP/arm_teleop/build/lbot_demo': AMENT_PREFIX_PATH=/home/fanshihao/Desktop/ICRA2027_TELEOP/arm_teleop/install/lbot_arm_interfaces:${AMENT_PREFIX_PATH} CMAKE_PREFIX_PATH=/home/fanshihao/Desktop/ICRA2027_TELEOP/arm_teleop/install/lbot_arm_interfaces:/opt/ros/humble CONDA_PROMPT_MODIFIER=(base) LD_LIBRARY_PATH=/home/fanshihao/Desktop/ICRA2027_TELEOP/arm_teleop/install/lbot_arm_interfaces/lib:/opt/ros/humble/lib/x86_64-linux-gnu:/opt/ros/humble/lib:/usr/local/cuda/lib64 PYTHONPATH=/home/fanshihao/Desktop/ICRA2027_TELEOP/arm_teleop/install/lbot_arm_interfaces/local/lib/python3.10/dist-packages:${PYTHONPATH} /usr/bin/cmake /home/fanshihao/Desktop/ICRA2027_TELEOP/arm_teleop/src/lbot_demo -DAMENT_CMAKE_SYMLINK_INSTALL=1 -DCMAKE_INSTALL_PREFIX=/home/fanshihao/Desktop/ICRA2027_TELEOP/arm_teleop/install/lbot_demo
[12.105s] DEBUG:colcon.colcon_core.event_handler.log_command:Invoking command in '/home/fanshihao/Desktop/ICRA2027_TELEOP/arm_teleop/build/lbot_driver': AMENT_PREFIX_PATH=/home/fanshihao/Desktop/ICRA2027_TELEOP/arm_teleop/install/lbot_arm_interfaces:${AMENT_PREFIX_PATH} CMAKE_PREFIX_PATH=/home/fanshihao/Desktop/ICRA2027_TELEOP/arm_teleop/install/lbot_arm_interfaces:/opt/ros/humble CONDA_PROMPT_MODIFIER=(base) LD_LIBRARY_PATH=/home/fanshihao/Desktop/ICRA2027_TELEOP/arm_teleop/install/lbot_arm_interfaces/lib:/opt/ros/humble/lib/x86_64-linux-gnu:/opt/ros/humble/lib:/usr/local/cuda/lib64 PYTHONPATH=/home/fanshihao/Desktop/ICRA2027_TELEOP/arm_teleop/install/lbot_arm_interfaces/local/lib/python3.10/dist-packages:${PYTHONPATH} /usr/bin/cmake /home/fanshihao/Desktop/ICRA2027_TELEOP/arm_teleop/src/lbot_driver -DAMENT_CMAKE_SYMLINK_INSTALL=1 -DCMAKE_INSTALL_PREFIX=/home/fanshihao/Desktop/ICRA2027_TELEOP/arm_teleop/install/lbot_driver
[12.106s] DEBUG:colcon.colcon_core.event_handler.log_command:Invoking command in '/home/fanshihao/Desktop/ICRA2027_TELEOP/arm_teleop/build/lbot_teleop': AMENT_PREFIX_PATH=/home/fanshihao/Desktop/ICRA2027_TELEOP/arm_teleop/install/lbot_arm_interfaces:${AMENT_PREFIX_PATH} CMAKE_PREFIX_PATH=/home/fanshihao/Desktop/ICRA2027_TELEOP/arm_teleop/install/lbot_arm_interfaces:/opt/ros/humble CONDA_PROMPT_MODIFIER=(base) LD_LIBRARY_PATH=/home/fanshihao/Desktop/ICRA2027_TELEOP/arm_teleop/install/lbot_arm_interfaces/lib:/opt/ros/humble/lib/x86_64-linux-gnu:/opt/ros/humble/lib:/usr/local/cuda/lib64 PYTHONPATH=/home/fanshihao/Desktop/ICRA2027_TELEOP/arm_teleop/install/lbot_arm_interfaces/local/lib/python3.10/dist-packages:${PYTHONPATH} /usr/bin/cmake /home/fanshihao/Desktop/ICRA2027_TELEOP/arm_teleop/src/lbot_teleop -DAMENT_CMAKE_SYMLINK_INSTALL=1 -DCMAKE_INSTALL_PREFIX=/home/fanshihao/Desktop/ICRA2027_TELEOP/arm_teleop/install/lbot_teleop
[13.100s] DEBUG:colcon.colcon_core.event_handler.log_command:Invoked command in '/home/fanshihao/Desktop/ICRA2027_TELEOP/arm_teleop/build/lbot_teleop' returned '0': AMENT_PREFIX_PATH=/home/fanshihao/Desktop/ICRA2027_TELEOP/arm_teleop/install/lbot_arm_interfaces:${AMENT_PREFIX_PATH} CMAKE_PREFIX_PATH=/home/fanshihao/Desktop/ICRA2027_TELEOP/arm_teleop/install/lbot_arm_interfaces:/opt/ros/humble CONDA_PROMPT_MODIFIER=(base) LD_LIBRARY_PATH=/home/fanshihao/Desktop/ICRA2027_TELEOP/arm_teleop/install/lbot_arm_interfaces/lib:/opt/ros/humble/lib/x86_64-linux-gnu:/opt/ros/humble/lib:/usr/local/cuda/lib64 PYTHONPATH=/home/fanshihao/Desktop/ICRA2027_TELEOP/arm_teleop/install/lbot_arm_interfaces/local/lib/python3.10/dist-packages:${PYTHONPATH} /usr/bin/cmake /home/fanshihao/Desktop/ICRA2027_TELEOP/arm_teleop/src/lbot_teleop -DAMENT_CMAKE_SYMLINK_INSTALL=1 -DCMAKE_INSTALL_PREFIX=/home/fanshihao/Desktop/ICRA2027_TELEOP/arm_teleop/install/lbot_teleop
[13.101s] DEBUG:colcon.colcon_core.event_handler.log_command:Invoking command in '/home/fanshihao/Desktop/ICRA2027_TELEOP/arm_teleop/build/lbot_teleop': AMENT_PREFIX_PATH=/home/fanshihao/Desktop/ICRA2027_TELEOP/arm_teleop/install/lbot_arm_interfaces:${AMENT_PREFIX_PATH} CMAKE_PREFIX_PATH=/home/fanshihao/Desktop/ICRA2027_TELEOP/arm_teleop/install/lbot_arm_interfaces:/opt/ros/humble CONDA_PROMPT_MODIFIER=(base) LD_LIBRARY_PATH=/home/fanshihao/Desktop/ICRA2027_TELEOP/arm_teleop/install/lbot_arm_interfaces/lib:/opt/ros/humble/lib/x86_64-linux-gnu:/opt/ros/humble/lib:/usr/local/cuda/lib64 PYTHONPATH=/home/fanshihao/Desktop/ICRA2027_TELEOP/arm_teleop/install/lbot_arm_interfaces/local/lib/python3.10/dist-packages:${PYTHONPATH} /usr/bin/cmake --build /home/fanshihao/Desktop/ICRA2027_TELEOP/arm_teleop/build/lbot_teleop -- -j24 -l24
[13.219s] DEBUG:colcon.colcon_core.event_handler.log_command:Invoked command in '/home/fanshihao/Desktop/ICRA2027_TELEOP/arm_teleop/build/lbot_driver' returned '0': AMENT_PREFIX_PATH=/home/fanshihao/Desktop/ICRA2027_TELEOP/arm_teleop/install/lbot_arm_interfaces:${AMENT_PREFIX_PATH} CMAKE_PREFIX_PATH=/home/fanshihao/Desktop/ICRA2027_TELEOP/arm_teleop/install/lbot_arm_interfaces:/opt/ros/humble CONDA_PROMPT_MODIFIER=(base) LD_LIBRARY_PATH=/home/fanshihao/Desktop/ICRA2027_TELEOP/arm_teleop/install/lbot_arm_interfaces/lib:/opt/ros/humble/lib/x86_64-linux-gnu:/opt/ros/humble/lib:/usr/local/cuda/lib64 PYTHONPATH=/home/fanshihao/Desktop/ICRA2027_TELEOP/arm_teleop/install/lbot_arm_interfaces/local/lib/python3.10/dist-packages:${PYTHONPATH} /usr/bin/cmake /home/fanshihao/Desktop/ICRA2027_TELEOP/arm_teleop/src/lbot_driver -DAMENT_CMAKE_SYMLINK_INSTALL=1 -DCMAKE_INSTALL_PREFIX=/home/fanshihao/Desktop/ICRA2027_TELEOP/arm_teleop/install/lbot_driver
[13.220s] DEBUG:colcon.colcon_core.event_handler.log_command:Invoking command in '/home/fanshihao/Desktop/ICRA2027_TELEOP/arm_teleop/build/lbot_driver': AMENT_PREFIX_PATH=/home/fanshihao/Desktop/ICRA2027_TELEOP/arm_teleop/install/lbot_arm_interfaces:${AMENT_PREFIX_PATH} CMAKE_PREFIX_PATH=/home/fanshihao/Desktop/ICRA2027_TELEOP/arm_teleop/install/lbot_arm_interfaces:/opt/ros/humble CONDA_PROMPT_MODIFIER=(base) LD_LIBRARY_PATH=/home/fanshihao/Desktop/ICRA2027_TELEOP/arm_teleop/install/lbot_arm_interfaces/lib:/opt/ros/humble/lib/x86_64-linux-gnu:/opt/ros/humble/lib:/usr/local/cuda/lib64 PYTHONPATH=/home/fanshihao/Desktop/ICRA2027_TELEOP/arm_teleop/install/lbot_arm_interfaces/local/lib/python3.10/dist-packages:${PYTHONPATH} /usr/bin/cmake --build /home/fanshihao/Desktop/ICRA2027_TELEOP/arm_teleop/build/lbot_driver -- -j24 -l24
[13.274s] DEBUG:colcon.colcon_core.event_handler.log_command:Invoked command in '/home/fanshihao/Desktop/ICRA2027_TELEOP/arm_teleop/build/lbot_demo' returned '0': AMENT_PREFIX_PATH=/home/fanshihao/Desktop/ICRA2027_TELEOP/arm_teleop/install/lbot_arm_interfaces:${AMENT_PREFIX_PATH} CMAKE_PREFIX_PATH=/home/fanshihao/Desktop/ICRA2027_TELEOP/arm_teleop/install/lbot_arm_interfaces:/opt/ros/humble CONDA_PROMPT_MODIFIER=(base) LD_LIBRARY_PATH=/home/fanshihao/Desktop/ICRA2027_TELEOP/arm_teleop/install/lbot_arm_interfaces/lib:/opt/ros/humble/lib/x86_64-linux-gnu:/opt/ros/humble/lib:/usr/local/cuda/lib64 PYTHONPATH=/home/fanshihao/Desktop/ICRA2027_TELEOP/arm_teleop/install/lbot_arm_interfaces/local/lib/python3.10/dist-packages:${PYTHONPATH} /usr/bin/cmake /home/fanshihao/Desktop/ICRA2027_TELEOP/arm_teleop/src/lbot_demo -DAMENT_CMAKE_SYMLINK_INSTALL=1 -DCMAKE_INSTALL_PREFIX=/home/fanshihao/Desktop/ICRA2027_TELEOP/arm_teleop/install/lbot_demo
[13.275s] DEBUG:colcon.colcon_core.event_handler.log_command:Invoking command in '/home/fanshihao/Desktop/ICRA2027_TELEOP/arm_teleop/build/lbot_demo': AMENT_PREFIX_PATH=/home/fanshihao/Desktop/ICRA2027_TELEOP/arm_teleop/install/lbot_arm_interfaces:${AMENT_PREFIX_PATH} CMAKE_PREFIX_PATH=/home/fanshihao/Desktop/ICRA2027_TELEOP/arm_teleop/install/lbot_arm_interfaces:/opt/ros/humble CONDA_PROMPT_MODIFIER=(base) LD_LIBRARY_PATH=/home/fanshihao/Desktop/ICRA2027_TELEOP/arm_teleop/install/lbot_arm_interfaces/lib:/opt/ros/humble/lib/x86_64-linux-gnu:/opt/ros/humble/lib:/usr/local/cuda/lib64 PYTHONPATH=/home/fanshihao/Desktop/ICRA2027_TELEOP/arm_teleop/install/lbot_arm_interfaces/local/lib/python3.10/dist-packages:${PYTHONPATH} /usr/bin/cmake --build /home/fanshihao/Desktop/ICRA2027_TELEOP/arm_teleop/build/lbot_demo -- -j24 -l24
[22.730s] DEBUG:colcon.colcon_core.event_handler.log_command:Invoked command in '/home/fanshihao/Desktop/ICRA2027_TELEOP/arm_teleop/build/lbot_demo' returned '0': AMENT_PREFIX_PATH=/home/fanshihao/Desktop/ICRA2027_TELEOP/arm_teleop/install/lbot_arm_interfaces:${AMENT_PREFIX_PATH} CMAKE_PREFIX_PATH=/home/fanshihao/Desktop/ICRA2027_TELEOP/arm_teleop/install/lbot_arm_interfaces:/opt/ros/humble CONDA_PROMPT_MODIFIER=(base) LD_LIBRARY_PATH=/home/fanshihao/Desktop/ICRA2027_TELEOP/arm_teleop/install/lbot_arm_interfaces/lib:/opt/ros/humble/lib/x86_64-linux-gnu:/opt/ros/humble/lib:/usr/local/cuda/lib64 PYTHONPATH=/home/fanshihao/Desktop/ICRA2027_TELEOP/arm_teleop/install/lbot_arm_interfaces/local/lib/python3.10/dist-packages:${PYTHONPATH} /usr/bin/cmake --build /home/fanshihao/Desktop/ICRA2027_TELEOP/arm_teleop/build/lbot_demo -- -j24 -l24
[22.734s] DEBUG:colcon.colcon_core.event_handler.log_command:Invoking command in '/home/fanshihao/Desktop/ICRA2027_TELEOP/arm_teleop/build/lbot_demo': AMENT_PREFIX_PATH=/home/fanshihao/Desktop/ICRA2027_TELEOP/arm_teleop/install/lbot_arm_interfaces:${AMENT_PREFIX_PATH} CMAKE_PREFIX_PATH=/home/fanshihao/Desktop/ICRA2027_TELEOP/arm_teleop/install/lbot_arm_interfaces:/opt/ros/humble CONDA_PROMPT_MODIFIER=(base) LD_LIBRARY_PATH=/home/fanshihao/Desktop/ICRA2027_TELEOP/arm_teleop/install/lbot_arm_interfaces/lib:/opt/ros/humble/lib/x86_64-linux-gnu:/opt/ros/humble/lib:/usr/local/cuda/lib64 PYTHONPATH=/home/fanshihao/Desktop/ICRA2027_TELEOP/arm_teleop/install/lbot_arm_interfaces/local/lib/python3.10/dist-packages:${PYTHONPATH} /usr/bin/cmake --install /home/fanshihao/Desktop/ICRA2027_TELEOP/arm_teleop/build/lbot_demo
[22.783s] DEBUG:colcon.colcon_core.event_handler.log_command:Invoked command in '/home/fanshihao/Desktop/ICRA2027_TELEOP/arm_teleop/build/lbot_teleop' returned '0': AMENT_PREFIX_PATH=/home/fanshihao/Desktop/ICRA2027_TELEOP/arm_teleop/install/lbot_arm_interfaces:${AMENT_PREFIX_PATH} CMAKE_PREFIX_PATH=/home/fanshihao/Desktop/ICRA2027_TELEOP/arm_teleop/install/lbot_arm_interfaces:/opt/ros/humble CONDA_PROMPT_MODIFIER=(base) LD_LIBRARY_PATH=/home/fanshihao/Desktop/ICRA2027_TELEOP/arm_teleop/install/lbot_arm_interfaces/lib:/opt/ros/humble/lib/x86_64-linux-gnu:/opt/ros/humble/lib:/usr/local/cuda/lib64 PYTHONPATH=/home/fanshihao/Desktop/ICRA2027_TELEOP/arm_teleop/install/lbot_arm_interfaces/local/lib/python3.10/dist-packages:${PYTHONPATH} /usr/bin/cmake --build /home/fanshihao/Desktop/ICRA2027_TELEOP/arm_teleop/build/lbot_teleop -- -j24 -l24
[22.784s] DEBUG:colcon.colcon_core.event_handler.log_command:Invoking command in '/home/fanshihao/Desktop/ICRA2027_TELEOP/arm_teleop/build/lbot_teleop': AMENT_PREFIX_PATH=/home/fanshihao/Desktop/ICRA2027_TELEOP/arm_teleop/install/lbot_arm_interfaces:${AMENT_PREFIX_PATH} CMAKE_PREFIX_PATH=/home/fanshihao/Desktop/ICRA2027_TELEOP/arm_teleop/install/lbot_arm_interfaces:/opt/ros/humble CONDA_PROMPT_MODIFIER=(base) LD_LIBRARY_PATH=/home/fanshihao/Desktop/ICRA2027_TELEOP/arm_teleop/install/lbot_arm_interfaces/lib:/opt/ros/humble/lib/x86_64-linux-gnu:/opt/ros/humble/lib:/usr/local/cuda/lib64 PYTHONPATH=/home/fanshihao/Desktop/ICRA2027_TELEOP/arm_teleop/install/lbot_arm_interfaces/local/lib/python3.10/dist-packages:${PYTHONPATH} /usr/bin/cmake --install /home/fanshihao/Desktop/ICRA2027_TELEOP/arm_teleop/build/lbot_teleop
[22.956s] Level 1:colcon.colcon_core.environment:create_environment_scripts_only(lbot_teleop)
[22.956s] Level 1:colcon.colcon_core.environment:checking '/home/fanshihao/Desktop/ICRA2027_TELEOP/arm_teleop/install/lbot_teleop' for CMake module files
[22.956s] DEBUG:colcon.colcon_core.event_handler.log_command:Invoked command in '/home/fanshihao/Desktop/ICRA2027_TELEOP/arm_teleop/build/lbot_teleop' returned '0': AMENT_PREFIX_PATH=/home/fanshihao/Desktop/ICRA2027_TELEOP/arm_teleop/install/lbot_arm_interfaces:${AMENT_PREFIX_PATH} CMAKE_PREFIX_PATH=/home/fanshihao/Desktop/ICRA2027_TELEOP/arm_teleop/install/lbot_arm_interfaces:/opt/ros/humble CONDA_PROMPT_MODIFIER=(base) LD_LIBRARY_PATH=/home/fanshihao/Desktop/ICRA2027_TELEOP/arm_teleop/install/lbot_arm_interfaces/lib:/opt/ros/humble/lib/x86_64-linux-gnu:/opt/ros/humble/lib:/usr/local/cuda/lib64 PYTHONPATH=/home/fanshihao/Desktop/ICRA2027_TELEOP/arm_teleop/install/lbot_arm_interfaces/local/lib/python3.10/dist-packages:${PYTHONPATH} /usr/bin/cmake --install /home/fanshihao/Desktop/ICRA2027_TELEOP/arm_teleop/build/lbot_teleop
[22.957s] Level 1:colcon.colcon_core.environment:checking '/home/fanshihao/Desktop/ICRA2027_TELEOP/arm_teleop/install/lbot_teleop' for CMake config files
[22.957s] Level 1:colcon.colcon_core.shell:create_environment_hook('lbot_teleop', 'cmake_prefix_path')
[22.957s] INFO:colcon.colcon_core.shell:Creating environment hook '/home/fanshihao/Desktop/ICRA2027_TELEOP/arm_teleop/install/lbot_teleop/share/lbot_teleop/hook/cmake_prefix_path.ps1'
[22.957s] INFO:colcon.colcon_core.shell:Creating environment descriptor '/home/fanshihao/Desktop/ICRA2027_TELEOP/arm_teleop/install/lbot_teleop/share/lbot_teleop/hook/cmake_prefix_path.dsv'
[22.958s] INFO:colcon.colcon_core.shell:Creating environment hook '/home/fanshihao/Desktop/ICRA2027_TELEOP/arm_teleop/install/lbot_teleop/share/lbot_teleop/hook/cmake_prefix_path.sh'
[22.958s] Level 1:colcon.colcon_core.environment:checking '/home/fanshihao/Desktop/ICRA2027_TELEOP/arm_teleop/install/lbot_teleop/lib'
[22.958s] Level 1:colcon.colcon_core.environment:checking '/home/fanshihao/Desktop/ICRA2027_TELEOP/arm_teleop/install/lbot_teleop/bin'
[22.958s] Level 1:colcon.colcon_core.environment:checking '/home/fanshihao/Desktop/ICRA2027_TELEOP/arm_teleop/install/lbot_teleop/lib/pkgconfig/lbot_teleop.pc'
[22.958s] Level 1:colcon.colcon_core.environment:checking '/home/fanshihao/Desktop/ICRA2027_TELEOP/arm_teleop/install/lbot_teleop/lib/python3.10/site-packages'
[22.958s] Level 1:colcon.colcon_core.environment:checking '/home/fanshihao/Desktop/ICRA2027_TELEOP/arm_teleop/install/lbot_teleop/bin'
[22.959s] INFO:colcon.colcon_core.shell:Creating package script '/home/fanshihao/Desktop/ICRA2027_TELEOP/arm_teleop/install/lbot_teleop/share/lbot_teleop/package.ps1'
[22.959s] INFO:colcon.colcon_core.shell:Creating package descriptor '/home/fanshihao/Desktop/ICRA2027_TELEOP/arm_teleop/install/lbot_teleop/share/lbot_teleop/package.dsv'
[22.959s] INFO:colcon.colcon_core.shell:Creating package script '/home/fanshihao/Desktop/ICRA2027_TELEOP/arm_teleop/install/lbot_teleop/share/lbot_teleop/package.sh'
[22.959s] INFO:colcon.colcon_core.shell:Creating package script '/home/fanshihao/Desktop/ICRA2027_TELEOP/arm_teleop/install/lbot_teleop/share/lbot_teleop/package.bash'
[22.959s] INFO:colcon.colcon_core.shell:Creating package script '/home/fanshihao/Desktop/ICRA2027_TELEOP/arm_teleop/install/lbot_teleop/share/lbot_teleop/package.zsh'
[22.960s] Level 1:colcon.colcon_core.environment:create_file_with_runtime_dependencies(/home/fanshihao/Desktop/ICRA2027_TELEOP/arm_teleop/install/lbot_teleop/share/colcon-core/packages/lbot_teleop)
[22.960s] Level 1:colcon.colcon_core.environment:create_environment_scripts_only(lbot_teleop)
[22.960s] Level 1:colcon.colcon_core.environment:checking '/home/fanshihao/Desktop/ICRA2027_TELEOP/arm_teleop/install/lbot_teleop' for CMake module files
[22.960s] Level 1:colcon.colcon_core.environment:checking '/home/fanshihao/Desktop/ICRA2027_TELEOP/arm_teleop/install/lbot_teleop' for CMake config files
[22.961s] Level 1:colcon.colcon_core.shell:create_environment_hook('lbot_teleop', 'cmake_prefix_path')
[22.961s] INFO:colcon.colcon_core.shell:Creating environment hook '/home/fanshihao/Desktop/ICRA2027_TELEOP/arm_teleop/install/lbot_teleop/share/lbot_teleop/hook/cmake_prefix_path.ps1'
[22.961s] INFO:colcon.colcon_core.shell:Creating environment descriptor '/home/fanshihao/Desktop/ICRA2027_TELEOP/arm_teleop/install/lbot_teleop/share/lbot_teleop/hook/cmake_prefix_path.dsv'
[22.961s] INFO:colcon.colcon_core.shell:Creating environment hook '/home/fanshihao/Desktop/ICRA2027_TELEOP/arm_teleop/install/lbot_teleop/share/lbot_teleop/hook/cmake_prefix_path.sh'
[22.961s] Level 1:colcon.colcon_core.environment:checking '/home/fanshihao/Desktop/ICRA2027_TELEOP/arm_teleop/install/lbot_teleop/lib'
[22.961s] Level 1:colcon.colcon_core.environment:checking '/home/fanshihao/Desktop/ICRA2027_TELEOP/arm_teleop/install/lbot_teleop/bin'
[22.961s] Level 1:colcon.colcon_core.environment:checking '/home/fanshihao/Desktop/ICRA2027_TELEOP/arm_teleop/install/lbot_teleop/lib/pkgconfig/lbot_teleop.pc'
[22.962s] Level 1:colcon.colcon_core.environment:checking '/home/fanshihao/Desktop/ICRA2027_TELEOP/arm_teleop/install/lbot_teleop/lib/python3.10/site-packages'
[22.962s] Level 1:colcon.colcon_core.environment:checking '/home/fanshihao/Desktop/ICRA2027_TELEOP/arm_teleop/install/lbot_teleop/bin'
[22.962s] INFO:colcon.colcon_core.shell:Creating package script '/home/fanshihao/Desktop/ICRA2027_TELEOP/arm_teleop/install/lbot_teleop/share/lbot_teleop/package.ps1'
[22.962s] INFO:colcon.colcon_core.shell:Creating package descriptor '/home/fanshihao/Desktop/ICRA2027_TELEOP/arm_teleop/install/lbot_teleop/share/lbot_teleop/package.dsv'
[22.963s] INFO:colcon.colcon_core.shell:Creating package script '/home/fanshihao/Desktop/ICRA2027_TELEOP/arm_teleop/install/lbot_teleop/share/lbot_teleop/package.sh'
[22.963s] INFO:colcon.colcon_core.shell:Creating package script '/home/fanshihao/Desktop/ICRA2027_TELEOP/arm_teleop/install/lbot_teleop/share/lbot_teleop/package.bash'
[22.963s] INFO:colcon.colcon_core.shell:Creating package script '/home/fanshihao/Desktop/ICRA2027_TELEOP/arm_teleop/install/lbot_teleop/share/lbot_teleop/package.zsh'
[22.963s] Level 1:colcon.colcon_core.environment:create_file_with_runtime_dependencies(/home/fanshihao/Desktop/ICRA2027_TELEOP/arm_teleop/install/lbot_teleop/share/colcon-core/packages/lbot_teleop)
[23.017s] Level 1:colcon.colcon_core.environment:create_environment_scripts_only(lbot_demo)
[23.017s] Level 1:colcon.colcon_core.environment:checking '/home/fanshihao/Desktop/ICRA2027_TELEOP/arm_teleop/install/lbot_demo' for CMake module files
[23.017s] DEBUG:colcon.colcon_core.event_handler.log_command:Invoked command in '/home/fanshihao/Desktop/ICRA2027_TELEOP/arm_teleop/build/lbot_demo' returned '0': AMENT_PREFIX_PATH=/home/fanshihao/Desktop/ICRA2027_TELEOP/arm_teleop/install/lbot_arm_interfaces:${AMENT_PREFIX_PATH} CMAKE_PREFIX_PATH=/home/fanshihao/Desktop/ICRA2027_TELEOP/arm_teleop/install/lbot_arm_interfaces:/opt/ros/humble CONDA_PROMPT_MODIFIER=(base) LD_LIBRARY_PATH=/home/fanshihao/Desktop/ICRA2027_TELEOP/arm_teleop/install/lbot_arm_interfaces/lib:/opt/ros/humble/lib/x86_64-linux-gnu:/opt/ros/humble/lib:/usr/local/cuda/lib64 PYTHONPATH=/home/fanshihao/Desktop/ICRA2027_TELEOP/arm_teleop/install/lbot_arm_interfaces/local/lib/python3.10/dist-packages:${PYTHONPATH} /usr/bin/cmake --install /home/fanshihao/Desktop/ICRA2027_TELEOP/arm_teleop/build/lbot_demo
[23.018s] Level 1:colcon.colcon_core.environment:checking '/home/fanshihao/Desktop/ICRA2027_TELEOP/arm_teleop/install/lbot_demo' for CMake config files
[23.018s] Level 1:colcon.colcon_core.shell:create_environment_hook('lbot_demo', 'cmake_prefix_path')
[23.018s] INFO:colcon.colcon_core.shell:Creating environment hook '/home/fanshihao/Desktop/ICRA2027_TELEOP/arm_teleop/install/lbot_demo/share/lbot_demo/hook/cmake_prefix_path.ps1'
[23.018s] INFO:colcon.colcon_core.shell:Creating environment descriptor '/home/fanshihao/Desktop/ICRA2027_TELEOP/arm_teleop/install/lbot_demo/share/lbot_demo/hook/cmake_prefix_path.dsv'
[23.019s] INFO:colcon.colcon_core.shell:Creating environment hook '/home/fanshihao/Desktop/ICRA2027_TELEOP/arm_teleop/install/lbot_demo/share/lbot_demo/hook/cmake_prefix_path.sh'
[23.019s] Level 1:colcon.colcon_core.environment:checking '/home/fanshihao/Desktop/ICRA2027_TELEOP/arm_teleop/install/lbot_demo/lib'
[23.019s] Level 1:colcon.colcon_core.environment:checking '/home/fanshihao/Desktop/ICRA2027_TELEOP/arm_teleop/install/lbot_demo/bin'
[23.019s] Level 1:colcon.colcon_core.environment:checking '/home/fanshihao/Desktop/ICRA2027_TELEOP/arm_teleop/install/lbot_demo/lib/pkgconfig/lbot_demo.pc'
[23.019s] Level 1:colcon.colcon_core.environment:checking '/home/fanshihao/Desktop/ICRA2027_TELEOP/arm_teleop/install/lbot_demo/lib/python3.10/site-packages'
[23.019s] Level 1:colcon.colcon_core.environment:checking '/home/fanshihao/Desktop/ICRA2027_TELEOP/arm_teleop/install/lbot_demo/bin'
[23.020s] INFO:colcon.colcon_core.shell:Creating package script '/home/fanshihao/Desktop/ICRA2027_TELEOP/arm_teleop/install/lbot_demo/share/lbot_demo/package.ps1'
[23.020s] INFO:colcon.colcon_core.shell:Creating package descriptor '/home/fanshihao/Desktop/ICRA2027_TELEOP/arm_teleop/install/lbot_demo/share/lbot_demo/package.dsv'
[23.020s] INFO:colcon.colcon_core.shell:Creating package script '/home/fanshihao/Desktop/ICRA2027_TELEOP/arm_teleop/install/lbot_demo/share/lbot_demo/package.sh'
[23.020s] INFO:colcon.colcon_core.shell:Creating package script '/home/fanshihao/Desktop/ICRA2027_TELEOP/arm_teleop/install/lbot_demo/share/lbot_demo/package.bash'
[23.020s] INFO:colcon.colcon_core.shell:Creating package script '/home/fanshihao/Desktop/ICRA2027_TELEOP/arm_teleop/install/lbot_demo/share/lbot_demo/package.zsh'
[23.021s] Level 1:colcon.colcon_core.environment:create_file_with_runtime_dependencies(/home/fanshihao/Desktop/ICRA2027_TELEOP/arm_teleop/install/lbot_demo/share/colcon-core/packages/lbot_demo)
[23.021s] Level 1:colcon.colcon_core.environment:create_environment_scripts_only(lbot_demo)
[23.021s] Level 1:colcon.colcon_core.environment:checking '/home/fanshihao/Desktop/ICRA2027_TELEOP/arm_teleop/install/lbot_demo' for CMake module files
[23.021s] Level 1:colcon.colcon_core.environment:checking '/home/fanshihao/Desktop/ICRA2027_TELEOP/arm_teleop/install/lbot_demo' for CMake config files
[23.022s] Level 1:colcon.colcon_core.shell:create_environment_hook('lbot_demo', 'cmake_prefix_path')
[23.022s] INFO:colcon.colcon_core.shell:Creating environment hook '/home/fanshihao/Desktop/ICRA2027_TELEOP/arm_teleop/install/lbot_demo/share/lbot_demo/hook/cmake_prefix_path.ps1'
[23.022s] INFO:colcon.colcon_core.shell:Creating environment descriptor '/home/fanshihao/Desktop/ICRA2027_TELEOP/arm_teleop/install/lbot_demo/share/lbot_demo/hook/cmake_prefix_path.dsv'
[23.022s] INFO:colcon.colcon_core.shell:Creating environment hook '/home/fanshihao/Desktop/ICRA2027_TELEOP/arm_teleop/install/lbot_demo/share/lbot_demo/hook/cmake_prefix_path.sh'
[23.022s] Level 1:colcon.colcon_core.environment:checking '/home/fanshihao/Desktop/ICRA2027_TELEOP/arm_teleop/install/lbot_demo/lib'
[23.022s] Level 1:colcon.colcon_core.environment:checking '/home/fanshihao/Desktop/ICRA2027_TELEOP/arm_teleop/install/lbot_demo/bin'
[23.023s] Level 1:colcon.colcon_core.environment:checking '/home/fanshihao/Desktop/ICRA2027_TELEOP/arm_teleop/install/lbot_demo/lib/pkgconfig/lbot_demo.pc'
[23.023s] Level 1:colcon.colcon_core.environment:checking '/home/fanshihao/Desktop/ICRA2027_TELEOP/arm_teleop/install/lbot_demo/lib/python3.10/site-packages'
[23.023s] Level 1:colcon.colcon_core.environment:checking '/home/fanshihao/Desktop/ICRA2027_TELEOP/arm_teleop/install/lbot_demo/bin'
[23.023s] INFO:colcon.colcon_core.shell:Creating package script '/home/fanshihao/Desktop/ICRA2027_TELEOP/arm_teleop/install/lbot_demo/share/lbot_demo/package.ps1'
[23.023s] INFO:colcon.colcon_core.shell:Creating package descriptor '/home/fanshihao/Desktop/ICRA2027_TELEOP/arm_teleop/install/lbot_demo/share/lbot_demo/package.dsv'
[23.024s] INFO:colcon.colcon_core.shell:Creating package script '/home/fanshihao/Desktop/ICRA2027_TELEOP/arm_teleop/install/lbot_demo/share/lbot_demo/package.sh'
[23.024s] INFO:colcon.colcon_core.shell:Creating package script '/home/fanshihao/Desktop/ICRA2027_TELEOP/arm_teleop/install/lbot_demo/share/lbot_demo/package.bash'
[23.024s] INFO:colcon.colcon_core.shell:Creating package script '/home/fanshihao/Desktop/ICRA2027_TELEOP/arm_teleop/install/lbot_demo/share/lbot_demo/package.zsh'
[23.024s] Level 1:colcon.colcon_core.environment:create_file_with_runtime_dependencies(/home/fanshihao/Desktop/ICRA2027_TELEOP/arm_teleop/install/lbot_demo/share/colcon-core/packages/lbot_demo)
[35.350s] DEBUG:colcon.colcon_core.event_handler.log_command:Invoked command in '/home/fanshihao/Desktop/ICRA2027_TELEOP/arm_teleop/build/lbot_driver' returned '0': AMENT_PREFIX_PATH=/home/fanshihao/Desktop/ICRA2027_TELEOP/arm_teleop/install/lbot_arm_interfaces:${AMENT_PREFIX_PATH} CMAKE_PREFIX_PATH=/home/fanshihao/Desktop/ICRA2027_TELEOP/arm_teleop/install/lbot_arm_interfaces:/opt/ros/humble CONDA_PROMPT_MODIFIER=(base) LD_LIBRARY_PATH=/home/fanshihao/Desktop/ICRA2027_TELEOP/arm_teleop/install/lbot_arm_interfaces/lib:/opt/ros/humble/lib/x86_64-linux-gnu:/opt/ros/humble/lib:/usr/local/cuda/lib64 PYTHONPATH=/home/fanshihao/Desktop/ICRA2027_TELEOP/arm_teleop/install/lbot_arm_interfaces/local/lib/python3.10/dist-packages:${PYTHONPATH} /usr/bin/cmake --build /home/fanshihao/Desktop/ICRA2027_TELEOP/arm_teleop/build/lbot_driver -- -j24 -l24
[35.351s] DEBUG:colcon.colcon_core.event_handler.log_command:Invoking command in '/home/fanshihao/Desktop/ICRA2027_TELEOP/arm_teleop/build/lbot_driver': AMENT_PREFIX_PATH=/home/fanshihao/Desktop/ICRA2027_TELEOP/arm_teleop/install/lbot_arm_interfaces:${AMENT_PREFIX_PATH} CMAKE_PREFIX_PATH=/home/fanshihao/Desktop/ICRA2027_TELEOP/arm_teleop/install/lbot_arm_interfaces:/opt/ros/humble CONDA_PROMPT_MODIFIER=(base) LD_LIBRARY_PATH=/home/fanshihao/Desktop/ICRA2027_TELEOP/arm_teleop/install/lbot_arm_interfaces/lib:/opt/ros/humble/lib/x86_64-linux-gnu:/opt/ros/humble/lib:/usr/local/cuda/lib64 PYTHONPATH=/home/fanshihao/Desktop/ICRA2027_TELEOP/arm_teleop/install/lbot_arm_interfaces/local/lib/python3.10/dist-packages:${PYTHONPATH} /usr/bin/cmake --install /home/fanshihao/Desktop/ICRA2027_TELEOP/arm_teleop/build/lbot_driver
[35.694s] Level 1:colcon.colcon_core.environment:create_environment_scripts_only(lbot_driver)
[35.694s] Level 1:colcon.colcon_core.environment:checking '/home/fanshihao/Desktop/ICRA2027_TELEOP/arm_teleop/install/lbot_driver' for CMake module files
[35.694s] DEBUG:colcon.colcon_core.event_handler.log_command:Invoked command in '/home/fanshihao/Desktop/ICRA2027_TELEOP/arm_teleop/build/lbot_driver' returned '0': AMENT_PREFIX_PATH=/home/fanshihao/Desktop/ICRA2027_TELEOP/arm_teleop/install/lbot_arm_interfaces:${AMENT_PREFIX_PATH} CMAKE_PREFIX_PATH=/home/fanshihao/Desktop/ICRA2027_TELEOP/arm_teleop/install/lbot_arm_interfaces:/opt/ros/humble CONDA_PROMPT_MODIFIER=(base) LD_LIBRARY_PATH=/home/fanshihao/Desktop/ICRA2027_TELEOP/arm_teleop/install/lbot_arm_interfaces/lib:/opt/ros/humble/lib/x86_64-linux-gnu:/opt/ros/humble/lib:/usr/local/cuda/lib64 PYTHONPATH=/home/fanshihao/Desktop/ICRA2027_TELEOP/arm_teleop/install/lbot_arm_interfaces/local/lib/python3.10/dist-packages:${PYTHONPATH} /usr/bin/cmake --install /home/fanshihao/Desktop/ICRA2027_TELEOP/arm_teleop/build/lbot_driver
[35.695s] Level 1:colcon.colcon_core.environment:checking '/home/fanshihao/Desktop/ICRA2027_TELEOP/arm_teleop/install/lbot_driver' for CMake config files
[35.695s] Level 1:colcon.colcon_core.shell:create_environment_hook('lbot_driver', 'cmake_prefix_path')
[35.695s] INFO:colcon.colcon_core.shell:Creating environment hook '/home/fanshihao/Desktop/ICRA2027_TELEOP/arm_teleop/install/lbot_driver/share/lbot_driver/hook/cmake_prefix_path.ps1'
[35.695s] INFO:colcon.colcon_core.shell:Creating environment descriptor '/home/fanshihao/Desktop/ICRA2027_TELEOP/arm_teleop/install/lbot_driver/share/lbot_driver/hook/cmake_prefix_path.dsv'
[35.695s] INFO:colcon.colcon_core.shell:Creating environment hook '/home/fanshihao/Desktop/ICRA2027_TELEOP/arm_teleop/install/lbot_driver/share/lbot_driver/hook/cmake_prefix_path.sh'
[35.696s] Level 1:colcon.colcon_core.environment:checking '/home/fanshihao/Desktop/ICRA2027_TELEOP/arm_teleop/install/lbot_driver/lib'
[35.696s] Level 1:colcon.colcon_core.shell:create_environment_hook('lbot_driver', 'ld_library_path_lib')
[35.696s] INFO:colcon.colcon_core.shell:Creating environment hook '/home/fanshihao/Desktop/ICRA2027_TELEOP/arm_teleop/install/lbot_driver/share/lbot_driver/hook/ld_library_path_lib.ps1'
[35.696s] INFO:colcon.colcon_core.shell:Creating environment descriptor '/home/fanshihao/Desktop/ICRA2027_TELEOP/arm_teleop/install/lbot_driver/share/lbot_driver/hook/ld_library_path_lib.dsv'
[35.696s] INFO:colcon.colcon_core.shell:Creating environment hook '/home/fanshihao/Desktop/ICRA2027_TELEOP/arm_teleop/install/lbot_driver/share/lbot_driver/hook/ld_library_path_lib.sh'
[35.696s] Level 1:colcon.colcon_core.environment:checking '/home/fanshihao/Desktop/ICRA2027_TELEOP/arm_teleop/install/lbot_driver/bin'
[35.696s] Level 1:colcon.colcon_core.environment:checking '/home/fanshihao/Desktop/ICRA2027_TELEOP/arm_teleop/install/lbot_driver/lib/pkgconfig/lbot_driver.pc'
[35.697s] Level 1:colcon.colcon_core.environment:checking '/home/fanshihao/Desktop/ICRA2027_TELEOP/arm_teleop/install/lbot_driver/lib/python3.10/site-packages'
[35.697s] Level 1:colcon.colcon_core.environment:checking '/home/fanshihao/Desktop/ICRA2027_TELEOP/arm_teleop/install/lbot_driver/bin'
[35.697s] INFO:colcon.colcon_core.shell:Creating package script '/home/fanshihao/Desktop/ICRA2027_TELEOP/arm_teleop/install/lbot_driver/share/lbot_driver/package.ps1'
[35.697s] INFO:colcon.colcon_core.shell:Creating package descriptor '/home/fanshihao/Desktop/ICRA2027_TELEOP/arm_teleop/install/lbot_driver/share/lbot_driver/package.dsv'
[35.698s] INFO:colcon.colcon_core.shell:Creating package script '/home/fanshihao/Desktop/ICRA2027_TELEOP/arm_teleop/install/lbot_driver/share/lbot_driver/package.sh'
[35.698s] INFO:colcon.colcon_core.shell:Creating package script '/home/fanshihao/Desktop/ICRA2027_TELEOP/arm_teleop/install/lbot_driver/share/lbot_driver/package.bash'
[35.698s] INFO:colcon.colcon_core.shell:Creating package script '/home/fanshihao/Desktop/ICRA2027_TELEOP/arm_teleop/install/lbot_driver/share/lbot_driver/package.zsh'
[35.698s] Level 1:colcon.colcon_core.environment:create_file_with_runtime_dependencies(/home/fanshihao/Desktop/ICRA2027_TELEOP/arm_teleop/install/lbot_driver/share/colcon-core/packages/lbot_driver)
[35.699s] Level 1:colcon.colcon_core.environment:create_environment_scripts_only(lbot_driver)
[35.699s] Level 1:colcon.colcon_core.environment:checking '/home/fanshihao/Desktop/ICRA2027_TELEOP/arm_teleop/install/lbot_driver' for CMake module files
[35.699s] Level 1:colcon.colcon_core.environment:checking '/home/fanshihao/Desktop/ICRA2027_TELEOP/arm_teleop/install/lbot_driver' for CMake config files
[35.699s] Level 1:colcon.colcon_core.shell:create_environment_hook('lbot_driver', 'cmake_prefix_path')
[35.699s] INFO:colcon.colcon_core.shell:Creating environment hook '/home/fanshihao/Desktop/ICRA2027_TELEOP/arm_teleop/install/lbot_driver/share/lbot_driver/hook/cmake_prefix_path.ps1'
[35.700s] INFO:colcon.colcon_core.shell:Creating environment descriptor '/home/fanshihao/Desktop/ICRA2027_TELEOP/arm_teleop/install/lbot_driver/share/lbot_driver/hook/cmake_prefix_path.dsv'
[35.700s] INFO:colcon.colcon_core.shell:Creating environment hook '/home/fanshihao/Desktop/ICRA2027_TELEOP/arm_teleop/install/lbot_driver/share/lbot_driver/hook/cmake_prefix_path.sh'
[35.700s] Level 1:colcon.colcon_core.environment:checking '/home/fanshihao/Desktop/ICRA2027_TELEOP/arm_teleop/install/lbot_driver/lib'
[35.700s] Level 1:colcon.colcon_core.shell:create_environment_hook('lbot_driver', 'ld_library_path_lib')
[35.700s] INFO:colcon.colcon_core.shell:Creating environment hook '/home/fanshihao/Desktop/ICRA2027_TELEOP/arm_teleop/install/lbot_driver/share/lbot_driver/hook/ld_library_path_lib.ps1'
[35.701s] INFO:colcon.colcon_core.shell:Creating environment descriptor '/home/fanshihao/Desktop/ICRA2027_TELEOP/arm_teleop/install/lbot_driver/share/lbot_driver/hook/ld_library_path_lib.dsv'
[35.701s] INFO:colcon.colcon_core.shell:Creating environment hook '/home/fanshihao/Desktop/ICRA2027_TELEOP/arm_teleop/install/lbot_driver/share/lbot_driver/hook/ld_library_path_lib.sh'
[35.701s] Level 1:colcon.colcon_core.environment:checking '/home/fanshihao/Desktop/ICRA2027_TELEOP/arm_teleop/install/lbot_driver/bin'
[35.701s] Level 1:colcon.colcon_core.environment:checking '/home/fanshihao/Desktop/ICRA2027_TELEOP/arm_teleop/install/lbot_driver/lib/pkgconfig/lbot_driver.pc'
[35.701s] Level 1:colcon.colcon_core.environment:checking '/home/fanshihao/Desktop/ICRA2027_TELEOP/arm_teleop/install/lbot_driver/lib/python3.10/site-packages'
[35.701s] Level 1:colcon.colcon_core.environment:checking '/home/fanshihao/Desktop/ICRA2027_TELEOP/arm_teleop/install/lbot_driver/bin'
[35.701s] INFO:colcon.colcon_core.shell:Creating package script '/home/fanshihao/Desktop/ICRA2027_TELEOP/arm_teleop/install/lbot_driver/share/lbot_driver/package.ps1'
[35.702s] INFO:colcon.colcon_core.shell:Creating package descriptor '/home/fanshihao/Desktop/ICRA2027_TELEOP/arm_teleop/install/lbot_driver/share/lbot_driver/package.dsv'
[35.702s] INFO:colcon.colcon_core.shell:Creating package script '/home/fanshihao/Desktop/ICRA2027_TELEOP/arm_teleop/install/lbot_driver/share/lbot_driver/package.sh'
[35.702s] INFO:colcon.colcon_core.shell:Creating package script '/home/fanshihao/Desktop/ICRA2027_TELEOP/arm_teleop/install/lbot_driver/share/lbot_driver/package.bash'
[35.702s] INFO:colcon.colcon_core.shell:Creating package script '/home/fanshihao/Desktop/ICRA2027_TELEOP/arm_teleop/install/lbot_driver/share/lbot_driver/package.zsh'
[35.703s] Level 1:colcon.colcon_core.environment:create_file_with_runtime_dependencies(/home/fanshihao/Desktop/ICRA2027_TELEOP/arm_teleop/install/lbot_driver/share/colcon-core/packages/lbot_driver)
[35.703s] DEBUG:colcon.colcon_parallel_executor.executor.parallel:closing loop
[35.703s] DEBUG:colcon.colcon_parallel_executor.executor.parallel:loop closed
[35.703s] DEBUG:colcon.colcon_parallel_executor.executor.parallel:run_until_complete finished with '0'
[35.703s] DEBUG:colcon.colcon_core.event_reactor:joining thread
[35.713s] INFO:colcon.colcon_core.plugin_system:Skipping extension 'colcon_notification.desktop_notification.terminal_notifier': Not used on non-Darwin systems
[35.713s] INFO:colcon.colcon_core.plugin_system:Skipping extension 'colcon_notification.desktop_notification.win32': Not used on non-Windows systems
[35.713s] INFO:colcon.colcon_notification.desktop_notification:Sending desktop notification using 'notify2'
[35.747s] DEBUG:colcon.colcon_core.event_reactor:joined thread
[35.748s] INFO:colcon.colcon_core.shell:Creating prefix script '/home/fanshihao/Desktop/ICRA2027_TELEOP/arm_teleop/install/local_setup.ps1'
[35.749s] INFO:colcon.colcon_core.shell:Creating prefix util module '/home/fanshihao/Desktop/ICRA2027_TELEOP/arm_teleop/install/_local_setup_util_ps1.py'
[35.749s] INFO:colcon.colcon_core.shell:Creating prefix chain script '/home/fanshihao/Desktop/ICRA2027_TELEOP/arm_teleop/install/setup.ps1'
[35.750s] INFO:colcon.colcon_core.shell:Creating prefix script '/home/fanshihao/Desktop/ICRA2027_TELEOP/arm_teleop/install/local_setup.sh'
[35.750s] INFO:colcon.colcon_core.shell:Creating prefix util module '/home/fanshihao/Desktop/ICRA2027_TELEOP/arm_teleop/install/_local_setup_util_sh.py'
[35.751s] INFO:colcon.colcon_core.shell:Creating prefix chain script '/home/fanshihao/Desktop/ICRA2027_TELEOP/arm_teleop/install/setup.sh'
[35.752s] INFO:colcon.colcon_core.shell:Creating prefix script '/home/fanshihao/Desktop/ICRA2027_TELEOP/arm_teleop/install/local_setup.bash'
[35.752s] INFO:colcon.colcon_core.shell:Creating prefix chain script '/home/fanshihao/Desktop/ICRA2027_TELEOP/arm_teleop/install/setup.bash'
[35.753s] INFO:colcon.colcon_core.shell:Creating prefix script '/home/fanshihao/Desktop/ICRA2027_TELEOP/arm_teleop/install/local_setup.zsh'
[35.753s] INFO:colcon.colcon_core.shell:Creating prefix chain script '/home/fanshihao/Desktop/ICRA2027_TELEOP/arm_teleop/install/setup.zsh'
