[0.064s] DEBUG:colcon:Command line arguments: ['/usr/bin/colcon', '--log-base', '/home/pao/桌面/ICRA2027_TELEOP/arm_teleop/log', 'build', '--base-paths', '/home/pao/桌面/ICRA2027_TELEOP/arm_teleop/src', '--build-base', '/home/pao/桌面/ICRA2027_TELEOP/arm_teleop/build', '--install-base', '/home/pao/桌面/ICRA2027_TELEOP/arm_teleop/install', '--symlink-install']
[0.064s] DEBUG:colcon:Parsed command line arguments: Namespace(log_base='/home/pao/桌面/ICRA2027_TELEOP/arm_teleop/log', log_level=None, verb_name='build', build_base='/home/pao/桌面/ICRA2027_TELEOP/arm_teleop/build', install_base='/home/pao/桌面/ICRA2027_TELEOP/arm_teleop/install', merge_install=False, symlink_install=True, test_result_base=None, continue_on_error=False, executor='parallel', parallel_workers=16, event_handlers=None, ignore_user_meta=False, metas=['./colcon.meta'], base_paths=['/home/pao/桌面/ICRA2027_TELEOP/arm_teleop/src'], packages_ignore=None, packages_ignore_regex=None, paths=None, packages_up_to=None, packages_up_to_regex=None, packages_above=None, packages_above_and_dependencies=None, packages_above_depth=None, packages_select_by_dep=None, packages_skip_by_dep=None, packages_skip_up_to=None, packages_select_build_failed=False, packages_skip_build_finished=False, packages_select_test_failures=False, packages_skip_test_passed=False, packages_select=None, packages_skip=None, packages_select_regex=None, packages_skip_regex=None, packages_start=None, packages_end=None, allow_overriding=[], cmake_args=None, cmake_target=None, cmake_target_skip_unavailable=False, cmake_clean_cache=False, cmake_clean_first=False, cmake_force_configure=False, ament_cmake_args=None, catkin_cmake_args=None, catkin_skip_building_tests=False, verb_parser=<colcon_defaults.argument_parser.defaults.DefaultArgumentsDecorator object at 0x73ec1282e1a0>, verb_extension=<colcon_core.verb.build.BuildVerb object at 0x73ec129238b0>, main=<bound method BuildVerb.main of <colcon_core.verb.build.BuildVerb object at 0x73ec129238b0>>)
[0.171s] Level 1:colcon.colcon_core.package_discovery:discover_packages(colcon_meta) check parameters
[0.171s] Level 1:colcon.colcon_core.package_discovery:discover_packages(recursive) check parameters
[0.171s] Level 1:colcon.colcon_core.package_discovery:discover_packages(ignore) check parameters
[0.171s] Level 1:colcon.colcon_core.package_discovery:discover_packages(path) check parameters
[0.171s] Level 1:colcon.colcon_core.package_discovery:discover_packages(recursive) discover
[0.171s] INFO:colcon.colcon_core.package_discovery:Crawling recursively for packages in '/home/pao/桌面/ICRA2027_TELEOP/arm_teleop/src'
[0.171s] Level 1:colcon.colcon_core.package_identification:_identify(/home/pao/桌面/ICRA2027_TELEOP/arm_teleop/src) by extensions ['ignore', 'ignore_ament_install']
[0.171s] Level 1:colcon.colcon_core.package_identification:_identify(/home/pao/桌面/ICRA2027_TELEOP/arm_teleop/src) by extension 'ignore'
[0.171s] Level 1:colcon.colcon_core.package_identification:_identify(/home/pao/桌面/ICRA2027_TELEOP/arm_teleop/src) by extension 'ignore_ament_install'
[0.171s] Level 1:colcon.colcon_core.package_identification:_identify(/home/pao/桌面/ICRA2027_TELEOP/arm_teleop/src) by extensions ['colcon_pkg']
[0.171s] Level 1:colcon.colcon_core.package_identification:_identify(/home/pao/桌面/ICRA2027_TELEOP/arm_teleop/src) by extension 'colcon_pkg'
[0.171s] Level 1:colcon.colcon_core.package_identification:_identify(/home/pao/桌面/ICRA2027_TELEOP/arm_teleop/src) by extensions ['colcon_meta']
[0.171s] Level 1:colcon.colcon_core.package_identification:_identify(/home/pao/桌面/ICRA2027_TELEOP/arm_teleop/src) by extension 'colcon_meta'
[0.171s] Level 1:colcon.colcon_core.package_identification:_identify(/home/pao/桌面/ICRA2027_TELEOP/arm_teleop/src) by extensions ['ros']
[0.171s] Level 1:colcon.colcon_core.package_identification:_identify(/home/pao/桌面/ICRA2027_TELEOP/arm_teleop/src) by extension 'ros'
[0.178s] Level 1:colcon.colcon_core.package_identification:_identify(/home/pao/桌面/ICRA2027_TELEOP/arm_teleop/src) by extensions ['cmake', 'python']
[0.179s] Level 1:colcon.colcon_core.package_identification:_identify(/home/pao/桌面/ICRA2027_TELEOP/arm_teleop/src) by extension 'cmake'
[0.179s] Level 1:colcon.colcon_core.package_identification:_identify(/home/pao/桌面/ICRA2027_TELEOP/arm_teleop/src) by extension 'python'
[0.179s] Level 1:colcon.colcon_core.package_identification:_identify(/home/pao/桌面/ICRA2027_TELEOP/arm_teleop/src) by extensions ['python_setup_py']
[0.179s] Level 1:colcon.colcon_core.package_identification:_identify(/home/pao/桌面/ICRA2027_TELEOP/arm_teleop/src) by extension 'python_setup_py'
[0.179s] Level 1:colcon.colcon_core.package_identification:_identify(/home/pao/桌面/ICRA2027_TELEOP/arm_teleop/src/lbot_arm_interfaces) by extensions ['ignore', 'ignore_ament_install']
[0.179s] Level 1:colcon.colcon_core.package_identification:_identify(/home/pao/桌面/ICRA2027_TELEOP/arm_teleop/src/lbot_arm_interfaces) by extension 'ignore'
[0.179s] Level 1:colcon.colcon_core.package_identification:_identify(/home/pao/桌面/ICRA2027_TELEOP/arm_teleop/src/lbot_arm_interfaces) by extension 'ignore_ament_install'
[0.179s] Level 1:colcon.colcon_core.package_identification:_identify(/home/pao/桌面/ICRA2027_TELEOP/arm_teleop/src/lbot_arm_interfaces) by extensions ['colcon_pkg']
[0.179s] Level 1:colcon.colcon_core.package_identification:_identify(/home/pao/桌面/ICRA2027_TELEOP/arm_teleop/src/lbot_arm_interfaces) by extension 'colcon_pkg'
[0.179s] Level 1:colcon.colcon_core.package_identification:_identify(/home/pao/桌面/ICRA2027_TELEOP/arm_teleop/src/lbot_arm_interfaces) by extensions ['colcon_meta']
[0.179s] Level 1:colcon.colcon_core.package_identification:_identify(/home/pao/桌面/ICRA2027_TELEOP/arm_teleop/src/lbot_arm_interfaces) by extension 'colcon_meta'
[0.179s] Level 1:colcon.colcon_core.package_identification:_identify(/home/pao/桌面/ICRA2027_TELEOP/arm_teleop/src/lbot_arm_interfaces) by extensions ['ros']
[0.179s] Level 1:colcon.colcon_core.package_identification:_identify(/home/pao/桌面/ICRA2027_TELEOP/arm_teleop/src/lbot_arm_interfaces) by extension 'ros'
[0.181s] DEBUG:colcon.colcon_core.package_identification:Package '/home/pao/桌面/ICRA2027_TELEOP/arm_teleop/src/lbot_arm_interfaces' with type 'ros.ament_cmake' and name 'lbot_arm_interfaces'
[0.181s] Level 1:colcon.colcon_core.package_identification:_identify(/home/pao/桌面/ICRA2027_TELEOP/arm_teleop/src/lbot_demo) by extensions ['ignore', 'ignore_ament_install']
[0.181s] Level 1:colcon.colcon_core.package_identification:_identify(/home/pao/桌面/ICRA2027_TELEOP/arm_teleop/src/lbot_demo) by extension 'ignore'
[0.181s] Level 1:colcon.colcon_core.package_identification:_identify(/home/pao/桌面/ICRA2027_TELEOP/arm_teleop/src/lbot_demo) by extension 'ignore_ament_install'
[0.181s] Level 1:colcon.colcon_core.package_identification:_identify(/home/pao/桌面/ICRA2027_TELEOP/arm_teleop/src/lbot_demo) by extensions ['colcon_pkg']
[0.181s] Level 1:colcon.colcon_core.package_identification:_identify(/home/pao/桌面/ICRA2027_TELEOP/arm_teleop/src/lbot_demo) by extension 'colcon_pkg'
[0.181s] Level 1:colcon.colcon_core.package_identification:_identify(/home/pao/桌面/ICRA2027_TELEOP/arm_teleop/src/lbot_demo) by extensions ['colcon_meta']
[0.181s] Level 1:colcon.colcon_core.package_identification:_identify(/home/pao/桌面/ICRA2027_TELEOP/arm_teleop/src/lbot_demo) by extension 'colcon_meta'
[0.181s] Level 1:colcon.colcon_core.package_identification:_identify(/home/pao/桌面/ICRA2027_TELEOP/arm_teleop/src/lbot_demo) by extensions ['ros']
[0.181s] Level 1:colcon.colcon_core.package_identification:_identify(/home/pao/桌面/ICRA2027_TELEOP/arm_teleop/src/lbot_demo) by extension 'ros'
[0.182s] DEBUG:colcon.colcon_core.package_identification:Package '/home/pao/桌面/ICRA2027_TELEOP/arm_teleop/src/lbot_demo' with type 'ros.ament_cmake' and name 'lbot_demo'
[0.182s] Level 1:colcon.colcon_core.package_identification:_identify(/home/pao/桌面/ICRA2027_TELEOP/arm_teleop/src/lbot_driver) by extensions ['ignore', 'ignore_ament_install']
[0.182s] Level 1:colcon.colcon_core.package_identification:_identify(/home/pao/桌面/ICRA2027_TELEOP/arm_teleop/src/lbot_driver) by extension 'ignore'
[0.182s] Level 1:colcon.colcon_core.package_identification:_identify(/home/pao/桌面/ICRA2027_TELEOP/arm_teleop/src/lbot_driver) by extension 'ignore_ament_install'
[0.182s] Level 1:colcon.colcon_core.package_identification:_identify(/home/pao/桌面/ICRA2027_TELEOP/arm_teleop/src/lbot_driver) by extensions ['colcon_pkg']
[0.182s] Level 1:colcon.colcon_core.package_identification:_identify(/home/pao/桌面/ICRA2027_TELEOP/arm_teleop/src/lbot_driver) by extension 'colcon_pkg'
[0.182s] Level 1:colcon.colcon_core.package_identification:_identify(/home/pao/桌面/ICRA2027_TELEOP/arm_teleop/src/lbot_driver) by extensions ['colcon_meta']
[0.182s] Level 1:colcon.colcon_core.package_identification:_identify(/home/pao/桌面/ICRA2027_TELEOP/arm_teleop/src/lbot_driver) by extension 'colcon_meta'
[0.182s] Level 1:colcon.colcon_core.package_identification:_identify(/home/pao/桌面/ICRA2027_TELEOP/arm_teleop/src/lbot_driver) by extensions ['ros']
[0.182s] Level 1:colcon.colcon_core.package_identification:_identify(/home/pao/桌面/ICRA2027_TELEOP/arm_teleop/src/lbot_driver) by extension 'ros'
[0.184s] DEBUG:colcon.colcon_core.package_identification:Package '/home/pao/桌面/ICRA2027_TELEOP/arm_teleop/src/lbot_driver' with type 'ros.ament_cmake' and name 'lbot_driver'
[0.184s] Level 1:colcon.colcon_core.package_identification:_identify(/home/pao/桌面/ICRA2027_TELEOP/arm_teleop/src/lbot_teleop) by extensions ['ignore', 'ignore_ament_install']
[0.184s] Level 1:colcon.colcon_core.package_identification:_identify(/home/pao/桌面/ICRA2027_TELEOP/arm_teleop/src/lbot_teleop) by extension 'ignore'
[0.184s] Level 1:colcon.colcon_core.package_identification:_identify(/home/pao/桌面/ICRA2027_TELEOP/arm_teleop/src/lbot_teleop) by extension 'ignore_ament_install'
[0.184s] Level 1:colcon.colcon_core.package_identification:_identify(/home/pao/桌面/ICRA2027_TELEOP/arm_teleop/src/lbot_teleop) by extensions ['colcon_pkg']
[0.184s] Level 1:colcon.colcon_core.package_identification:_identify(/home/pao/桌面/ICRA2027_TELEOP/arm_teleop/src/lbot_teleop) by extension 'colcon_pkg'
[0.184s] Level 1:colcon.colcon_core.package_identification:_identify(/home/pao/桌面/ICRA2027_TELEOP/arm_teleop/src/lbot_teleop) by extensions ['colcon_meta']
[0.184s] Level 1:colcon.colcon_core.package_identification:_identify(/home/pao/桌面/ICRA2027_TELEOP/arm_teleop/src/lbot_teleop) by extension 'colcon_meta'
[0.184s] Level 1:colcon.colcon_core.package_identification:_identify(/home/pao/桌面/ICRA2027_TELEOP/arm_teleop/src/lbot_teleop) by extensions ['ros']
[0.184s] Level 1:colcon.colcon_core.package_identification:_identify(/home/pao/桌面/ICRA2027_TELEOP/arm_teleop/src/lbot_teleop) by extension 'ros'
[0.185s] DEBUG:colcon.colcon_core.package_identification:Package '/home/pao/桌面/ICRA2027_TELEOP/arm_teleop/src/lbot_teleop' with type 'ros.ament_cmake' and name 'lbot_teleop'
[0.185s] Level 1:colcon.colcon_core.package_identification:_identify(/home/pao/桌面/ICRA2027_TELEOP/arm_teleop/src/linkerta) by extensions ['ignore', 'ignore_ament_install']
[0.185s] Level 1:colcon.colcon_core.package_identification:_identify(/home/pao/桌面/ICRA2027_TELEOP/arm_teleop/src/linkerta) by extension 'ignore'
[0.185s] Level 1:colcon.colcon_core.package_identification:_identify(/home/pao/桌面/ICRA2027_TELEOP/arm_teleop/src/linkerta) by extension 'ignore_ament_install'
[0.185s] Level 1:colcon.colcon_core.package_identification:_identify(/home/pao/桌面/ICRA2027_TELEOP/arm_teleop/src/linkerta) by extensions ['colcon_pkg']
[0.185s] Level 1:colcon.colcon_core.package_identification:_identify(/home/pao/桌面/ICRA2027_TELEOP/arm_teleop/src/linkerta) by extension 'colcon_pkg'
[0.185s] Level 1:colcon.colcon_core.package_identification:_identify(/home/pao/桌面/ICRA2027_TELEOP/arm_teleop/src/linkerta) by extensions ['colcon_meta']
[0.185s] Level 1:colcon.colcon_core.package_identification:_identify(/home/pao/桌面/ICRA2027_TELEOP/arm_teleop/src/linkerta) by extension 'colcon_meta'
[0.185s] Level 1:colcon.colcon_core.package_identification:_identify(/home/pao/桌面/ICRA2027_TELEOP/arm_teleop/src/linkerta) by extensions ['ros']
[0.185s] Level 1:colcon.colcon_core.package_identification:_identify(/home/pao/桌面/ICRA2027_TELEOP/arm_teleop/src/linkerta) by extension 'ros'
[0.185s] DEBUG:colcon.colcon_core.package_identification:Package '/home/pao/桌面/ICRA2027_TELEOP/arm_teleop/src/linkerta' with type 'ros.ament_cmake' and name 'linkerta'
[0.185s] Level 1:colcon.colcon_core.package_discovery:discover_packages(recursive) using defaults
[0.199s] Level 1:colcon.colcon_core.package_discovery:discover_packages(prefix_path) check parameters
[0.199s] Level 1:colcon.colcon_core.package_discovery:discover_packages(prefix_path) discover
[0.201s] DEBUG:colcon.colcon_installed_package_information.package_discovery:Found 184 installed packages in /opt/ros/humble
[0.201s] Level 1:colcon.colcon_core.package_discovery:discover_packages(prefix_path) using defaults
[0.222s] Level 5:colcon.colcon_core.verb:set package 'lbot_arm_interfaces' build argument 'cmake_args' from command line to 'None'
[0.222s] Level 5:colcon.colcon_core.verb:set package 'lbot_arm_interfaces' build argument 'cmake_target' from command line to 'None'
[0.222s] Level 5:colcon.colcon_core.verb:set package 'lbot_arm_interfaces' build argument 'cmake_target_skip_unavailable' from command line to 'False'
[0.222s] Level 5:colcon.colcon_core.verb:set package 'lbot_arm_interfaces' build argument 'cmake_clean_cache' from command line to 'False'
[0.222s] Level 5:colcon.colcon_core.verb:set package 'lbot_arm_interfaces' build argument 'cmake_clean_first' from command line to 'False'
[0.222s] Level 5:colcon.colcon_core.verb:set package 'lbot_arm_interfaces' build argument 'cmake_force_configure' from command line to 'False'
[0.222s] Level 5:colcon.colcon_core.verb:set package 'lbot_arm_interfaces' build argument 'ament_cmake_args' from command line to 'None'
[0.222s] Level 5:colcon.colcon_core.verb:set package 'lbot_arm_interfaces' build argument 'catkin_cmake_args' from command line to 'None'
[0.222s] Level 5:colcon.colcon_core.verb:set package 'lbot_arm_interfaces' build argument 'catkin_skip_building_tests' from command line to 'False'
[0.223s] DEBUG:colcon.colcon_core.verb:Building package 'lbot_arm_interfaces' with the following arguments: {'ament_cmake_args': None, 'build_base': '/home/pao/桌面/ICRA2027_TELEOP/arm_teleop/build/lbot_arm_interfaces', 'catkin_cmake_args': None, 'catkin_skip_building_tests': False, 'cmake_args': None, 'cmake_clean_cache': False, 'cmake_clean_first': False, 'cmake_force_configure': False, 'cmake_target': None, 'cmake_target_skip_unavailable': False, 'install_base': '/home/pao/桌面/ICRA2027_TELEOP/arm_teleop/install/lbot_arm_interfaces', 'merge_install': False, 'path': '/home/pao/桌面/ICRA2027_TELEOP/arm_teleop/src/lbot_arm_interfaces', 'symlink_install': True, 'test_result_base': None}
[0.223s] Level 5:colcon.colcon_core.verb:set package 'linkerta' build argument 'cmake_args' from command line to 'None'
[0.223s] Level 5:colcon.colcon_core.verb:set package 'linkerta' build argument 'cmake_target' from command line to 'None'
[0.223s] Level 5:colcon.colcon_core.verb:set package 'linkerta' build argument 'cmake_target_skip_unavailable' from command line to 'False'
[0.223s] Level 5:colcon.colcon_core.verb:set package 'linkerta' build argument 'cmake_clean_cache' from command line to 'False'
[0.223s] Level 5:colcon.colcon_core.verb:set package 'linkerta' build argument 'cmake_clean_first' from command line to 'False'
[0.223s] Level 5:colcon.colcon_core.verb:set package 'linkerta' build argument 'cmake_force_configure' from command line to 'False'
[0.223s] Level 5:colcon.colcon_core.verb:set package 'linkerta' build argument 'ament_cmake_args' from command line to 'None'
[0.223s] Level 5:colcon.colcon_core.verb:set package 'linkerta' build argument 'catkin_cmake_args' from command line to 'None'
[0.223s] Level 5:colcon.colcon_core.verb:set package 'linkerta' build argument 'catkin_skip_building_tests' from command line to 'False'
[0.223s] DEBUG:colcon.colcon_core.verb:Building package 'linkerta' with the following arguments: {'ament_cmake_args': None, 'build_base': '/home/pao/桌面/ICRA2027_TELEOP/arm_teleop/build/linkerta', 'catkin_cmake_args': None, 'catkin_skip_building_tests': False, 'cmake_args': None, 'cmake_clean_cache': False, 'cmake_clean_first': False, 'cmake_force_configure': False, 'cmake_target': None, 'cmake_target_skip_unavailable': False, 'install_base': '/home/pao/桌面/ICRA2027_TELEOP/arm_teleop/install/linkerta', 'merge_install': False, 'path': '/home/pao/桌面/ICRA2027_TELEOP/arm_teleop/src/linkerta', 'symlink_install': True, 'test_result_base': None}
[0.223s] Level 5:colcon.colcon_core.verb:set package 'lbot_demo' build argument 'cmake_args' from command line to 'None'
[0.223s] Level 5:colcon.colcon_core.verb:set package 'lbot_demo' build argument 'cmake_target' from command line to 'None'
[0.223s] Level 5:colcon.colcon_core.verb:set package 'lbot_demo' build argument 'cmake_target_skip_unavailable' from command line to 'False'
[0.223s] Level 5:colcon.colcon_core.verb:set package 'lbot_demo' build argument 'cmake_clean_cache' from command line to 'False'
[0.223s] Level 5:colcon.colcon_core.verb:set package 'lbot_demo' build argument 'cmake_clean_first' from command line to 'False'
[0.223s] Level 5:colcon.colcon_core.verb:set package 'lbot_demo' build argument 'cmake_force_configure' from command line to 'False'
[0.223s] Level 5:colcon.colcon_core.verb:set package 'lbot_demo' build argument 'ament_cmake_args' from command line to 'None'
[0.223s] Level 5:colcon.colcon_core.verb:set package 'lbot_demo' build argument 'catkin_cmake_args' from command line to 'None'
[0.223s] Level 5:colcon.colcon_core.verb:set package 'lbot_demo' build argument 'catkin_skip_building_tests' from command line to 'False'
[0.223s] DEBUG:colcon.colcon_core.verb:Building package 'lbot_demo' with the following arguments: {'ament_cmake_args': None, 'build_base': '/home/pao/桌面/ICRA2027_TELEOP/arm_teleop/build/lbot_demo', 'catkin_cmake_args': None, 'catkin_skip_building_tests': False, 'cmake_args': None, 'cmake_clean_cache': False, 'cmake_clean_first': False, 'cmake_force_configure': False, 'cmake_target': None, 'cmake_target_skip_unavailable': False, 'install_base': '/home/pao/桌面/ICRA2027_TELEOP/arm_teleop/install/lbot_demo', 'merge_install': False, 'path': '/home/pao/桌面/ICRA2027_TELEOP/arm_teleop/src/lbot_demo', 'symlink_install': True, 'test_result_base': None}
[0.223s] Level 5:colcon.colcon_core.verb:set package 'lbot_driver' build argument 'cmake_args' from command line to 'None'
[0.223s] Level 5:colcon.colcon_core.verb:set package 'lbot_driver' build argument 'cmake_target' from command line to 'None'
[0.223s] Level 5:colcon.colcon_core.verb:set package 'lbot_driver' build argument 'cmake_target_skip_unavailable' from command line to 'False'
[0.223s] Level 5:colcon.colcon_core.verb:set package 'lbot_driver' build argument 'cmake_clean_cache' from command line to 'False'
[0.223s] Level 5:colcon.colcon_core.verb:set package 'lbot_driver' build argument 'cmake_clean_first' from command line to 'False'
[0.223s] Level 5:colcon.colcon_core.verb:set package 'lbot_driver' build argument 'cmake_force_configure' from command line to 'False'
[0.223s] Level 5:colcon.colcon_core.verb:set package 'lbot_driver' build argument 'ament_cmake_args' from command line to 'None'
[0.224s] Level 5:colcon.colcon_core.verb:set package 'lbot_driver' build argument 'catkin_cmake_args' from command line to 'None'
[0.224s] Level 5:colcon.colcon_core.verb:set package 'lbot_driver' build argument 'catkin_skip_building_tests' from command line to 'False'
[0.224s] DEBUG:colcon.colcon_core.verb:Building package 'lbot_driver' with the following arguments: {'ament_cmake_args': None, 'build_base': '/home/pao/桌面/ICRA2027_TELEOP/arm_teleop/build/lbot_driver', 'catkin_cmake_args': None, 'catkin_skip_building_tests': False, 'cmake_args': None, 'cmake_clean_cache': False, 'cmake_clean_first': False, 'cmake_force_configure': False, 'cmake_target': None, 'cmake_target_skip_unavailable': False, 'install_base': '/home/pao/桌面/ICRA2027_TELEOP/arm_teleop/install/lbot_driver', 'merge_install': False, 'path': '/home/pao/桌面/ICRA2027_TELEOP/arm_teleop/src/lbot_driver', 'symlink_install': True, 'test_result_base': None}
[0.224s] Level 5:colcon.colcon_core.verb:set package 'lbot_teleop' build argument 'cmake_args' from command line to 'None'
[0.224s] Level 5:colcon.colcon_core.verb:set package 'lbot_teleop' build argument 'cmake_target' from command line to 'None'
[0.224s] Level 5:colcon.colcon_core.verb:set package 'lbot_teleop' build argument 'cmake_target_skip_unavailable' from command line to 'False'
[0.224s] Level 5:colcon.colcon_core.verb:set package 'lbot_teleop' build argument 'cmake_clean_cache' from command line to 'False'
[0.224s] Level 5:colcon.colcon_core.verb:set package 'lbot_teleop' build argument 'cmake_clean_first' from command line to 'False'
[0.224s] Level 5:colcon.colcon_core.verb:set package 'lbot_teleop' build argument 'cmake_force_configure' from command line to 'False'
[0.224s] Level 5:colcon.colcon_core.verb:set package 'lbot_teleop' build argument 'ament_cmake_args' from command line to 'None'
[0.224s] Level 5:colcon.colcon_core.verb:set package 'lbot_teleop' build argument 'catkin_cmake_args' from command line to 'None'
[0.224s] Level 5:colcon.colcon_core.verb:set package 'lbot_teleop' build argument 'catkin_skip_building_tests' from command line to 'False'
[0.224s] DEBUG:colcon.colcon_core.verb:Building package 'lbot_teleop' with the following arguments: {'ament_cmake_args': None, 'build_base': '/home/pao/桌面/ICRA2027_TELEOP/arm_teleop/build/lbot_teleop', 'catkin_cmake_args': None, 'catkin_skip_building_tests': False, 'cmake_args': None, 'cmake_clean_cache': False, 'cmake_clean_first': False, 'cmake_force_configure': False, 'cmake_target': None, 'cmake_target_skip_unavailable': False, 'install_base': '/home/pao/桌面/ICRA2027_TELEOP/arm_teleop/install/lbot_teleop', 'merge_install': False, 'path': '/home/pao/桌面/ICRA2027_TELEOP/arm_teleop/src/lbot_teleop', 'symlink_install': True, 'test_result_base': None}
[0.224s] INFO:colcon.colcon_core.executor:Executing jobs using 'parallel' executor
[0.225s] DEBUG:colcon.colcon_parallel_executor.executor.parallel:run_until_complete
[0.225s] INFO:colcon.colcon_ros.task.ament_cmake.build:Building ROS package in '/home/pao/桌面/ICRA2027_TELEOP/arm_teleop/src/lbot_arm_interfaces' with build type 'ament_cmake'
[0.225s] INFO:colcon.colcon_cmake.task.cmake.build:Building CMake package in '/home/pao/桌面/ICRA2027_TELEOP/arm_teleop/src/lbot_arm_interfaces'
[0.227s] INFO:colcon.colcon_core.plugin_system:Skipping extension 'colcon_core.shell.bat': Not used on non-Windows systems
[0.227s] INFO:colcon.colcon_core.shell:Skip shell extension 'powershell' for command environment: Not usable outside of PowerShell
[0.227s] DEBUG:colcon.colcon_core.shell:Skip shell extension 'dsv' for command environment
[0.229s] INFO:colcon.colcon_ros.task.ament_cmake.build:Building ROS package in '/home/pao/桌面/ICRA2027_TELEOP/arm_teleop/src/linkerta' with build type 'ament_cmake'
[0.229s] INFO:colcon.colcon_cmake.task.cmake.build:Building CMake package in '/home/pao/桌面/ICRA2027_TELEOP/arm_teleop/src/linkerta'
[0.229s] INFO:colcon.colcon_core.shell:Skip shell extension 'powershell' for command environment: Not usable outside of PowerShell
[0.229s] DEBUG:colcon.colcon_core.shell:Skip shell extension 'dsv' for command environment
[0.234s] DEBUG:colcon.colcon_core.event_handler.log_command:Invoking command in '/home/pao/桌面/ICRA2027_TELEOP/arm_teleop/build/lbot_arm_interfaces': CMAKE_PREFIX_PATH=/opt/ros/humble /usr/bin/cmake --build /home/pao/桌面/ICRA2027_TELEOP/arm_teleop/build/lbot_arm_interfaces -- -j16 -l16
[0.236s] DEBUG:colcon.colcon_core.event_handler.log_command:Invoking command in '/home/pao/桌面/ICRA2027_TELEOP/arm_teleop/build/linkerta': CMAKE_PREFIX_PATH=/opt/ros/humble /usr/bin/cmake --build /home/pao/桌面/ICRA2027_TELEOP/arm_teleop/build/linkerta -- -j16 -l16
[0.255s] DEBUG:colcon.colcon_core.event_handler.log_command:Invoked command in '/home/pao/桌面/ICRA2027_TELEOP/arm_teleop/build/linkerta' returned '2': CMAKE_PREFIX_PATH=/opt/ros/humble /usr/bin/cmake --build /home/pao/桌面/ICRA2027_TELEOP/arm_teleop/build/linkerta -- -j16 -l16
[0.255s] Level 1:colcon.colcon_core.environment:create_environment_scripts_only(linkerta)
[0.257s] Level 1:colcon.colcon_core.environment:checking '/home/pao/桌面/ICRA2027_TELEOP/arm_teleop/install/linkerta' for CMake module files
[0.257s] Level 1:colcon.colcon_core.environment:checking '/home/pao/桌面/ICRA2027_TELEOP/arm_teleop/install/linkerta' for CMake config files
[0.257s] Level 1:colcon.colcon_core.shell:create_environment_hook('linkerta', 'cmake_prefix_path')
[0.257s] INFO:colcon.colcon_core.shell:Creating environment hook '/home/pao/桌面/ICRA2027_TELEOP/arm_teleop/install/linkerta/share/linkerta/hook/cmake_prefix_path.ps1'
[0.258s] INFO:colcon.colcon_core.shell:Creating environment descriptor '/home/pao/桌面/ICRA2027_TELEOP/arm_teleop/install/linkerta/share/linkerta/hook/cmake_prefix_path.dsv'
[0.258s] INFO:colcon.colcon_core.shell:Creating environment hook '/home/pao/桌面/ICRA2027_TELEOP/arm_teleop/install/linkerta/share/linkerta/hook/cmake_prefix_path.sh'
[0.259s] Level 1:colcon.colcon_core.environment:checking '/home/pao/桌面/ICRA2027_TELEOP/arm_teleop/install/linkerta/lib'
[0.259s] Level 1:colcon.colcon_core.environment:checking '/home/pao/桌面/ICRA2027_TELEOP/arm_teleop/install/linkerta/bin'
[0.259s] Level 1:colcon.colcon_core.environment:checking '/home/pao/桌面/ICRA2027_TELEOP/arm_teleop/install/linkerta/lib/pkgconfig/linkerta.pc'
[0.259s] Level 1:colcon.colcon_core.environment:checking '/home/pao/桌面/ICRA2027_TELEOP/arm_teleop/install/linkerta/lib/python3.10/site-packages'
[0.259s] Level 1:colcon.colcon_core.environment:checking '/home/pao/桌面/ICRA2027_TELEOP/arm_teleop/install/linkerta/bin'
[0.259s] INFO:colcon.colcon_core.shell:Creating package script '/home/pao/桌面/ICRA2027_TELEOP/arm_teleop/install/linkerta/share/linkerta/package.ps1'
[0.260s] INFO:colcon.colcon_core.shell:Creating package descriptor '/home/pao/桌面/ICRA2027_TELEOP/arm_teleop/install/linkerta/share/linkerta/package.dsv'
[0.261s] INFO:colcon.colcon_core.shell:Creating package script '/home/pao/桌面/ICRA2027_TELEOP/arm_teleop/install/linkerta/share/linkerta/package.sh'
[0.261s] INFO:colcon.colcon_core.shell:Creating package script '/home/pao/桌面/ICRA2027_TELEOP/arm_teleop/install/linkerta/share/linkerta/package.bash'
[0.262s] INFO:colcon.colcon_core.shell:Creating package script '/home/pao/桌面/ICRA2027_TELEOP/arm_teleop/install/linkerta/share/linkerta/package.zsh'
[0.262s] Level 1:colcon.colcon_core.environment:create_file_with_runtime_dependencies(/home/pao/桌面/ICRA2027_TELEOP/arm_teleop/install/linkerta/share/colcon-core/packages/linkerta)
[0.273s] DEBUG:colcon.colcon_parallel_executor.executor.parallel:closing loop
[0.273s] DEBUG:colcon.colcon_parallel_executor.executor.parallel:loop closed
[0.273s] DEBUG:colcon.colcon_parallel_executor.executor.parallel:run_until_complete finished with '2'
[0.273s] DEBUG:colcon.colcon_core.event_reactor:joining thread
[0.279s] INFO:colcon.colcon_core.plugin_system:Skipping extension 'colcon_notification.desktop_notification.terminal_notifier': Not used on non-Darwin systems
[0.279s] INFO:colcon.colcon_core.plugin_system:Skipping extension 'colcon_notification.desktop_notification.win32': Not used on non-Windows systems
[0.279s] INFO:colcon.colcon_notification.desktop_notification:Sending desktop notification using 'notify2'
[0.295s] DEBUG:colcon.colcon_core.event_reactor:joined thread
[0.295s] INFO:colcon.colcon_core.shell:Creating prefix script '/home/pao/桌面/ICRA2027_TELEOP/arm_teleop/install/local_setup.ps1'
[0.296s] INFO:colcon.colcon_core.shell:Creating prefix util module '/home/pao/桌面/ICRA2027_TELEOP/arm_teleop/install/_local_setup_util_ps1.py'
[0.297s] INFO:colcon.colcon_core.shell:Creating prefix chain script '/home/pao/桌面/ICRA2027_TELEOP/arm_teleop/install/setup.ps1'
[0.298s] INFO:colcon.colcon_core.shell:Creating prefix script '/home/pao/桌面/ICRA2027_TELEOP/arm_teleop/install/local_setup.sh'
[0.298s] INFO:colcon.colcon_core.shell:Creating prefix util module '/home/pao/桌面/ICRA2027_TELEOP/arm_teleop/install/_local_setup_util_sh.py'
[0.299s] INFO:colcon.colcon_core.shell:Creating prefix chain script '/home/pao/桌面/ICRA2027_TELEOP/arm_teleop/install/setup.sh'
[0.299s] INFO:colcon.colcon_core.shell:Creating prefix script '/home/pao/桌面/ICRA2027_TELEOP/arm_teleop/install/local_setup.bash'
[0.299s] INFO:colcon.colcon_core.shell:Creating prefix chain script '/home/pao/桌面/ICRA2027_TELEOP/arm_teleop/install/setup.bash'
[0.300s] INFO:colcon.colcon_core.shell:Creating prefix script '/home/pao/桌面/ICRA2027_TELEOP/arm_teleop/install/local_setup.zsh'
[0.300s] INFO:colcon.colcon_core.shell:Creating prefix chain script '/home/pao/桌面/ICRA2027_TELEOP/arm_teleop/install/setup.zsh'
